Component: ARM Compiler 5.06 update 7 (build 960) Tool: armlink [4d3601]

==============================================================================

Section Cross References

    blinky.o(.text) refers to rt_cmsis.o(i.osKernelInitialize) for osKernelInitialize
    blinky.o(.text) refers to led_mcbstm32e.o(.text) for LED_Initialize
    blinky.o(.text) refers to buttons_mcbstm32e.o(.text) for Buttons_Initialize
    blinky.o(.text) refers to adc_mcbstm32e.o(.text) for ADC_Initialize
    blinky.o(.text) refers to thread_led.o(.text) for Init_Thread_LED
    blinky.o(.text) refers to thread_adc.o(.text) for Init_Thread_ADC
    blinky.o(.text) refers to rt_cmsis.o(i.osKernelStart) for osKernelStart
    blinky.o(.text) refers to rt_cmsis.o(i.osSignalSet) for osSignalSet
    blinky.o(.text) refers to rt_cmsis.o(i.osDelay) for osDelay
    blinky.o(.text) refers to thread_led.o(.data) for tid_Thread_LED
    blinky.o(.text) refers to blinky.o(.data) for .data
    thread_adc.o(.text) refers to rt_cmsis.o(i.osThreadCreate) for osThreadCreate
    thread_adc.o(.text) refers to adc_mcbstm32e.o(.text) for ADC_StartConversion
    thread_adc.o(.text) refers to rt_cmsis.o(i.osDelay) for osDelay
    thread_adc.o(.text) refers to thread_adc.o(.constdata) for .constdata
    thread_adc.o(.text) refers to thread_adc.o(.data) for .data
    thread_adc.o(.text) refers to blinky.o(.data) for delay_val
    thread_adc.o(.constdata) refers to thread_adc.o(.text) for Thread_ADC
    thread_led.o(.text) refers to rt_cmsis.o(i.osThreadCreate) for osThreadCreate
    thread_led.o(.text) refers to led_mcbstm32e.o(.text) for LED_GetCount
    thread_led.o(.text) refers to rt_cmsis.o(i.osSignalWait) for osSignalWait
    thread_led.o(.text) refers to thread_led.o(.constdata) for .constdata
    thread_led.o(.text) refers to thread_led.o(.data) for .data
    thread_led.o(.constdata) refers to thread_led.o(.text) for Thread_LED
    adc_mcbstm32e.o(.text) refers to adc_mcbstm32e.o(.data) for .data
    buttons_mcbstm32e.o(.text) refers to gpio_stm32f10x.o(.text) for GPIO_PortClock
    led_mcbstm32e.o(.text) refers to gpio_stm32f10x.o(.text) for GPIO_PortClock
    led_mcbstm32e.o(.text) refers to led_mcbstm32e.o(.constdata) for .constdata
    rtx_conf_cm.o(.emb_text) refers to rt_cmsis.o(i.osKernelInitialize) for osKernelInitialize
    rtx_conf_cm.o(.emb_text) refers to rt_cmsis.o(i.osThreadCreate) for osThreadCreate
    rtx_conf_cm.o(.emb_text) refers to rt_cmsis.o(i.osKernelStart) for osKernelStart
    rtx_conf_cm.o(.emb_text) refers to exit.o(.text) for exit
    rtx_conf_cm.o(.emb_text) refers to rtx_conf_cm.o(.constdata) for os_thread_def_main
    rtx_conf_cm.o(.text) refers to rt_task.o(i.rt_tsk_self) for rt_tsk_self
    rtx_conf_cm.o(.text) refers to rt_mutex.o(i.rt_mut_init) for rt_mut_init
    rtx_conf_cm.o(.text) refers to rt_cmsis.o(.data) for os_running
    rtx_conf_cm.o(.text) refers to rtx_conf_cm.o(.bss) for .bss
    rtx_conf_cm.o(.text) refers to libspace.o(.bss) for __libspace_start
    rtx_conf_cm.o(.text) refers to rtx_conf_cm.o(.data) for .data
    rtx_conf_cm.o(.text) refers to rt_mutex.o(i.rt_mut_wait) for rt_mut_wait
    rtx_conf_cm.o(.text) refers to rt_mutex.o(i.rt_mut_release) for rt_mut_release
    rtx_conf_cm.o(.constdata) refers to rt_cmsis.o(i.osTimerThread) for osTimerThread
    rtx_conf_cm.o(.constdata) refers to rtx_conf_cm.o(.bss) for os_messageQ_q_osTimerMessageQ
    rtx_conf_cm.o(.constdata) refers to blinky.o(.text) for main
    startup_stm32f10x_hd.o(STACK) refers (Special) to heapauxi.o(.text) for __use_two_region_memory
    startup_stm32f10x_hd.o(HEAP) refers (Special) to heapauxi.o(.text) for __use_two_region_memory
    startup_stm32f10x_hd.o(RESET) refers (Special) to heapauxi.o(.text) for __use_two_region_memory
    startup_stm32f10x_hd.o(RESET) refers to startup_stm32f10x_hd.o(STACK) for __initial_sp
    startup_stm32f10x_hd.o(RESET) refers to startup_stm32f10x_hd.o(.text) for Reset_Handler
    startup_stm32f10x_hd.o(RESET) refers to hal_cm3.o(.emb_text) for SVC_Handler
    startup_stm32f10x_hd.o(RESET) refers to adc_mcbstm32e.o(.text) for ADC1_2_IRQHandler
    startup_stm32f10x_hd.o(.text) refers (Special) to heapauxi.o(.text) for __use_two_region_memory
    startup_stm32f10x_hd.o(.text) refers to system_stm32f10x.o(.text) for SystemInit
    startup_stm32f10x_hd.o(.text) refers to __main.o(!!!main) for __main
    startup_stm32f10x_hd.o(.text) refers to startup_stm32f10x_hd.o(HEAP) for Heap_Mem
    startup_stm32f10x_hd.o(.text) refers to startup_stm32f10x_hd.o(STACK) for Stack_Mem
    system_stm32f10x.o(.text) refers to system_stm32f10x.o(.data) for .data
    rt_cmsis.o(i.isrMessageGet) refers to rt_mailbox.o(i.isr_mbx_receive) for isr_mbx_receive
    rt_cmsis.o(i.isrMessagePut) refers to rt_mailbox.o(i.rt_mbx_check) for rt_mbx_check
    rt_cmsis.o(i.isrMessagePut) refers to rt_mailbox.o(i.isr_mbx_send) for isr_mbx_send
    rt_cmsis.o(i.isrSemaphoreRelease) refers to rt_cmsis.o(i.rt_id2obj) for rt_id2obj
[...]
    ../clib/angel/kernel.s                   0x00000000   Number         0  rtexit2.o ABSOLUTE
    ../clib/angel/kernel.s                   0x00000000   Number         0  __rtentry4.o ABSOLUTE
    ../clib/angel/rt.s                       0x00000000   Number         0  rt_raise.o ABSOLUTE
    ../clib/angel/rt.s                       0x00000000   Number         0  aeabi_ldiv0.o ABSOLUTE
    ../clib/angel/rt.s                       0x00000000   Number         0  aeabi_ldiv0_sigfpe.o ABSOLUTE
    ../clib/angel/rt.s                       0x00000000   Number         0  rt_div0.o ABSOLUTE
    ../clib/angel/scatter.s                  0x00000000   Number         0  __scatter.o ABSOLUTE
    ../clib/angel/startup.s                  0x00000000   Number         0  __main.o ABSOLUTE
    ../clib/angel/sys.s                      0x00000000   Number         0  use_no_semi.o ABSOLUTE
    ../clib/angel/sys.s                      0x00000000   Number         0  libspace.o ABSOLUTE
    ../clib/angel/sys.s                      0x00000000   Number         0  indicate_semi.o ABSOLUTE
    ../clib/angel/sys.s                      0x00000000   Number         0  sys_stackheap_outer.o ABSOLUTE
    ../clib/angel/sysapp.c                   0x00000000   Number         0  sys_command.o ABSOLUTE
    ../clib/angel/sysapp.c                   0x00000000   Number         0  sys_wrch.o ABSOLUTE
    ../clib/angel/sysapp.c                   0x00000000   Number         0  sys_exit.o ABSOLUTE
    ../clib/armsys.c                         0x00000000   Number         0  no_argv.o ABSOLUTE
    ../clib/armsys.c                         0x00000000   Number         0  argv_veneer.o ABSOLUTE
    ../clib/armsys.c                         0x00000000   Number         0  argv_veneer.o ABSOLUTE
    ../clib/armsys.c                         0x00000000   Number         0  _get_argv_nomalloc.o ABSOLUTE
    ../clib/heapalloc.c                      0x00000000   Number         0  hrguard.o ABSOLUTE
    ../clib/heapaux.c                        0x00000000   Number         0  heapauxi.o ABSOLUTE
    ../clib/libinit.s                        0x00000000   Number         0  libinit2.o ABSOLUTE
    ../clib/libinit.s                        0x00000000   Number         0  libshutdown2.o ABSOLUTE
    ../clib/libinit.s                        0x00000000   Number         0  libinit.o ABSOLUTE
    ../clib/libinit.s                        0x00000000   Number         0  libshutdown.o ABSOLUTE
    ../clib/longlong.s                       0x00000000   Number         0  lludivv7m.o ABSOLUTE
    ../clib/signal.c                         0x00000000   Number         0  defsig_pvfn_inner.o ABSOLUTE
    ../clib/signal.c                         0x00000000   Number         0  defsig_stak_inner.o ABSOLUTE
    ../clib/signal.c                         0x00000000   Number         0  defsig_rtmem_outer.o ABSOLUTE
    ../clib/signal.c                         0x00000000   Number         0  defsig_rtmem_inner.o ABSOLUTE
    ../clib/signal.c                         0x00000000   Number         0  defsig_rtred_inner.o ABSOLUTE
    ../clib/signal.c                         0x00000000   Number         0  defsig_abrt_inner.o ABSOLUTE
    ../clib/signal.c                         0x00000000   Number         0  __raise.o ABSOLUTE
    ../clib/signal.c                         0x00000000   Number         0  defsig_general.o ABSOLUTE
    ../clib/signal.c                         0x00000000   Number         0  defsig_fpe_formal.o ABSOLUTE
    ../clib/signal.c                         0x00000000   Number         0  defsig_exit.o ABSOLUTE
    ../clib/signal.c                         0x00000000   Number         0  defsig_fpe_inner.o ABSOLUTE
    ../clib/signal.c                         0x00000000   Number         0  defsig_rtmem_formal.o ABSOLUTE
    ../clib/signal.c                         0x00000000   Number         0  defsig_other.o ABSOLUTE
    ../clib/signal.c                         0x00000000   Number         0  defsig_segv_inner.o ABSOLUTE
    ../clib/signal.c                         0x00000000   Number         0  defsig_cppl_inner.o ABSOLUTE
    ../clib/signal.c                         0x00000000   Number         0  defsig_fpe_outer.o ABSOLUTE
    ../clib/signal.s                         0x00000000   Number         0  defsig.o ABSOLUTE
    ../clib/stdlib.c                         0x00000000   Number         0  exit.o ABSOLUTE
    ../fplib/fpinit.s                        0x00000000   Number         0  fpinit.o ABSOLUTE
    ..\HAL_CM.c                              0x00000000   Number         0  hal_cm.o ABSOLUTE
    ..\\rt_CMSIS.c                           0x00000000   Number         0  rt_cmsis.o ABSOLUTE
    ..\\rt_System.c                          0x00000000   Number         0  rt_system.o ABSOLUTE
    ..\rt_CMSIS.c                            0x00000000   Number         0  rt_cmsis.o ABSOLUTE
    ..\rt_Event.c                            0x00000000   Number         0  rt_event.o ABSOLUTE
    ..\rt_List.c                             0x00000000   Number         0  rt_list.o ABSOLUTE
    ..\rt_Mailbox.c                          0x00000000   Number         0  rt_mailbox.o ABSOLUTE
    ..\rt_MemBox.c                           0x00000000   Number         0  rt_membox.o ABSOLUTE
    ..\rt_Memory.c                           0x00000000   Number         0  rt_memory.o ABSOLUTE
    ..\rt_Mutex.c                            0x00000000   Number         0  rt_mutex.o ABSOLUTE
    ..\rt_Robin.c                            0x00000000   Number         0  rt_robin.o ABSOLUTE
    ..\rt_Semaphore.c                        0x00000000   Number         0  rt_semaphore.o ABSOLUTE
    ..\rt_System.c                           0x00000000   Number         0  rt_system.o ABSOLUTE
    ..\rt_Task.c                             0x00000000   Number         0  rt_task.o ABSOLUTE
    ..\rt_Time.c                             0x00000000   Number         0  rt_time.o ABSOLUTE
    Blinky.c                                 0x00000000   Number         0  blinky.o ABSOLUTE
    Blinky.c                                 0x00000000   Number         0  blinky.o ABSOLUTE
    D:/Keil_MDK539/Arm/Packs/Keil/STM32F1xx_DFP/2.4.1/Boards/Keil/MCBSTM32E/Common/ADC_MCBSTM32E.c 0x00000000   Number         0  adc_mcbstm32e.o ABSOLUTE
    D:/Keil_MDK539/Arm/Packs/Keil/STM32F1xx_DFP/2.4.1/Boards/Keil/MCBSTM32E/Common/Buttons_MCBSTM32E.c 0x00000000   Number         0  buttons_mcbstm32e.o ABSOLUTE
    D:/Keil_MDK539/Arm/Packs/Keil/STM32F1xx_DFP/2.4.1/Boards/Keil/MCBSTM32E/Common/LED_MCBSTM32E.c 0x00000000   Number         0  led_mcbstm32e.o ABSOLUTE
    D:/Keil_MDK539/Arm/Packs/Keil/STM32F1xx_DFP/2.4.1/RTE_Driver/GPIO_STM32F10x.c 0x00000000   Number         0  gpio_stm32f10x.o ABSOLUTE
    D:\Keil_MDK539\Arm\Packs\Keil\STM32F1xx_DFP\2.4.1\Boards\Keil\MCBSTM32E\Common\ADC_MCBSTM32E.c 0x00000000   Number         0  adc_mcbstm32e.o ABSOLUTE
    D:\Keil_MDK539\Arm\Packs\Keil\STM32F1xx_DFP\2.4.1\Boards\Keil\MCBSTM32E\Common\Buttons_MCBSTM32E.c 0x00000000   Number         0  buttons_mcbstm32e.o ABSOLUTE
    D:\Keil_MDK539\Arm\Packs\Keil\STM32F1xx_DFP\2.4.1\Boards\Keil\MCBSTM32E\Common\LED_MCBSTM32E.c 0x00000000   Number         0  led_mcbstm32e.o ABSOLUTE
    D:\Keil_MDK539\Arm\Packs\Keil\STM32F1xx_DFP\2.4.1\RTE_Driver\GPIO_STM32F10x.c 0x00000000   Number         0  gpio_stm32f10x.o ABSOLUTE
    HAL_CM3.c                                0x00000000   Number         0  hal_cm3.o ABSOLUTE
    HAL_CM3.c                                0x00000000   Number         0  hal_cm3.o ABSOLUTE
    RTE/CMSIS/RTX_Conf_CM.c                  0x00000000   Number         0  rtx_conf_cm.o ABSOLUTE
    RTE/Device/STM32F103ZE/startup_stm32f10x_hd.s 0x00000000   Number         0  startup_stm32f10x_hd.o ABSOLUTE
    RTE/Device/STM32F103ZE/system_stm32f10x.c 0x00000000   Number         0  system_stm32f10x.o ABSOLUTE
    RTE\CMSIS\RTX_Conf_CM.c                  0x00000000   Number         0  rtx_conf_cm.o ABSOLUTE
    RTE\Device\STM32F103ZE\system_stm32f10x.c 0x00000000   Number         0  system_stm32f10x.o ABSOLUTE
    SVC_Table.s                              0x00000000   Number         0  svc_table.o ABSOLUTE
    Thread_ADC.c                             0x00000000   Number         0  thread_adc.o ABSOLUTE
    Thread_LED.c                             0x00000000   Number         0  thread_led.o ABSOLUTE
    dc.s                                     0x00000000   Number         0  dc.o ABSOLUTE
    RESET                                    0x08000000   Section      304  startup_stm32f10x_hd.o(RESET)
    !!!main                                  0x08000130   Section        8  __main.o(!!!main)
    !!!scatter                               0x08000138   Section       52  __scatter.o(!!!scatter)
    !!handler_copy                           0x0800016c   Section       26  __scatter_copy.o(!!handler_copy)
    !!handler_zi                             0x08000188   Section       28  __scatter_zi.o(!!handler_zi)
    .ARM.Collect$$libinit$$00000000          0x080001a4   Section        2  libinit.o(.ARM.Collect$$libinit$$00000000)
    .ARM.Collect$$libinit$$00000002          0x080001a6   Section        0  libinit2.o(.ARM.Collect$$libinit$$00000002)
    .ARM.Collect$$libinit$$00000004          0x080001a6   Section        0  libinit2.o(.ARM.Collect$$libinit$$00000004)
    .ARM.Collect$$libinit$$0000000A          0x080001a6   Section        0  libinit2.o(.ARM.Collect$$libinit$$0000000A)
    .ARM.Collect$$libinit$$0000000C          0x080001a6   Section        0  libinit2.o(.ARM.Collect$$libinit$$0000000C)
    .ARM.Collect$$libinit$$0000000E          0x080001a6   Section        0  libinit2.o(.ARM.Collect$$libinit$$0000000E)
    .ARM.Collect$$libinit$$00000011          0x080001a6   Section        0  libinit2.o(.ARM.Collect$$libinit$$00000011)
    .ARM.Collect$$libinit$$00000013          0x080001a6   Section        0  libinit2.o(.ARM.Collect$$libinit$$00000013)
    .ARM.Collect$$libinit$$00000015          0x080001a6   Section        0  libinit2.o(.ARM.Collect$$libinit$$00000015)
    .ARM.Collect$$libinit$$00000017          0x080001a6   Section        0  libinit2.o(.ARM.Collect$$libinit$$00000017)
    .ARM.Collect$$libinit$$00000019          0x080001a6   Section        0  libinit2.o(.ARM.Collect$$libinit$$00000019)
    .ARM.Collect$$libinit$$0000001B          0x080001a6   Section        0  libinit2.o(.ARM.Collect$$libinit$$0000001B)
    .ARM.Collect$$libinit$$0000001D          0x080001a6   Section        0  libinit2.o(.ARM.Collect$$libinit$$0000001D)
    .ARM.Collect$$libinit$$0000001F          0x080001a6   Section        0  libinit2.o(.ARM.Collect$$libinit$$0000001F)
    .ARM.Collect$$libinit$$00000021          0x080001a6   Section        0  libinit2.o(.ARM.Collect$$libinit$$00000021)
    .ARM.Collect$$libinit$$00000023          0x080001a6   Section        0  libinit2.o(.ARM.Collect$$libinit$$00000023)
    .ARM.Collect$$libinit$$00000025          0x080001a6   Section        0  libinit2.o(.ARM.Collect$$libinit$$00000025)
    .ARM.Collect$$libinit$$0000002C          0x080001a6   Section        0  libinit2.o(.ARM.Collect$$libinit$$0000002C)
    .ARM.Collect$$libinit$$0000002E          0x080001a6   Section        0  libinit2.o(.ARM.Collect$$libinit$$0000002E)
    .ARM.Collect$$libinit$$00000030          0x080001a6   Section        0  libinit2.o(.ARM.Collect$$libinit$$00000030)
    .ARM.Collect$$libinit$$00000032          0x080001a6   Section        0  libinit2.o(.ARM.Collect$$libinit$$00000032)
    .ARM.Collect$$libinit$$00000033          0x080001a6   Section        2  libinit2.o(.ARM.Collect$$libinit$$00000033)
    .ARM.Collect$$libshutdown$$00000000      0x080001a8   Section        2  libshutdown.o(.ARM.Collect$$libshutdown$$00000000)
    .ARM.Collect$$libshutdown$$00000002      0x080001aa   Section        0  libshutdown2.o(.ARM.Collect$$libshutdown$$00000002)
    .ARM.Collect$$libshutdown$$00000004      0x080001aa   Section        0  libshutdown2.o(.ARM.Collect$$libshutdown$$00000004)
    .ARM.Collect$$libshutdown$$00000006      0x080001aa   Section        0  libshutdown2.o(.ARM.Collect$$libshutdown$$00000006)
    .ARM.Collect$$libshutdown$$00000009      0x080001aa   Section        0  libshutdown2.o(.ARM.Collect$$libshutdown$$00000009)
    .ARM.Collect$$libshutdown$$0000000C      0x080001aa   Section        0  libshutdown2.o(.ARM.Collect$$libshutdown$$0000000C)
    .ARM.Collect$$libshutdown$$0000000E      0x080001aa   Section        0  libshutdown2.o(.ARM.Collect$$libshutdown$$0000000E)
    .ARM.Collect$$libshutdown$$00000011      0x080001aa   Section        0  libshutdown2.o(.ARM.Collect$$libshutdown$$00000011)
    .ARM.Collect$$libshutdown$$00000012      0x080001aa   Section        2  libshutdown2.o(.ARM.Collect$$libshutdown$$00000012)
    .ARM.Collect$$rtentry$$00000000          0x080001ac   Section        0  __rtentry.o(.ARM.Collect$$rtentry$$00000000)
    .ARM.Collect$$rtentry$$00000002          0x080001ac   Section        0  __rtentry2.o(.ARM.Collect$$rtentry$$00000002)
    .ARM.Collect$$rtentry$$00000004          0x080001ac   Section        6  __rtentry4.o(.ARM.Collect$$rtentry$$00000004)
    .ARM.Collect$$rtentry$$00000009          0x080001b2   Section        0  __rtentry2.o(.ARM.Collect$$rtentry$$00000009)
    .ARM.Collect$$rtentry$$0000000A          0x080001b2   Section        4  __rtentry2.o(.ARM.Collect$$rtentry$$0000000A)
    .ARM.Collect$$rtentry$$0000000B          0x080001b6   Section        8  __rtentry2.o(.ARM.Collect$$rtentry$$0000000B)
    .ARM.Collect$$rtentry$$0000000D          0x080001be   Section        8  __rtentry2.o(.ARM.Collect$$rtentry$$0000000D)
    .ARM.Collect$$rtexit$$00000000           0x080001c6   Section        2  rtexit.o(.ARM.Collect$$rtexit$$00000000)
    .ARM.Collect$$rtexit$$00000002           0x080001c8   Section        0  rtexit2.o(.ARM.Collect$$rtexit$$00000002)
    .ARM.Collect$$rtexit$$00000003           0x080001c8   Section        4  rtexit2.o(.ARM.Collect$$rtexit$$00000003)
    .ARM.Collect$$rtexit$$00000004           0x080001cc   Section        6  rtexit2.o(.ARM.Collect$$rtexit$$00000004)
    .emb_text                                0x080001d4   Section       28  rtx_conf_cm.o(.emb_text)
    .emb_text                                0x080001f0   Section      304  hal_cm3.o(.emb_text)
    .text                                    0x08000320   Section        0  blinky.o(.text)
    .text                                    0x08000360   Section        0  thread_adc.o(.text)
    .text                                    0x080003ac   Section        0  thread_led.o(.text)
    .text                                    0x08000400   Section        0  adc_mcbstm32e.o(.text)
    .text                                    0x080004f8   Section        0  buttons_mcbstm32e.o(.text)
    .text                                    0x08000584   Section        0  led_mcbstm32e.o(.text)
    .text                                    0x0800065c   Section        0  rtx_conf_cm.o(.text)
    __tagsym$$used                           0x080006a3   Number         0  rtx_conf_cm.o(.text)
    __tagsym$$used                           0x080006b9   Number         0  rtx_conf_cm.o(.text)
    .text                                    0x080006e8   Section        0  gpio_stm32f10x.o(.text)
    .text                                    0x080008e4   Section       64  startup_stm32f10x_hd.o(.text)
    .text                                    0x08000924   Section        0  system_stm32f10x.o(.text)
    SetSysClockTo72                          0x08000925   Thumb Code   160  system_stm32f10x.o(.text)
    .text                                    0x08000a78   Section        8  libspace.o(.text)
    .text                                    0x08000a80   Section        0  exit.o(.text)
    .text                                    0x08000a92   Section        0  heapauxi.o(.text)
    .text                                    0x08000a98   Section        0  sys_exit.o(.text)
    .text                                    0x08000aa4   Section       74  sys_stackheap_outer.o(.text)
    .text                                    0x08000aee   Section        2  use_no_semi.o(.text)
    .text                                    0x08000af0   Section        0  indicate_semi.o(.text)
    SVC_TABLE                                0x08000af0   Section        4  svc_table.o(SVC_TABLE)
    i._init_box                              0x08000af4   Section        0  rt_membox.o(i._init_box)
    i.dbg_init                               0x08000b3c   Section        0  hal_cm.o(i.dbg_init)
    i.dbg_task_notify                        0x08000b6c   Section        0  hal_cm.o(i.dbg_task_notify)
    i.dbg_task_switch                        0x08000b8c   Section        0  hal_cm.o(i.dbg_task_switch)
    i.isrMessageGet                          0x08000b9c   Section        0  rt_cmsis.o(i.isrMessageGet)
    i.isrMessagePut                          0x08000bc6   Section        0  rt_cmsis.o(i.isrMessagePut)
    i.isrSignalSet                           0x08000bf2   Section        0  rt_cmsis.o(i.isrSignalSet)
    i.isr_evt_set                            0x08000c18   Section        0  rt_event.o(i.isr_evt_set)
    i.isr_mbx_receive                        0x08000c40   Section        0  rt_mailbox.o(i.isr_mbx_receive)
    i.isr_mbx_send                           0x08000c96   Section        0  rt_mailbox.o(i.isr_mbx_send)
    i.osDelay                                0x08000ca4   Section        0  rt_cmsis.o(i.osDelay)
    i.osKernelInitialize                     0x08000cbc   Section        0  rt_cmsis.o(i.osKernelInitialize)
    i.osKernelStart                          0x08000ce0   Section        0  rt_cmsis.o(i.osKernelStart)
    i.osMessageGet                           0x08000d4c   Section        0  rt_cmsis.o(i.osMessageGet)
    i.osSignalSet                            0x08000d64   Section        0  rt_cmsis.o(i.osSignalSet)
    i.osSignalWait                           0x08000d7c   Section        0  rt_cmsis.o(i.osSignalWait)
    i.osThreadCreate                         0x08000d94   Section        0  rt_cmsis.o(i.osThreadCreate)
    i.osThreadExit                           0x08000dc0   Section        0  rt_cmsis.o(i.osThreadExit)
    i.osTimerCall                            0x08000dd8   Section        0  rt_cmsis.o(i.osTimerCall)
    i.osTimerThread                          0x08000de4   Section        0  rt_cmsis.o(i.osTimerThread)
    i.os_tick_init                           0x08000e10   Section        0  rt_system.o(i.os_tick_init)
    i.os_tick_irqack                         0x08000e38   Section        0  rt_system.o(i.os_tick_irqack)
    i.rt_alloc_box                           0x08000e3a   Section        0  rt_membox.o(i.rt_alloc_box)
    i.rt_alloc_mem                           0x08000e54   Section        0  rt_memory.o(i.rt_alloc_mem)
    i.rt_block                               0x08000e94   Section        0  rt_task.o(i.rt_block)
    i.rt_chk_robin                           0x08000ecc   Section        0  rt_robin.o(i.rt_chk_robin)
    i.rt_dec_dly                             0x08000f14   Section        0  rt_list.o(i.rt_dec_dly)
    i.rt_dispatch                            0x08000f84   Section        0  rt_task.o(i.rt_dispatch)
    i.rt_dly_wait                            0x08000fc8   Section        0  rt_time.o(i.rt_dly_wait)
    i.rt_evt_psh                             0x08000fd0   Section        0  rt_event.o(i.rt_evt_psh)
    i.rt_evt_set                             0x08001020   Section        0  rt_event.o(i.rt_evt_set)
    i.rt_evt_wait                            0x0800107c   Section        0  rt_event.o(i.rt_evt_wait)
    i.rt_free_box                            0x080010b8   Section        0  rt_membox.o(i.rt_free_box)
    i.rt_free_mem                            0x080010e4   Section        0  rt_memory.o(i.rt_free_mem)
    i.rt_get_first                           0x0800110c   Section        0  rt_list.o(i.rt_get_first)
    i.rt_id2obj                              0x08001134   Section        0  rt_cmsis.o(i.rt_id2obj)
    rt_id2obj                                0x08001135   Thumb Code     8  rt_cmsis.o(i.rt_id2obj)
    i.rt_init_context                        0x0800113c   Section        0  rt_task.o(i.rt_init_context)
    rt_init_context                          0x0800113d   Thumb Code    66  rt_task.o(i.rt_init_context)
    i.rt_init_mem                            0x08001184   Section        0  rt_memory.o(i.rt_init_mem)
    i.rt_init_robin                          0x080011a0   Section        0  rt_robin.o(i.rt_init_robin)
    i.rt_init_stack                          0x080011b8   Section        0  hal_cm.o(i.rt_init_stack)
    i.rt_mbx_check                           0x08001238   Section        0  rt_mailbox.o(i.rt_mbx_check)
    i.rt_mbx_init                            0x08001240   Section        0  rt_mailbox.o(i.rt_mbx_init)
    i.rt_mbx_psh                             0x0800125c   Section        0  rt_mailbox.o(i.rt_mbx_psh)
    i.rt_mbx_wait                            0x0800134c   Section        0  rt_mailbox.o(i.rt_mbx_wait)
    i.rt_ms2tick                             0x08001400   Section        0  rt_cmsis.o(i.rt_ms2tick)
    rt_ms2tick                               0x08001401   Thumb Code    58  rt_cmsis.o(i.rt_ms2tick)
    i.rt_mut_init                            0x08001444   Section        0  rt_mutex.o(i.rt_mut_init)
    i.rt_mut_release                         0x08001454   Section        0  rt_mutex.o(i.rt_mut_release)
    i.rt_mut_wait                            0x0800152c   Section        0  rt_mutex.o(i.rt_mut_wait)
    i.rt_pop_req                             0x080015a4   Section        0  rt_system.o(i.rt_pop_req)
    i.rt_psh_req                             0x08001620   Section        0  rt_system.o(i.rt_psh_req)
    i.rt_psq_enq                             0x08001640   Section        0  rt_list.o(i.rt_psq_enq)
    i.rt_put_dly                             0x0800169c   Section        0  rt_list.o(i.rt_put_dly)
    i.rt_put_prio                            0x080016e4   Section        0  rt_list.o(i.rt_put_prio)
    i.rt_put_rdy_first                       0x0800171c   Section        0  rt_list.o(i.rt_put_rdy_first)
    i.rt_resort_prio                         0x08001730   Section        0  rt_list.o(i.rt_resort_prio)
    i.rt_ret_val                             0x08001764   Section        0  hal_cm.o(i.rt_ret_val)
    i.rt_ret_val2                            0x0800176a   Section        0  hal_cm.o(i.rt_ret_val2)
    i.rt_rmv_dly                             0x08001772   Section        0  rt_list.o(i.rt_rmv_dly)
    i.rt_rmv_list                            0x0800179c   Section        0  rt_list.o(i.rt_rmv_list)
    i.rt_sem_psh                             0x080017cc   Section        0  rt_semaphore.o(i.rt_sem_psh)
    i.rt_stk_check                           0x08001800   Section        0  rt_system.o(i.rt_stk_check)
    i.rt_switch_req                          0x08001824   Section        0  rt_task.o(i.rt_switch_req)
    i.rt_sys_init                            0x0800184c   Section        0  rt_task.o(i.rt_sys_init)
    i.rt_sys_start                           0x08001918   Section        0  rt_task.o(i.rt_sys_start)
    i.rt_systick                             0x08001990   Section        0  rt_system.o(i.rt_systick)
    i.rt_tid2ptcb                            0x080019d0   Section        0  rt_cmsis.o(i.rt_tid2ptcb)
    rt_tid2ptcb                              0x080019d1   Thumb Code    18  rt_cmsis.o(i.rt_tid2ptcb)
    i.rt_timer_insert                        0x080019e4   Section        0  rt_cmsis.o(i.rt_timer_insert)
    rt_timer_insert                          0x080019e5   Thumb Code    48  rt_cmsis.o(i.rt_timer_insert)
    i.rt_tsk_create                          0x08001a18   Section        0  rt_task.o(i.rt_tsk_create)
    i.rt_tsk_delete                          0x08001aa0   Section        0  rt_task.o(i.rt_tsk_delete)
    i.rt_tsk_prio                            0x08001c1c   Section        0  rt_task.o(i.rt_tsk_prio)
    i.rt_tsk_self                            0x08001c98   Section        0  rt_task.o(i.rt_tsk_self)
    i.svcDelay                               0x08001ca8   Section        0  rt_cmsis.o(i.svcDelay)
    i.svcKernelInitialize                    0x08001cbc   Section        0  rt_cmsis.o(i.svcKernelInitialize)
    i.svcKernelStart                         0x08001d2c   Section        0  rt_cmsis.o(i.svcKernelStart)
    i.svcMessageCreate                       0x08001d74   Section        0  rt_cmsis.o(i.svcMessageCreate)
    i.svcMessageGet                          0x08001d98   Section        0  rt_cmsis.o(i.svcMessageGet)
    i.svcSignalSet                           0x08001dd2   Section        0  rt_cmsis.o(i.svcSignalSet)
    i.svcSignalWait                          0x08001df8   Section        0  rt_cmsis.o(i.svcSignalWait)
    i.svcThreadCreate                        0x08001e4c   Section        0  rt_cmsis.o(i.svcThreadCreate)
    i.svcThreadGetId                         0x08001eb8   Section        0  rt_cmsis.o(i.svcThreadGetId)
    i.svcThreadTerminate                     0x08001ed4   Section        0  rt_cmsis.o(i.svcThreadTerminate)
    i.svcTimerCall                           0x08001f0c   Section        0  rt_cmsis.o(i.svcTimerCall)
    i.sysTimerTick                           0x08001f24   Section        0  rt_cmsis.o(i.sysTimerTick)
    .constdata                               0x08001f80   Section       16  thread_adc.o(.constdata)
    .constdata                               0x08001f90   Section       16  thread_led.o(.constdata)
    .constdata                               0x08001fa0   Section       64  led_mcbstm32e.o(.constdata)
    .constdata                               0x08001fe0   Section        2  rtx_conf_cm.o(.constdata)
    .constdata                               0x08001fe4   Section        4  rtx_conf_cm.o(.constdata)
    .constdata                               0x08001fe8   Section        4  rtx_conf_cm.o(.constdata)
    .constdata                               0x08001fec   Section        4  rtx_conf_cm.o(.constdata)
    .constdata                               0x08001ff0   Section        1  rtx_conf_cm.o(.constdata)
    .constdata                               0x08001ff4   Section       16  rtx_conf_cm.o(.constdata)
    __tagsym$$used                           0x08001ff4   Number         0  rtx_conf_cm.o(.constdata)
    __tagsym$$used                           0x08001ff8   Number         0  rtx_conf_cm.o(.constdata)
    __tagsym$$used                           0x08001ffc   Number         0  rtx_conf_cm.o(.constdata)
    __tagsym$$used                           0x08002000   Number         0  rtx_conf_cm.o(.constdata)
    .constdata                               0x08002004   Section        2  rtx_conf_cm.o(.constdata)
    .constdata                               0x08002008   Section        4  rtx_conf_cm.o(.constdata)
    .constdata                               0x0800200c   Section        4  rtx_conf_cm.o(.constdata)
    .constdata                               0x08002010   Section        1  rtx_conf_cm.o(.constdata)
    .constdata                               0x08002014   Section       16  rtx_conf_cm.o(.constdata)
    .constdata                               0x08002024   Section        8  rtx_conf_cm.o(.constdata)
    .constdata                               0x0800202c   Section        2  rtx_conf_cm.o(.constdata)
    .constdata                               0x08002030   Section       16  rtx_conf_cm.o(.constdata)
    .data                                    0x20000000   Section        4  blinky.o(.data)
    .data                                    0x20000004   Section        4  thread_adc.o(.data)
    .data                                    0x20000008   Section        4  thread_led.o(.data)
    .data                                    0x2000000c   Section        4  adc_mcbstm32e.o(.data)
    AD_done                                  0x2000000c   Data           1  adc_mcbstm32e.o(.data)
    AD_last                                  0x2000000e   Data           2  adc_mcbstm32e.o(.data)
    .data                                    0x20000010   Section        4  rtx_conf_cm.o(.data)
    .data                                    0x20000014   Section        4  rtx_conf_cm.o(.data)
    .data                                    0x20000018   Section        4  rtx_conf_cm.o(.data)
    .data                                    0x2000001c   Section        4  rtx_conf_cm.o(.data)
    nr_mutex                                 0x2000001c   Data           4  rtx_conf_cm.o(.data)
    .data                                    0x20000020   Section       20  system_stm32f10x.o(.data)
    .data                                    0x20000034   Section        8  rt_cmsis.o(.data)
    .data                                    0x2000003c   Section        8  rt_task.o(.data)
    .data                                    0x20000044   Section        8  rt_system.o(.data)
    os_lock                                  0x20000044   Data           1  rt_system.o(.data)
    os_psh_flag                              0x20000045   Data           1  rt_system.o(.data)
    pend_flags                               0x20000046   Data           1  rt_system.o(.data)
    .data                                    0x2000004c   Section        4  rt_time.o(.data)
    .data                                    0x20000050   Section        8  rt_robin.o(.data)
    .data                                    0x20000058   Section        1  hal_cm.o(.data)
    .bss                                     0x2000005c   Section       32  rtx_conf_cm.o(.bss)
    .bss                                     0x2000007c   Section      376  rtx_conf_cm.o(.bss)
    .bss                                     0x200001f8   Section     1216  rtx_conf_cm.o(.bss)
    .bss                                     0x200006b8   Section      432  rtx_conf_cm.o(.bss)
    .bss                                     0x20000868   Section      132  rtx_conf_cm.o(.bss)
    .bss                                     0x200008ec   Section       28  rtx_conf_cm.o(.bss)
    .bss                                     0x20000908   Section      800  rtx_conf_cm.o(.bss)
    std_libspace                             0x20000908   Data         672  rtx_conf_cm.o(.bss)
    std_libmutex                             0x20000ba8   Data         128  rtx_conf_cm.o(.bss)
    .bss                                     0x20000c28   Section       52  rt_task.o(.bss)
    .bss                                     0x20000c5c   Section       48  rt_list.o(.bss)
    .bss                                     0x20000c8c   Section       96  libspace.o(.bss)
    HEAP                                     0x20000cf0   Section      512  startup_stm32f10x_hd.o(HEAP)
    Heap_Mem                                 0x20000cf0   Data         512  startup_stm32f10x_hd.o(HEAP)
    STACK                                    0x20000ef0   Section     1024  startup_stm32f10x_hd.o(STACK)
    Stack_Mem                                0x20000ef0   Data        1024  startup_stm32f10x_hd.o(STACK)
    __initial_sp                             0x200012f0   Data           0  startup_stm32f10x_hd.o(STACK)

    Global Symbols

    Symbol Name                              Value     Ov Type        Size  Object(Section)

    BuildAttributes$$THM_ISAv4$P$D$K$B$S$PE$A:L22UL41UL21$X:L11$S22US41US21$IEEE1$IW$USESV6$~STKCKD$USESV7$~SHL$OSPACE$ROPI$EBA8$UX$STANDARDLIB$REQ8$PRES8$EABIv2 0x00000000   Number         0  anon$$obj.o ABSOLUTE
    __ARM_use_no_argv                        0x00000000   Number         0  blinky.o ABSOLUTE
    __ARM_exceptions_init                     - Undefined Weak Reference
    __alloca_initialize                       - Undefined Weak Reference
    __arm_fini_                               - Undefined Weak Reference
    __arm_preinit_                            - Undefined Weak Reference
    __cpp_initialize__aeabi_                  - Undefined Weak Reference
    __cxa_finalize                            - Undefined Weak Reference
    __rt_locale                               - Undefined Weak Reference
    __sigvec_lookup                           - Undefined Weak Reference
    _atexit_init                              - Undefined Weak Reference
    _call_atexit_fns                          - Undefined Weak Reference
    _clock_init                               - Undefined Weak Reference
    _fp_trap_init                             - Undefined Weak Reference
    _fp_trap_shutdown                         - Undefined Weak Reference
    _get_lc_collate                           - Undefined Weak Reference
    _get_lc_ctype                             - Undefined Weak Reference
    _get_lc_monetary                          - Undefined Weak Reference
    _get_lc_numeric                           - Undefined Weak Reference
    _get_lc_time                              - Undefined Weak Reference
    _getenv_init                              - Undefined Weak Reference
    _handle_redirection                       - Undefined Weak Reference
    _init_alloc                               - Undefined Weak Reference
    _init_user_alloc                          - Undefined Weak Reference
    _initio                                   - Undefined Weak Reference
    _rand_init                                - Undefined Weak Reference
    _signal_finish                            - Undefined Weak Reference
    _signal_init                              - Undefined Weak Reference
    _terminate_alloc                          - Undefined Weak Reference
    _terminate_user_alloc                     - Undefined Weak Reference
    _terminateio                              - Undefined Weak Reference
    __Vectors_Size                           0x00000130   Number         0  startup_stm32f10x_hd.o ABSOLUTE
    __RL_RTX_VER                             0x00000482   Number         0  rt_system.o ABSOLUTE
    __Vectors                                0x08000000   Data           4  startup_stm32f10x_hd.o(RESET)
    __Vectors_End                            0x08000130   Data           0  startup_stm32f10x_hd.o(RESET)
    __main                                   0x08000131   Thumb Code     8  __main.o(!!!main)
    __scatterload                            0x08000139   Thumb Code     0  __scatter.o(!!!scatter)
    __scatterload_rt2                        0x08000139   Thumb Code    44  __scatter.o(!!!scatter)
    __scatterload_rt2_thumb_only             0x08000139   Thumb Code     0  __scatter.o(!!!scatter)
    __scatterload_null                       0x08000147   Thumb Code     0  __scatter.o(!!!scatter)
    __scatterload_copy                       0x0800016d   Thumb Code    26  __scatter_copy.o(!!handler_copy)
    __scatterload_zeroinit                   0x08000189   Thumb Code    28  __scatter_zi.o(!!handler_zi)
    __rt_lib_init                            0x080001a5   Thumb Code     0  libinit.o(.ARM.Collect$$libinit$$00000000)
    __rt_lib_init_alloca_1                   0x080001a7   Thumb Code     0  libinit2.o(.ARM.Collect$$libinit$$0000002E)
    __rt_lib_init_argv_1                     0x080001a7   Thumb Code     0  libinit2.o(.ARM.Collect$$libinit$$0000002C)
    __rt_lib_init_atexit_1                   0x080001a7   Thumb Code     0  libinit2.o(.ARM.Collect$$libinit$$0000001B)
    __rt_lib_init_clock_1                    0x080001a7   Thumb Code     0  libinit2.o(.ARM.Collect$$libinit$$00000021)
    __rt_lib_init_cpp_1                      0x080001a7   Thumb Code     0  libinit2.o(.ARM.Collect$$libinit$$00000032)
    __rt_lib_init_exceptions_1               0x080001a7   Thumb Code     0  libinit2.o(.ARM.Collect$$libinit$$00000030)
    __rt_lib_init_fp_1                       0x080001a7   Thumb Code     0  libinit2.o(.ARM.Collect$$libinit$$00000002)
    __rt_lib_init_fp_trap_1                  0x080001a7   Thumb Code     0  libinit2.o(.ARM.Collect$$libinit$$0000001F)
    __rt_lib_init_getenv_1                   0x080001a7   Thumb Code     0  libinit2.o(.ARM.Collect$$libinit$$00000023)
    __rt_lib_init_heap_1                     0x080001a7   Thumb Code     0  libinit2.o(.ARM.Collect$$libinit$$0000000A)
    __rt_lib_init_lc_collate_1               0x080001a7   Thumb Code     0  libinit2.o(.ARM.Collect$$libinit$$00000011)
    __rt_lib_init_lc_ctype_1                 0x080001a7   Thumb Code     0  libinit2.o(.ARM.Collect$$libinit$$00000013)
    __rt_lib_init_lc_monetary_1              0x080001a7   Thumb Code     0  libinit2.o(.ARM.Collect$$libinit$$00000015)
    __rt_lib_init_lc_numeric_1               0x080001a7   Thumb Code     0  libinit2.o(.ARM.Collect$$libinit$$00000017)
    __rt_lib_init_lc_time_1                  0x080001a7   Thumb Code     0  libinit2.o(.ARM.Collect$$libinit$$00000019)
    __rt_lib_init_preinit_1                  0x080001a7   Thumb Code     0  libinit2.o(.ARM.Collect$$libinit$$00000004)
    __rt_lib_init_rand_1                     0x080001a7   Thumb Code     0  libinit2.o(.ARM.Collect$$libinit$$0000000E)
    __rt_lib_init_return                     0x080001a7   Thumb Code     0  libinit2.o(.ARM.Collect$$libinit$$00000033)
    __rt_lib_init_signal_1                   0x080001a7   Thumb Code     0  libinit2.o(.ARM.Collect$$libinit$$0000001D)
    __rt_lib_init_stdio_1                    0x080001a7   Thumb Code     0  libinit2.o(.ARM.Collect$$libinit$$00000025)
    __rt_lib_init_user_alloc_1               0x080001a7   Thumb Code     0  libinit2.o(.ARM.Collect$$libinit$$0000000C)
    __rt_lib_shutdown                        0x080001a9   Thumb Code     0  libshutdown.o(.ARM.Collect$$libshutdown$$00000000)
    __rt_lib_shutdown_cpp_1                  0x080001ab   Thumb Code     0  libshutdown2.o(.ARM.Collect$$libshutdown$$00000004)
    __rt_lib_shutdown_fini_1                 0x080001ab   Thumb Code     0  libshutdown2.o(.ARM.Collect$$libshutdown$$00000002)
    __rt_lib_shutdown_fp_trap_1              0x080001ab   Thumb Code     0  libshutdown2.o(.ARM.Collect$$libshutdown$$00000009)
    __rt_lib_shutdown_heap_1                 0x080001ab   Thumb Code     0  libshutdown2.o(.ARM.Collect$$libshutdown$$00000011)
    __rt_lib_shutdown_return                 0x080001ab   Thumb Code     0  libshutdown2.o(.ARM.Collect$$libshutdown$$00000012)
    __rt_lib_shutdown_signal_1               0x080001ab   Thumb Code     0  libshutdown2.o(.ARM.Collect$$libshutdown$$0000000C)
    __rt_lib_shutdown_stdio_1                0x080001ab   Thumb Code     0  libshutdown2.o(.ARM.Collect$$libshutdown$$00000006)
    __rt_lib_shutdown_user_alloc_1           0x080001ab   Thumb Code     0  libshutdown2.o(.ARM.Collect$$libshutdown$$0000000E)
    __rt_entry                               0x080001ad   Thumb Code     0  __rtentry.o(.ARM.Collect$$rtentry$$00000000)
    __rt_entry_presh_1                       0x080001ad   Thumb Code     0  __rtentry2.o(.ARM.Collect$$rtentry$$00000002)
    __rt_entry_sh                            0x080001ad   Thumb Code     0  __rtentry4.o(.ARM.Collect$$rtentry$$00000004)
    __rt_entry_li                            0x080001b3   Thumb Code     0  __rtentry2.o(.ARM.Collect$$rtentry$$0000000A)
    __rt_entry_postsh_1                      0x080001b3   Thumb Code     0  __rtentry2.o(.ARM.Collect$$rtentry$$00000009)
    __rt_entry_postli_1                      0x080001b7   Thumb Code     0  __rtentry2.o(.ARM.Collect$$rtentry$$0000000B)
    __rt_entry_main                          0x080001bf   Thumb Code     0  __rtentry2.o(.ARM.Collect$$rtentry$$0000000D)
    __rt_exit                                0x080001c7   Thumb Code     0  rtexit.o(.ARM.Collect$$rtexit$$00000000)
    __rt_exit_ls                             0x080001c9   Thumb Code     0  rtexit2.o(.ARM.Collect$$rtexit$$00000003)
    __rt_exit_prels_1                        0x080001c9   Thumb Code     0  rtexit2.o(.ARM.Collect$$rtexit$$00000002)
    __rt_exit_exit                           0x080001cd   Thumb Code     0  rtexit2.o(.ARM.Collect$$rtexit$$00000004)
    _platform_post_lib_init                  0x080001d5   Thumb Code    24  rtx_conf_cm.o(.emb_text)
    rt_set_PSP                               0x080001f1   Thumb Code     6  hal_cm3.o(.emb_text)
    rt_get_PSP                               0x080001f7   Thumb Code     6  hal_cm3.o(.emb_text)
    os_set_env                               0x080001fd   Thumb Code    24  hal_cm3.o(.emb_text)
    _alloc_box                               0x08000219   Thumb Code    28  hal_cm3.o(.emb_text)
    _free_box                                0x08000239   Thumb Code    28  hal_cm3.o(.emb_text)
    SVC_Handler                              0x08000259   Thumb Code   108  hal_cm3.o(.emb_text)
    PendSV_Handler                           0x080002d1   Thumb Code    56  hal_cm3.o(.emb_text)
    SysTick_Handler                          0x0800030d   Thumb Code     8  hal_cm3.o(.emb_text)
    OS_Tick_Handler                          0x08000315   Thumb Code    12  hal_cm3.o(.emb_text)
    main                                     0x08000321   Thumb Code    56  blinky.o(.text)
    Init_Thread_ADC                          0x08000361   Thumb Code    26  thread_adc.o(.text)
    Thread_ADC                               0x0800037b   Thumb Code    36  thread_adc.o(.text)
    Init_Thread_LED                          0x080003ad   Thumb Code    26  thread_led.o(.text)
    Thread_LED                               0x080003c7   Thumb Code    48  thread_led.o(.text)
    ADC_Initialize                           0x08000401   Thumb Code   134  adc_mcbstm32e.o(.text)
    ADC_Uninitialize                         0x08000487   Thumb Code     4  adc_mcbstm32e.o(.text)
    ADC_StartConversion                      0x0800048b   Thumb Code    22  adc_mcbstm32e.o(.text)
    ADC_ConversionDone                       0x080004a1   Thumb Code    16  adc_mcbstm32e.o(.text)
    ADC_GetValue                             0x080004b1   Thumb Code    16  adc_mcbstm32e.o(.text)
    ADC_GetResolution                        0x080004c1   Thumb Code     4  adc_mcbstm32e.o(.text)
    ADC1_2_IRQHandler                        0x080004c5   Thumb Code    34  adc_mcbstm32e.o(.text)
    Buttons_Initialize                       0x080004f9   Thumb Code    72  buttons_mcbstm32e.o(.text)
    Buttons_Uninitialize                     0x08000541   Thumb Code     4  buttons_mcbstm32e.o(.text)
    Buttons_GetState                         0x08000545   Thumb Code    48  buttons_mcbstm32e.o(.text)
    Buttons_GetCount                         0x08000575   Thumb Code     4  buttons_mcbstm32e.o(.text)
    LED_Initialize                           0x08000585   Thumb Code    60  led_mcbstm32e.o(.text)
    LED_Uninitialize                         0x080005c1   Thumb Code    36  led_mcbstm32e.o(.text)
    LED_On                                   0x080005e5   Thumb Code    34  led_mcbstm32e.o(.text)
    LED_Off                                  0x08000607   Thumb Code    36  led_mcbstm32e.o(.text)
    LED_SetOut                               0x0800062b   Thumb Code    40  led_mcbstm32e.o(.text)
    LED_GetCount                             0x08000653   Thumb Code     4  led_mcbstm32e.o(.text)
    os_idle_demon                            0x0800065d   Thumb Code     2  rtx_conf_cm.o(.text)
    os_error                                 0x0800065f   Thumb Code     2  rtx_conf_cm.o(.text)
    __user_perthread_libspace                0x08000661   Thumb Code    32  rtx_conf_cm.o(.text)
    _mutex_initialize                        0x08000681   Thumb Code    34  rtx_conf_cm.o(.text)
    _mutex_acquire                           0x080006a3   Thumb Code    22  rtx_conf_cm.o(.text)
    _mutex_release                           0x080006b9   Thumb Code    18  rtx_conf_cm.o(.text)
    GPIO_PortClock                           0x080006e9   Thumb Code   194  gpio_stm32f10x.o(.text)
    GPIO_GetPortClockState                   0x080007ab   Thumb Code   104  gpio_stm32f10x.o(.text)
    GPIO_PinConfigure                        0x08000813   Thumb Code    98  gpio_stm32f10x.o(.text)
    GPIO_AFConfigure                         0x08000875   Thumb Code    76  gpio_stm32f10x.o(.text)
    Reset_Handler                            0x080008e5   Thumb Code     8  startup_stm32f10x_hd.o(.text)
    NMI_Handler                              0x080008ed   Thumb Code     2  startup_stm32f10x_hd.o(.text)
    HardFault_Handler                        0x080008ef   Thumb Code     2  startup_stm32f10x_hd.o(.text)
    MemManage_Handler                        0x080008f1   Thumb Code     2  startup_stm32f10x_hd.o(.text)
    BusFault_Handler                         0x080008f3   Thumb Code     2  startup_stm32f10x_hd.o(.text)
    UsageFault_Handler                       0x080008f5   Thumb Code     2  startup_stm32f10x_hd.o(.text)
    DebugMon_Handler                         0x080008f9   Thumb Code     2  startup_stm32f10x_hd.o(.text)
    ADC3_IRQHandler                          0x080008ff   Thumb Code     0  startup_stm32f10x_hd.o(.text)
    CAN1_RX1_IRQHandler                      0x080008ff   Thumb Code     0  startup_stm32f10x_hd.o(.text)
    CAN1_SCE_IRQHandler                      0x080008ff   Thumb Code     0  startup_stm32f10x_hd.o(.text)
    DMA1_Channel1_IRQHandler                 0x080008ff   Thumb Code     0  startup_stm32f10x_hd.o(.text)
    DMA1_Channel2_IRQHandler                 0x080008ff   Thumb Code     0  startup_stm32f10x_hd.o(.text)
    DMA1_Channel3_IRQHandler                 0x080008ff   Thumb Code     0  startup_stm32f10x_hd.o(.text)
    DMA1_Channel4_IRQHandler                 0x080008ff   Thumb Code     0  startup_stm32f10x_hd.o(.text)
    DMA1_Channel5_IRQHandler                 0x080008ff   Thumb Code     0  startup_stm32f10x_hd.o(.text)
    DMA1_Channel6_IRQHandler                 0x080008ff   Thumb Code     0  startup_stm32f10x_hd.o(.text)
    DMA1_Channel7_IRQHandler                 0x080008ff   Thumb Code     0  startup_stm32f10x_hd.o(.text)
    DMA2_Channel1_IRQHandler                 0x080008ff   Thumb Code     0  startup_stm32f10x_hd.o(.text)
    DMA2_Channel2_IRQHandler                 0x080008ff   Thumb Code     0  startup_stm32f10x_hd.o(.text)
    DMA2_Channel3_IRQHandler                 0x080008ff   Thumb Code     0  startup_stm32f10x_hd.o(.text)
    DMA2_Channel4_5_IRQHandler               0x080008ff   Thumb Code     0  startup_stm32f10x_hd.o(.text)
    EXTI0_IRQHandler                         0x080008ff   Thumb Code     0  startup_stm32f10x_hd.o(.text)
    EXTI15_10_IRQHandler                     0x080008ff   Thumb Code     0  startup_stm32f10x_hd.o(.text)
    EXTI1_IRQHandler                         0x080008ff   Thumb Code     0  startup_stm32f10x_hd.o(.text)
    EXTI2_IRQHandler                         0x080008ff   Thumb Code     0  startup_stm32f10x_hd.o(.text)
    EXTI3_IRQHandler                         0x080008ff   Thumb Code     0  startup_stm32f10x_hd.o(.text)
    EXTI4_IRQHandler                         0x080008ff   Thumb Code     0  startup_stm32f10x_hd.o(.text)
    EXTI9_5_IRQHandler                       0x080008ff   Thumb Code     0  startup_stm32f10x_hd.o(.text)
    FLASH_IRQHandler                         0x080008ff   Thumb Code     0  startup_stm32f10x_hd.o(.text)
    FSMC_IRQHandler                          0x080008ff   Thumb Code     0  startup_stm32f10x_hd.o(.text)
    I2C1_ER_IRQHandler                       0x080008ff   Thumb Code     0  startup_stm32f10x_hd.o(.text)
    I2C1_EV_IRQHandler                       0x080008ff   Thumb Code     0  startup_stm32f10x_hd.o(.text)
    I2C2_ER_IRQHandler                       0x080008ff   Thumb Code     0  startup_stm32f10x_hd.o(.text)
    I2C2_EV_IRQHandler                       0x080008ff   Thumb Code     0  startup_stm32f10x_hd.o(.text)
    PVD_IRQHandler                           0x080008ff   Thumb Code     0  startup_stm32f10x_hd.o(.text)
    RCC_IRQHandler                           0x080008ff   Thumb Code     0  startup_stm32f10x_hd.o(.text)
    RTCAlarm_IRQHandler                      0x080008ff   Thumb Code     0  startup_stm32f10x_hd.o(.text)
    RTC_IRQHandler                           0x080008ff   Thumb Code     0  startup_stm32f10x_hd.o(.text)
    SDIO_IRQHandler                          0x080008ff   Thumb Code     0  startup_stm32f10x_hd.o(.text)
    SPI1_IRQHandler                          0x080008ff   Thumb Code     0  startup_stm32f10x_hd.o(.text)
    SPI2_IRQHandler                          0x080008ff   Thumb Code     0  startup_stm32f10x_hd.o(.text)
    SPI3_IRQHandler                          0x080008ff   Thumb Code     0  startup_stm32f10x_hd.o(.text)
    TAMPER_IRQHandler                        0x080008ff   Thumb Code     0  startup_stm32f10x_hd.o(.text)
    TIM1_BRK_IRQHandler                      0x080008ff   Thumb Code     0  startup_stm32f10x_hd.o(.text)
    TIM1_CC_IRQHandler                       0x080008ff   Thumb Code     0  startup_stm32f10x_hd.o(.text)
    TIM1_TRG_COM_IRQHandler                  0x080008ff   Thumb Code     0  startup_stm32f10x_hd.o(.text)
    TIM1_UP_IRQHandler                       0x080008ff   Thumb Code     0  startup_stm32f10x_hd.o(.text)
    TIM2_IRQHandler                          0x080008ff   Thumb Code     0  startup_stm32f10x_hd.o(.text)
    TIM3_IRQHandler                          0x080008ff   Thumb Code     0  startup_stm32f10x_hd.o(.text)
    TIM4_IRQHandler                          0x080008ff   Thumb Code     0  startup_stm32f10x_hd.o(.text)
    TIM5_IRQHandler                          0x080008ff   Thumb Code     0  startup_stm32f10x_hd.o(.text)
    TIM6_IRQHandler                          0x080008ff   Thumb Code     0  startup_stm32f10x_hd.o(.text)
    TIM7_IRQHandler                          0x080008ff   Thumb Code     0  startup_stm32f10x_hd.o(.text)
    TIM8_BRK_IRQHandler                      0x080008ff   Thumb Code     0  startup_stm32f10x_hd.o(.text)
    TIM8_CC_IRQHandler                       0x080008ff   Thumb Code     0  startup_stm32f10x_hd.o(.text)
    TIM8_TRG_COM_IRQHandler                  0x080008ff   Thumb Code     0  startup_stm32f10x_hd.o(.text)
    TIM8_UP_IRQHandler                       0x080008ff   Thumb Code     0  startup_stm32f10x_hd.o(.text)
    UART4_IRQHandler                         0x080008ff   Thumb Code     0  startup_stm32f10x_hd.o(.text)
    UART5_IRQHandler                         0x080008ff   Thumb Code     0  startup_stm32f10x_hd.o(.text)
    USART1_IRQHandler                        0x080008ff   Thumb Code     0  startup_stm32f10x_hd.o(.text)
    USART2_IRQHandler                        0x080008ff   Thumb Code     0  startup_stm32f10x_hd.o(.text)
    USART3_IRQHandler                        0x080008ff   Thumb Code     0  startup_stm32f10x_hd.o(.text)
    USBWakeUp_IRQHandler                     0x080008ff   Thumb Code     0  startup_stm32f10x_hd.o(.text)
    USB_HP_CAN1_TX_IRQHandler                0x080008ff   Thumb Code     0  startup_stm32f10x_hd.o(.text)
    USB_LP_CAN1_RX0_IRQHandler               0x080008ff   Thumb Code     0  startup_stm32f10x_hd.o(.text)
    WWDG_IRQHandler                          0x080008ff   Thumb Code     0  startup_stm32f10x_hd.o(.text)
    __user_initial_stackheap                 0x08000901   Thumb Code     0  startup_stm32f10x_hd.o(.text)
    SystemInit                               0x080009c5   Thumb Code    64  system_stm32f10x.o(.text)
    SystemCoreClockUpdate                    0x08000a05   Thumb Code    84  system_stm32f10x.o(.text)
    __user_libspace                          0x08000a79   Thumb Code     8  libspace.o(.text)
    __user_perproc_libspace                  0x08000a79   Thumb Code     0  libspace.o(.text)
    exit                                     0x08000a81   Thumb Code    18  exit.o(.text)
    __use_two_region_memory                  0x08000a93   Thumb Code     2  heapauxi.o(.text)
    __rt_heap_escrow$2region                 0x08000a95   Thumb Code     2  heapauxi.o(.text)
    __rt_heap_expand$2region                 0x08000a97   Thumb Code     2  heapauxi.o(.text)
    _sys_exit                                0x08000a99   Thumb Code     8  sys_exit.o(.text)
    __user_setup_stackheap                   0x08000aa5   Thumb Code    74  sys_stackheap_outer.o(.text)
    __I$use$semihosting                      0x08000aef   Thumb Code     0  use_no_semi.o(.text)
    __use_no_semihosting_swi                 0x08000aef   Thumb Code     2  use_no_semi.o(.text)
    SVC_Count                                0x08000af0   Data           4  svc_table.o(SVC_TABLE)
    __semihosting_library_function           0x08000af1   Thumb Code     0  indicate_semi.o(.text)
    SVC_Table                                0x08000af4   Data           0  svc_table.o(SVC_TABLE)
    _init_box                                0x08000af5   Thumb Code    70  rt_membox.o(i._init_box)
    dbg_init                                 0x08000b3d   Thumb Code    34  hal_cm.o(i.dbg_init)
    dbg_task_notify                          0x08000b6d   Thumb Code    32  hal_cm.o(i.dbg_task_notify)
    dbg_task_switch                          0x08000b8d   Thumb Code    16  hal_cm.o(i.dbg_task_switch)
    isrMessageGet                            0x08000b9d   Thumb Code    42  rt_cmsis.o(i.isrMessageGet)
    isrMessagePut                            0x08000bc7   Thumb Code    44  rt_cmsis.o(i.isrMessagePut)
    isrSignalSet                             0x08000bf3   Thumb Code    36  rt_cmsis.o(i.isrSignalSet)
    isr_evt_set                              0x08000c19   Thumb Code    34  rt_event.o(i.isr_evt_set)
    isr_mbx_receive                          0x08000c41   Thumb Code    86  rt_mailbox.o(i.isr_mbx_receive)
    isr_mbx_send                             0x08000c97   Thumb Code    14  rt_mailbox.o(i.isr_mbx_send)
    osDelay                                  0x08000ca5   Thumb Code    18  rt_cmsis.o(i.osDelay)
    osKernelInitialize                       0x08000cbd   Thumb Code    30  rt_cmsis.o(i.osKernelInitialize)
    osKernelStart                            0x08000ce1   Thumb Code    98  rt_cmsis.o(i.osKernelStart)
    osMessageGet                             0x08000d4d   Thumb Code    18  rt_cmsis.o(i.osMessageGet)
    osSignalSet                              0x08000d65   Thumb Code    18  rt_cmsis.o(i.osSignalSet)
    osSignalWait                             0x08000d7d   Thumb Code    18  rt_cmsis.o(i.osSignalWait)
    osThreadCreate                           0x08000d95   Thumb Code    36  rt_cmsis.o(i.osThreadCreate)
    osThreadExit                             0x08000dc1   Thumb Code    14  rt_cmsis.o(i.osThreadExit)
    osTimerCall                              0x08000dd9   Thumb Code     8  rt_cmsis.o(i.osTimerCall)
    osTimerThread                            0x08000de5   Thumb Code    38  rt_cmsis.o(i.osTimerThread)
    os_tick_init                             0x08000e11   Thumb Code    32  rt_system.o(i.os_tick_init)
    os_tick_irqack                           0x08000e39   Thumb Code     2  rt_system.o(i.os_tick_irqack)
    rt_alloc_box                             0x08000e3b   Thumb Code    26  rt_membox.o(i.rt_alloc_box)
    rt_alloc_mem                             0x08000e55   Thumb Code    62  rt_memory.o(i.rt_alloc_mem)
    rt_block                                 0x08000e95   Thumb Code    48  rt_task.o(i.rt_block)
    rt_chk_robin                             0x08000ecd   Thumb Code    60  rt_robin.o(i.rt_chk_robin)
    rt_dec_dly                               0x08000f15   Thumb Code   102  rt_list.o(i.rt_dec_dly)
    rt_dispatch                              0x08000f85   Thumb Code    60  rt_task.o(i.rt_dispatch)
    rt_dly_wait                              0x08000fc9   Thumb Code     6  rt_time.o(i.rt_dly_wait)
    rt_evt_psh                               0x08000fd1   Thumb Code    76  rt_event.o(i.rt_evt_psh)
    rt_evt_set                               0x08001021   Thumb Code    88  rt_event.o(i.rt_evt_set)
    rt_evt_wait                              0x0800107d   Thumb Code    56  rt_event.o(i.rt_evt_wait)
    rt_free_box                              0x080010b9   Thumb Code    44  rt_membox.o(i.rt_free_box)
    rt_free_mem                              0x080010e5   Thumb Code    40  rt_memory.o(i.rt_free_mem)
    rt_get_first                             0x0800110d   Thumb Code    40  rt_list.o(i.rt_get_first)
    rt_init_mem                              0x08001185   Thumb Code    26  rt_memory.o(i.rt_init_mem)
    rt_init_robin                            0x080011a1   Thumb Code    14  rt_robin.o(i.rt_init_robin)
    rt_init_stack                            0x080011b9   Thumb Code   118  hal_cm.o(i.rt_init_stack)
    rt_mbx_check                             0x08001239   Thumb Code     8  rt_mailbox.o(i.rt_mbx_check)
    rt_mbx_init                              0x08001241   Thumb Code    26  rt_mailbox.o(i.rt_mbx_init)
    rt_mbx_psh                               0x0800125d   Thumb Code   236  rt_mailbox.o(i.rt_mbx_psh)
    rt_mbx_wait                              0x0800134d   Thumb Code   174  rt_mailbox.o(i.rt_mbx_wait)
    rt_mut_init                              0x08001445   Thumb Code    16  rt_mutex.o(i.rt_mut_init)
    rt_mut_release                           0x08001455   Thumb Code   208  rt_mutex.o(i.rt_mut_release)
    rt_mut_wait                              0x0800152d   Thumb Code   114  rt_mutex.o(i.rt_mut_wait)
    rt_pop_req                               0x080015a5   Thumb Code   112  rt_system.o(i.rt_pop_req)
    rt_psh_req                               0x08001621   Thumb Code    22  rt_system.o(i.rt_psh_req)
    rt_psq_enq                               0x08001641   Thumb Code    88  rt_list.o(i.rt_psq_enq)
    rt_put_dly                               0x0800169d   Thumb Code    68  rt_list.o(i.rt_put_dly)
    rt_put_prio                              0x080016e5   Thumb Code    54  rt_list.o(i.rt_put_prio)
    rt_put_rdy_first                         0x0800171d   Thumb Code    14  rt_list.o(i.rt_put_rdy_first)
    rt_resort_prio                           0x08001731   Thumb Code    46  rt_list.o(i.rt_resort_prio)
    rt_ret_val                               0x08001765   Thumb Code     6  hal_cm.o(i.rt_ret_val)
    rt_ret_val2                              0x0800176b   Thumb Code     8  hal_cm.o(i.rt_ret_val2)
    rt_rmv_dly                               0x08001773   Thumb Code    40  rt_list.o(i.rt_rmv_dly)
    rt_rmv_list                              0x0800179d   Thumb Code    44  rt_list.o(i.rt_rmv_list)
    rt_sem_psh                               0x080017cd   Thumb Code    48  rt_semaphore.o(i.rt_sem_psh)
    rt_stk_check                             0x08001801   Thumb Code    28  rt_system.o(i.rt_stk_check)
    rt_switch_req                            0x08001825   Thumb Code    30  rt_task.o(i.rt_switch_req)
    rt_sys_init                              0x0800184d   Thumb Code   138  rt_task.o(i.rt_sys_init)
    rt_sys_start                             0x08001919   Thumb Code   110  rt_task.o(i.rt_sys_start)
    rt_systick                               0x08001991   Thumb Code    50  rt_system.o(i.rt_systick)
    rt_tsk_create                            0x08001a19   Thumb Code   118  rt_task.o(i.rt_tsk_create)
    rt_tsk_delete                            0x08001aa1   Thumb Code   352  rt_task.o(i.rt_tsk_delete)
    rt_tsk_prio                              0x08001c1d   Thumb Code   108  rt_task.o(i.rt_tsk_prio)
    rt_tsk_self                              0x08001c99   Thumb Code    12  rt_task.o(i.rt_tsk_self)
    svcDelay                                 0x08001ca9   Thumb Code    18  rt_cmsis.o(i.svcDelay)
    svcKernelInitialize                      0x08001cbd   Thumb Code    80  rt_cmsis.o(i.svcKernelInitialize)
    svcKernelStart                           0x08001d2d   Thumb Code    62  rt_cmsis.o(i.svcKernelStart)
    svcMessageCreate                         0x08001d75   Thumb Code    36  rt_cmsis.o(i.svcMessageCreate)
    svcMessageGet                            0x08001d99   Thumb Code    58  rt_cmsis.o(i.svcMessageGet)
    svcSignalSet                             0x08001dd3   Thumb Code    36  rt_cmsis.o(i.svcSignalSet)
    svcSignalWait                            0x08001df9   Thumb Code    80  rt_cmsis.o(i.svcSignalWait)
    svcThreadCreate                          0x08001e4d   Thumb Code    96  rt_cmsis.o(i.svcThreadCreate)
    svcThreadGetId                           0x08001eb9   Thumb Code    22  rt_cmsis.o(i.svcThreadGetId)
    svcThreadTerminate                       0x08001ed5   Thumb Code    50  rt_cmsis.o(i.svcThreadTerminate)
    svcTimerCall                             0x08001f0d   Thumb Code    24  rt_cmsis.o(i.svcTimerCall)
    sysTimerTick                             0x08001f25   Thumb Code    84  rt_cmsis.o(i.sysTimerTick)
    os_thread_def_Thread_ADC                 0x08001f80   Data          16  thread_adc.o(.constdata)
    os_thread_def_Thread_LED                 0x08001f90   Data          16  thread_led.o(.constdata)
    Pin_LED                                  0x08001fa0   Data          64  led_mcbstm32e.o(.constdata)
    os_maxtaskrun                            0x08001fe0   Data           2  rtx_conf_cm.o(.constdata)
    os_stackinfo                             0x08001fe4   Data           4  rtx_conf_cm.o(.constdata)
    os_rrobin                                0x08001fe8   Data           4  rtx_conf_cm.o(.constdata)
    os_trv                                   0x08001fec   Data           4  rtx_conf_cm.o(.constdata)
    os_flags                                 0x08001ff0   Data           1  rtx_conf_cm.o(.constdata)
    CMSIS_RTOS_API_Version                   0x08001ff4   Data           4  rtx_conf_cm.o(.constdata)
    CMSIS_RTOS_RTX_Version                   0x08001ff8   Data           4  rtx_conf_cm.o(.constdata)
    os_clockrate                             0x08001ffc   Data           4  rtx_conf_cm.o(.constdata)
    os_timernum                              0x08002000   Data           4  rtx_conf_cm.o(.constdata)
    mp_tcb_size                              0x08002004   Data           2  rtx_conf_cm.o(.constdata)
    mp_stk_size                              0x08002008   Data           4  rtx_conf_cm.o(.constdata)
    os_stack_sz                              0x0800200c   Data           4  rtx_conf_cm.o(.constdata)
    os_fifo_size                             0x08002010   Data           1  rtx_conf_cm.o(.constdata)
    os_thread_def_osTimerThread              0x08002014   Data          16  rtx_conf_cm.o(.constdata)
    os_messageQ_def_osTimerMessageQ          0x08002024   Data           8  rtx_conf_cm.o(.constdata)
    mp_tmr_size                              0x0800202c   Data           2  rtx_conf_cm.o(.constdata)
    os_thread_def_main                       0x08002030   Data          16  rtx_conf_cm.o(.constdata)
    Region$$Table$$Base                      0x08002040   Number         0  anon$$obj.o(Region$$Table)
    Region$$Table$$Limit                     0x08002060   Number         0  anon$$obj.o(Region$$Table)
    delay_val                                0x20000000   Data           4  blinky.o(.data)
    tid_Thread_ADC                           0x20000004   Data           4  thread_adc.o(.data)
    tid_Thread_LED                           0x20000008   Data           4  thread_led.o(.data)
    m_tmr                                    0x20000010   Data           4  rtx_conf_cm.o(.data)
    osThreadId_osTimerThread                 0x20000014   Data           4  rtx_conf_cm.o(.data)
    osMessageQId_osTimerMessageQ             0x20000018   Data           4  rtx_conf_cm.o(.data)
    SystemCoreClock                          0x20000020   Data           4  system_stm32f10x.o(.data)
    AHBPrescTable                            0x20000024   Data          16  system_stm32f10x.o(.data)
    os_initialized                           0x20000034   Data           1  rt_cmsis.o(.data)
    os_running                               0x20000035   Data           1  rt_cmsis.o(.data)
    os_timer_head                            0x20000038   Data           4  rt_cmsis.o(.data)
    os_tsk                                   0x2000003c   Data           8  rt_task.o(.data)
    os_tick_irqn                             0x20000048   Data           4  rt_system.o(.data)
    os_time                                  0x2000004c   Data           4  rt_time.o(.data)
    os_robin                                 0x20000050   Data           8  rt_robin.o(.data)
    dbg_msg                                  0x20000058   Data           1  hal_cm.o(.data)
    os_messageQ_q_osTimerMessageQ            0x2000005c   Data          32  rtx_conf_cm.o(.bss)
    mp_tcb                                   0x2000007c   Data         376  rtx_conf_cm.o(.bss)
    mp_stk                                   0x200001f8   Data        1216  rtx_conf_cm.o(.bss)
    os_stack_mem                             0x200006b8   Data         432  rtx_conf_cm.o(.bss)
    os_fifo                                  0x20000868   Data         132  rtx_conf_cm.o(.bss)
    os_active_TCB                            0x200008ec   Data          28  rtx_conf_cm.o(.bss)
    os_idle_TCB                              0x20000c28   Data          52  rt_task.o(.bss)
    os_rdy                                   0x20000c5c   Data          24  rt_list.o(.bss)
    os_dly                                   0x20000c74   Data          24  rt_list.o(.bss)
    __libspace_start                         0x20000c8c   Data          96  libspace.o(.bss)
    __temporary_stack_top$libspace           0x20000cec   Data           0  libspace.o(.bss)



==============================================================================

Memory Map of the image

  Image Entry point : 0x08000131

  Load Region LR_IROM1 (Base: 0x08000000, Size: 0x000020bc, Max: 0x00080000, ABSOLUTE)

    Execution Region ER_IROM1 (Exec base: 0x08000000, Load base: 0x08000000, Size: 0x00002060, Max: 0x00080000, ABSOLUTE)

    Exec Addr    Load Addr    Size         Type   Attr      Idx    E Section Name        Object

    0x08000000   0x08000000   0x00000130   Data   RO          280    RESET               startup_stm32f10x_hd.o
    0x08000130   0x08000130   0x00000008   Code   RO         1537  * !!!main             c_w.l(__main.o)
    0x08000138   0x08000138   0x00000034   Code   RO         1700    !!!scatter          c_w.l(__scatter.o)
    0x0800016c   0x0800016c   0x0000001a   Code   RO         1702    !!handler_copy      c_w.l(__scatter_copy.o)
    0x08000186   0x08000186   0x00000002   PAD
    0x08000188   0x08000188   0x0000001c   Code   RO         1704    !!handler_zi        c_w.l(__scatter_zi.o)
    0x080001a4   0x080001a4   0x00000002   Code   RO         1584    .ARM.Collect$$libinit$$00000000  c_w.l(libinit.o)
    0x080001a6   0x080001a6   0x00000000   Code   RO         1596    .ARM.Collect$$libinit$$00000002  c_w.l(libinit2.o)
    0x080001a6   0x080001a6   0x00000000   Code   RO         1598    .ARM.Collect$$libinit$$00000004  c_w.l(libinit2.o)
    0x080001a6   0x080001a6   0x00000000   Code   RO         1601    .ARM.Collect$$libinit$$0000000A  c_w.l(libinit2.o)
    0x080001a6   0x080001a6   0x00000000   Code   RO         1603    .ARM.Collect$$libinit$$0000000C  c_w.l(libinit2.o)
    0x080001a6   0x080001a6   0x00000000   Code   RO         1605    .ARM.Collect$$libinit$$0000000E  c_w.l(libinit2.o)
    0x080001a6   0x080001a6   0x00000000   Code   RO         1608    .ARM.Collect$$libinit$$00000011  c_w.l(libinit2.o)
    0x080001a6   0x080001a6   0x00000000   Code   RO         1610    .ARM.Collect$$libinit$$00000013  c_w.l(libinit2.o)
    0x080001a6   0x080001a6   0x00000000   Code   RO         1612    .ARM.Collect$$libinit$$00000015  c_w.l(libinit2.o)
    0x080001a6   0x080001a6   0x00000000   Code   RO         1614    .ARM.Collect$$libinit$$00000017  c_w.l(libinit2.o)
    0x080001a6   0x080001a6   0x00000000   Code   RO         1616    .ARM.Collect$$libinit$$00000019  c_w.l(libinit2.o)
    0x080001a6   0x080001a6   0x00000000   Code   RO         1618    .ARM.Collect$$libinit$$0000001B  c_w.l(libinit2.o)
    0x080001a6   0x080001a6   0x00000000   Code   RO         1620    .ARM.Collect$$libinit$$0000001D  c_w.l(libinit2.o)
    0x080001a6   0x080001a6   0x00000000   Code   RO         1622    .ARM.Collect$$libinit$$0000001F  c_w.l(libinit2.o)
    0x080001a6   0x080001a6   0x00000000   Code   RO         1624    .ARM.Collect$$libinit$$00000021  c_w.l(libinit2.o)
    0x080001a6   0x080001a6   0x00000000   Code   RO         1626    .ARM.Collect$$libinit$$00000023  c_w.l(libinit2.o)
    0x080001a6   0x080001a6   0x00000000   Code   RO         1628    .ARM.Collect$$libinit$$00000025  c_w.l(libinit2.o)
    0x080001a6   0x080001a6   0x00000000   Code   RO         1632    .ARM.Collect$$libinit$$0000002C  c_w.l(libinit2.o)
    0x080001a6   0x080001a6   0x00000000   Code   RO         1634    .ARM.Collect$$libinit$$0000002E  c_w.l(libinit2.o)
    0x080001a6   0x080001a6   0x00000000   Code   RO         1636    .ARM.Collect$$libinit$$00000030  c_w.l(libinit2.o)
    0x080001a6   0x080001a6   0x00000000   Code   RO         1638    .ARM.Collect$$libinit$$00000032  c_w.l(libinit2.o)
    0x080001a6   0x080001a6   0x00000002   Code   RO         1639    .ARM.Collect$$libinit$$00000033  c_w.l(libinit2.o)
    0x080001a8   0x080001a8   0x00000002   Code   RO         1585    .ARM.Collect$$libshutdown$$00000000  c_w.l(libshutdown.o)
    0x080001aa   0x080001aa   0x00000000   Code   RO         1641    .ARM.Collect$$libshutdown$$00000002  c_w.l(libshutdown2.o)
    0x080001aa   0x080001aa   0x00000000   Code   RO         1643    .ARM.Collect$$libshutdown$$00000004  c_w.l(libshutdown2.o)
    0x080001aa   0x080001aa   0x00000000   Code   RO         1645    .ARM.Collect$$libshutdown$$00000006  c_w.l(libshutdown2.o)
    0x080001aa   0x080001aa   0x00000000   Code   RO         1648    .ARM.Collect$$libshutdown$$00000009  c_w.l(libshutdown2.o)
    0x080001aa   0x080001aa   0x00000000   Code   RO         1651    .ARM.Collect$$libshutdown$$0000000C  c_w.l(libshutdown2.o)
    0x080001aa   0x080001aa   0x00000000   Code   RO         1653    .ARM.Collect$$libshutdown$$0000000E  c_w.l(libshutdown2.o)
    0x080001aa   0x080001aa   0x00000000   Code   RO         1656    .ARM.Collect$$libshutdown$$00000011  c_w.l(libshutdown2.o)
    0x080001aa   0x080001aa   0x00000002   Code   RO         1657    .ARM.Collect$$libshutdown$$00000012  c_w.l(libshutdown2.o)
    0x080001ac   0x080001ac   0x00000000   Code   RO         1539    .ARM.Collect$$rtentry$$00000000  c_w.l(__rtentry.o)
    0x080001ac   0x080001ac   0x00000000   Code   RO         1547    .ARM.Collect$$rtentry$$00000002  c_w.l(__rtentry2.o)
    0x080001ac   0x080001ac   0x00000006   Code   RO         1559    .ARM.Collect$$rtentry$$00000004  c_w.l(__rtentry4.o)
    0x080001b2   0x080001b2   0x00000000   Code   RO         1549    .ARM.Collect$$rtentry$$00000009  c_w.l(__rtentry2.o)
    0x080001b2   0x080001b2   0x00000004   Code   RO         1550    .ARM.Collect$$rtentry$$0000000A  c_w.l(__rtentry2.o)
    0x080001b6   0x080001b6   0x00000008   Code   RO         1551    .ARM.Collect$$rtentry$$0000000B  c_w.l(__rtentry2.o)
    0x080001be   0x080001be   0x00000008   Code   RO         1553    .ARM.Collect$$rtentry$$0000000D  c_w.l(__rtentry2.o)
    0x080001c6   0x080001c6   0x00000002   Code   RO         1540    .ARM.Collect$$rtexit$$00000000  c_w.l(rtexit.o)
    0x080001c8   0x080001c8   0x00000000   Code   RO         1562    .ARM.Collect$$rtexit$$00000002  c_w.l(rtexit2.o)
    0x080001c8   0x080001c8   0x00000004   Code   RO         1563    .ARM.Collect$$rtexit$$00000003  c_w.l(rtexit2.o)
    0x080001cc   0x080001cc   0x00000006   Code   RO         1564    .ARM.Collect$$rtexit$$00000004  c_w.l(rtexit2.o)
    0x080001d2   0x080001d2   0x00000002   PAD
    0x080001d4   0x080001d4   0x0000001c   Code   RO          197    .emb_text           rtx_conf_cm.o
    0x080001f0   0x080001f0   0x00000130   Code   RO         1513    .emb_text           RTX_CM3.lib(hal_cm3.o)
    0x08000320   0x08000320   0x00000040   Code   RO            4    .text               blinky.o
    0x08000360   0x08000360   0x0000004c   Code   RO           74    .text               thread_adc.o
    0x080003ac   0x080003ac   0x00000054   Code   RO           91    .text               thread_led.o
    0x08000400   0x08000400   0x000000f8   Code   RO          110    .text               adc_mcbstm32e.o
    0x080004f8   0x080004f8   0x0000008c   Code   RO          140    .text               buttons_mcbstm32e.o
    0x08000584   0x08000584   0x000000d8   Code   RO          170    .text               led_mcbstm32e.o
    0x0800065c   0x0800065c   0x0000008c   Code   RO          198    .text               rtx_conf_cm.o
    0x080006e8   0x080006e8   0x000001fc   Code   RO          254    .text               gpio_stm32f10x.o
    0x080008e4   0x080008e4   0x00000040   Code   RO          281    .text               startup_stm32f10x_hd.o
    0x08000924   0x08000924   0x00000154   Code   RO          288    .text               system_stm32f10x.o
    0x08000a78   0x08000a78   0x00000008   Code   RO         1528    .text               c_w.l(libspace.o)
    0x08000a80   0x08000a80   0x00000012   Code   RO         1533    .text               c_w.l(exit.o)
    0x08000a92   0x08000a92   0x00000006   Code   RO         1535    .text               c_w.l(heapauxi.o)
    0x08000a98   0x08000a98   0x0000000c   Code   RO         1570    .text               c_w.l(sys_exit.o)
    0x08000aa4   0x08000aa4   0x0000004a   Code   RO         1572    .text               c_w.l(sys_stackheap_outer.o)
    0x08000aee   0x08000aee   0x00000002   Code   RO         1586    .text               c_w.l(use_no_semi.o)
    0x08000af0   0x08000af0   0x00000000   Code   RO         1588    .text               c_w.l(indicate_semi.o)
    0x08000af0   0x08000af0   0x00000004   Code   RO         1523    SVC_TABLE           RTX_CM3.lib(svc_table.o)
    0x08000af4   0x08000af4   0x00000046   Code   RO         1412    i._init_box         RTX_CM3.lib(rt_membox.o)
    0x08000b3a   0x08000b3a   0x00000002   PAD
    0x08000b3c   0x08000b3c   0x00000030   Code   RO         1465    i.dbg_init          RTX_CM3.lib(hal_cm.o)
    0x08000b6c   0x08000b6c   0x00000020   Code   RO         1466    i.dbg_task_notify   RTX_CM3.lib(hal_cm.o)
    0x08000b8c   0x08000b8c   0x00000010   Code   RO         1467    i.dbg_task_switch   RTX_CM3.lib(hal_cm.o)
    0x08000b9c   0x08000b9c   0x0000002a   Code   RO          318    i.isrMessageGet     RTX_CM3.lib(rt_cmsis.o)
    0x08000bc6   0x08000bc6   0x0000002c   Code   RO          319    i.isrMessagePut     RTX_CM3.lib(rt_cmsis.o)
    0x08000bf2   0x08000bf2   0x00000024   Code   RO          321    i.isrSignalSet      RTX_CM3.lib(rt_cmsis.o)
    0x08000c16   0x08000c16   0x00000002   PAD
    0x08000c18   0x08000c18   0x00000028   Code   RO         1149    i.isr_evt_set       RTX_CM3.lib(rt_event.o)
    0x08000c40   0x08000c40   0x00000056   Code   RO         1267    i.isr_mbx_receive   RTX_CM3.lib(rt_mailbox.o)
    0x08000c96   0x08000c96   0x0000000e   Code   RO         1268    i.isr_mbx_send      RTX_CM3.lib(rt_mailbox.o)
    0x08000ca4   0x08000ca4   0x00000018   Code   RO          322    i.osDelay           RTX_CM3.lib(rt_cmsis.o)
    0x08000cbc   0x08000cbc   0x00000024   Code   RO          323    i.osKernelInitialize  RTX_CM3.lib(rt_cmsis.o)
    0x08000ce0   0x08000ce0   0x0000006c   Code   RO          325    i.osKernelStart     RTX_CM3.lib(rt_cmsis.o)
    0x08000d4c   0x08000d4c   0x00000018   Code   RO          334    i.osMessageGet      RTX_CM3.lib(rt_cmsis.o)
    0x08000d64   0x08000d64   0x00000018   Code   RO          349    i.osSignalSet       RTX_CM3.lib(rt_cmsis.o)
    0x08000d7c   0x08000d7c   0x00000018   Code   RO          350    i.osSignalWait      RTX_CM3.lib(rt_cmsis.o)
    0x08000d94   0x08000d94   0x0000002c   Code   RO          351    i.osThreadCreate    RTX_CM3.lib(rt_cmsis.o)
    0x08000dc0   0x08000dc0   0x00000018   Code   RO          352    i.osThreadExit      RTX_CM3.lib(rt_cmsis.o)
    0x08000dd8   0x08000dd8   0x0000000c   Code   RO          358    i.osTimerCall       RTX_CM3.lib(rt_cmsis.o)
    0x08000de4   0x08000de4   0x0000002c   Code   RO          363    i.osTimerThread     RTX_CM3.lib(rt_cmsis.o)
    0x08000e10   0x08000e10   0x00000028   Code   RO         1059    i.os_tick_init      RTX_CM3.lib(rt_system.o)
    0x08000e38   0x08000e38   0x00000002   Code   RO         1060    i.os_tick_irqack    RTX_CM3.lib(rt_system.o)
    0x08000e3a   0x08000e3a   0x0000001a   Code   RO         1413    i.rt_alloc_box      RTX_CM3.lib(rt_membox.o)
    0x08000e54   0x08000e54   0x0000003e   Code   RO         1441    i.rt_alloc_mem      RTX_CM3.lib(rt_memory.o)
    0x08000e92   0x08000e92   0x00000002   PAD
    0x08000e94   0x08000e94   0x00000038   Code   RO          940    i.rt_block          RTX_CM3.lib(rt_task.o)
    0x08000ecc   0x08000ecc   0x00000048   Code   RO         1390    i.rt_chk_robin      RTX_CM3.lib(rt_robin.o)
    0x08000f14   0x08000f14   0x00000070   Code   RO         1191    i.rt_dec_dly        RTX_CM3.lib(rt_list.o)
    0x08000f84   0x08000f84   0x00000044   Code   RO          941    i.rt_dispatch       RTX_CM3.lib(rt_task.o)
    0x08000fc8   0x08000fc8   0x00000006   Code   RO         1357    i.rt_dly_wait       RTX_CM3.lib(rt_time.o)
    0x08000fce   0x08000fce   0x00000002   PAD
    0x08000fd0   0x08000fd0   0x00000050   Code   RO         1152    i.rt_evt_psh        RTX_CM3.lib(rt_event.o)
    0x08001020   0x08001020   0x0000005c   Code   RO         1153    i.rt_evt_set        RTX_CM3.lib(rt_event.o)
    0x0800107c   0x0800107c   0x0000003c   Code   RO         1154    i.rt_evt_wait       RTX_CM3.lib(rt_event.o)
    0x080010b8   0x080010b8   0x0000002c   Code   RO         1414    i.rt_free_box       RTX_CM3.lib(rt_membox.o)
    0x080010e4   0x080010e4   0x00000028   Code   RO         1442    i.rt_free_mem       RTX_CM3.lib(rt_memory.o)
    0x0800110c   0x0800110c   0x00000028   Code   RO         1192    i.rt_get_first      RTX_CM3.lib(rt_list.o)
    0x08001134   0x08001134   0x00000008   Code   RO          368    i.rt_id2obj         RTX_CM3.lib(rt_cmsis.o)
    0x0800113c   0x0800113c   0x00000048   Code   RO          942    i.rt_init_context   RTX_CM3.lib(rt_task.o)
    0x08001184   0x08001184   0x0000001a   Code   RO         1443    i.rt_init_mem       RTX_CM3.lib(rt_memory.o)
    0x0800119e   0x0800119e   0x00000002   PAD
    0x080011a0   0x080011a0   0x00000018   Code   RO         1391    i.rt_init_robin     RTX_CM3.lib(rt_robin.o)
    0x080011b8   0x080011b8   0x00000080   Code   RO         1468    i.rt_init_stack     RTX_CM3.lib(hal_cm.o)
    0x08001238   0x08001238   0x00000008   Code   RO         1269    i.rt_mbx_check      RTX_CM3.lib(rt_mailbox.o)
    0x08001240   0x08001240   0x0000001a   Code   RO         1270    i.rt_mbx_init       RTX_CM3.lib(rt_mailbox.o)
    0x0800125a   0x0800125a   0x00000002   PAD
    0x0800125c   0x0800125c   0x000000f0   Code   RO         1271    i.rt_mbx_psh        RTX_CM3.lib(rt_mailbox.o)
    0x0800134c   0x0800134c   0x000000b4   Code   RO         1273    i.rt_mbx_wait       RTX_CM3.lib(rt_mailbox.o)
    0x08001400   0x08001400   0x00000044   Code   RO          369    i.rt_ms2tick        RTX_CM3.lib(rt_cmsis.o)
    0x08001444   0x08001444   0x00000010   Code   RO         1025    i.rt_mut_init       RTX_CM3.lib(rt_mutex.o)
    0x08001454   0x08001454   0x000000d8   Code   RO         1026    i.rt_mut_release    RTX_CM3.lib(rt_mutex.o)
    0x0800152c   0x0800152c   0x00000078   Code   RO         1027    i.rt_mut_wait       RTX_CM3.lib(rt_mutex.o)
    0x080015a4   0x080015a4   0x0000007c   Code   RO         1063    i.rt_pop_req        RTX_CM3.lib(rt_system.o)
    0x08001620   0x08001620   0x00000020   Code   RO         1064    i.rt_psh_req        RTX_CM3.lib(rt_system.o)
    0x08001640   0x08001640   0x0000005c   Code   RO         1194    i.rt_psq_enq        RTX_CM3.lib(rt_list.o)
    0x0800169c   0x0800169c   0x00000048   Code   RO         1195    i.rt_put_dly        RTX_CM3.lib(rt_list.o)
    0x080016e4   0x080016e4   0x00000036   Code   RO         1196    i.rt_put_prio       RTX_CM3.lib(rt_list.o)
    0x0800171a   0x0800171a   0x00000002   PAD
    0x0800171c   0x0800171c   0x00000014   Code   RO         1197    i.rt_put_rdy_first  RTX_CM3.lib(rt_list.o)
    0x08001730   0x08001730   0x00000034   Code   RO         1198    i.rt_resort_prio    RTX_CM3.lib(rt_list.o)
    0x08001764   0x08001764   0x00000006   Code   RO         1469    i.rt_ret_val        RTX_CM3.lib(hal_cm.o)
    0x0800176a   0x0800176a   0x00000008   Code   RO         1470    i.rt_ret_val2       RTX_CM3.lib(hal_cm.o)
    0x08001772   0x08001772   0x00000028   Code   RO         1199    i.rt_rmv_dly        RTX_CM3.lib(rt_list.o)
    0x0800179a   0x0800179a   0x00000002   PAD
    0x0800179c   0x0800179c   0x00000030   Code   RO         1200    i.rt_rmv_list       RTX_CM3.lib(rt_list.o)
    0x080017cc   0x080017cc   0x00000034   Code   RO         1318    i.rt_sem_psh        RTX_CM3.lib(rt_semaphore.o)
    0x08001800   0x08001800   0x00000024   Code   RO         1066    i.rt_stk_check      RTX_CM3.lib(rt_system.o)
    0x08001824   0x08001824   0x00000028   Code   RO          943    i.rt_switch_req     RTX_CM3.lib(rt_task.o)
    0x0800184c   0x0800184c   0x000000cc   Code   RO          944    i.rt_sys_init       RTX_CM3.lib(rt_task.o)
    0x08001918   0x08001918   0x00000078   Code   RO          945    i.rt_sys_start      RTX_CM3.lib(rt_task.o)
    0x08001990   0x08001990   0x00000040   Code   RO         1068    i.rt_systick        RTX_CM3.lib(rt_system.o)
    0x080019d0   0x080019d0   0x00000012   Code   RO          370    i.rt_tid2ptcb       RTX_CM3.lib(rt_cmsis.o)
    0x080019e2   0x080019e2   0x00000002   PAD
    0x080019e4   0x080019e4   0x00000034   Code   RO          371    i.rt_timer_insert   RTX_CM3.lib(rt_cmsis.o)
    0x08001a18   0x08001a18   0x00000088   Code   RO          946    i.rt_tsk_create     RTX_CM3.lib(rt_task.o)
    0x08001aa0   0x08001aa0   0x0000017c   Code   RO          947    i.rt_tsk_delete     RTX_CM3.lib(rt_task.o)
    0x08001c1c   0x08001c1c   0x0000007c   Code   RO          949    i.rt_tsk_prio       RTX_CM3.lib(rt_task.o)
    0x08001c98   0x08001c98   0x00000010   Code   RO          950    i.rt_tsk_self       RTX_CM3.lib(rt_task.o)
    0x08001ca8   0x08001ca8   0x00000012   Code   RO          373    i.svcDelay          RTX_CM3.lib(rt_cmsis.o)
    0x08001cba   0x08001cba   0x00000002   PAD
    0x08001cbc   0x08001cbc   0x00000070   Code   RO          374    i.svcKernelInitialize  RTX_CM3.lib(rt_cmsis.o)
    0x08001d2c   0x08001d2c   0x00000048   Code   RO          376    i.svcKernelStart    RTX_CM3.lib(rt_cmsis.o)
    0x08001d74   0x08001d74   0x00000024   Code   RO          379    i.svcMessageCreate  RTX_CM3.lib(rt_cmsis.o)
    0x08001d98   0x08001d98   0x0000003a   Code   RO          380    i.svcMessageGet     RTX_CM3.lib(rt_cmsis.o)
    0x08001dd2   0x08001dd2   0x00000024   Code   RO          392    i.svcSignalSet      RTX_CM3.lib(rt_cmsis.o)
    0x08001df6   0x08001df6   0x00000002   PAD
    0x08001df8   0x08001df8   0x00000054   Code   RO          393    i.svcSignalWait     RTX_CM3.lib(rt_cmsis.o)
    0x08001e4c   0x08001e4c   0x0000006c   Code   RO          394    i.svcThreadCreate   RTX_CM3.lib(rt_cmsis.o)
    0x08001eb8   0x08001eb8   0x0000001c   Code   RO          395    i.svcThreadGetId    RTX_CM3.lib(rt_cmsis.o)
    0x08001ed4   0x08001ed4   0x00000038   Code   RO          398    i.svcThreadTerminate  RTX_CM3.lib(rt_cmsis.o)
    0x08001f0c   0x08001f0c   0x00000018   Code   RO          400    i.svcTimerCall      RTX_CM3.lib(rt_cmsis.o)
    0x08001f24   0x08001f24   0x0000005c   Code   RO          409    i.sysTimerTick      RTX_CM3.lib(rt_cmsis.o)
    0x08001f80   0x08001f80   0x00000010   Data   RO           75    .constdata          thread_adc.o
    0x08001f90   0x08001f90   0x00000010   Data   RO           92    .constdata          thread_led.o
    0x08001fa0   0x08001fa0   0x00000040   Data   RO          171    .constdata          led_mcbstm32e.o
    0x08001fe0   0x08001fe0   0x00000002   Data   RO          206    .constdata          rtx_conf_cm.o
    0x08001fe2   0x08001fe2   0x00000002   PAD
    0x08001fe4   0x08001fe4   0x00000004   Data   RO          207    .constdata          rtx_conf_cm.o
    0x08001fe8   0x08001fe8   0x00000004   Data   RO          208    .constdata          rtx_conf_cm.o
    0x08001fec   0x08001fec   0x00000004   Data   RO          212    .constdata          rtx_conf_cm.o
    0x08001ff0   0x08001ff0   0x00000001   Data   RO          213    .constdata          rtx_conf_cm.o
    0x08001ff1   0x08001ff1   0x00000003   PAD
    0x08001ff4   0x08001ff4   0x00000010   Data   RO          214    .constdata          rtx_conf_cm.o
    0x08002004   0x08002004   0x00000002   Data   RO          215    .constdata          rtx_conf_cm.o
    0x08002006   0x08002006   0x00000002   PAD
    0x08002008   0x08002008   0x00000004   Data   RO          216    .constdata          rtx_conf_cm.o
    0x0800200c   0x0800200c   0x00000004   Data   RO          217    .constdata          rtx_conf_cm.o
    0x08002010   0x08002010   0x00000001   Data   RO          218    .constdata          rtx_conf_cm.o
    0x08002011   0x08002011   0x00000003   PAD
    0x08002014   0x08002014   0x00000010   Data   RO          219    .constdata          rtx_conf_cm.o
    0x08002024   0x08002024   0x00000008   Data   RO          220    .constdata          rtx_conf_cm.o
    0x0800202c   0x0800202c   0x00000002   Data   RO          221    .constdata          rtx_conf_cm.o
    0x0800202e   0x0800202e   0x00000002   PAD
    0x08002030   0x08002030   0x00000010   Data   RO          222    .constdata          rtx_conf_cm.o
    0x08002040   0x08002040   0x00000020   Data   RO         1698    Region$$Table       anon$$obj.o


    Execution Region RW_IRAM1 (Exec base: 0x20000000, Load base: 0x08002060, Size: 0x000012f0, Max: 0x00010000, ABSOLUTE)

    Exec Addr    Load Addr    Size         Type   Attr      Idx    E Section Name        Object

    0x20000000   0x08002060   0x00000004   Data   RW            5    .data               blinky.o
    0x20000004   0x08002064   0x00000004   Data   RW           76    .data               thread_adc.o
    0x20000008   0x08002068   0x00000004   Data   RW           93    .data               thread_led.o
    0x2000000c   0x0800206c   0x00000004   Data   RW          111    .data               adc_mcbstm32e.o
    0x20000010   0x08002070   0x00000004   Data   RW          224    .data               rtx_conf_cm.o
    0x20000014   0x08002074   0x00000004   Data   RW          225    .data               rtx_conf_cm.o
    0x20000018   0x08002078   0x00000004   Data   RW          226    .data               rtx_conf_cm.o
    0x2000001c   0x0800207c   0x00000004   Data   RW          227    .data               rtx_conf_cm.o
    0x20000020   0x08002080   0x00000014   Data   RW          289    .data               system_stm32f10x.o
    0x20000034   0x08002094   0x00000008   Data   RW          412    .data               RTX_CM3.lib(rt_cmsis.o)
    0x2000003c   0x0800209c   0x00000008   Data   RW          952    .data               RTX_CM3.lib(rt_task.o)
    0x20000044   0x080020a4   0x00000008   Data   RW         1071    .data               RTX_CM3.lib(rt_system.o)
    0x2000004c   0x080020ac   0x00000004   Data   RW         1361    .data               RTX_CM3.lib(rt_time.o)
    0x20000050   0x080020b0   0x00000008   Data   RW         1392    .data               RTX_CM3.lib(rt_robin.o)
    0x20000058   0x080020b8   0x00000001   Data   RW         1471    .data               RTX_CM3.lib(hal_cm.o)
    0x20000059   0x080020b9   0x00000003   PAD
    0x2000005c        -       0x00000020   Zero   RW          199    .bss                rtx_conf_cm.o
    0x2000007c        -       0x00000178   Zero   RW          200    .bss                rtx_conf_cm.o
    0x200001f4   0x080020b9   0x00000004   PAD
    0x200001f8        -       0x000004c0   Zero   RW          201    .bss                rtx_conf_cm.o
    0x200006b8        -       0x000001b0   Zero   RW          202    .bss                rtx_conf_cm.o
    0x20000868        -       0x00000084   Zero   RW          203    .bss                rtx_conf_cm.o
    0x200008ec        -       0x0000001c   Zero   RW          204    .bss                rtx_conf_cm.o
    0x20000908        -       0x00000320   Zero   RW          205    .bss                rtx_conf_cm.o
    0x20000c28        -       0x00000034   Zero   RW          951    .bss                RTX_CM3.lib(rt_task.o)
    0x20000c5c        -       0x00000030   Zero   RW         1201    .bss                RTX_CM3.lib(rt_list.o)
    0x20000c8c        -       0x00000060   Zero   RW         1529    .bss                c_w.l(libspace.o)
    0x20000cec   0x080020b9   0x00000004   PAD
    0x20000cf0        -       0x00000200   Zero   RW          279    HEAP                startup_stm32f10x_hd.o
    0x20000ef0        -       0x00000400   Zero   RW          278    STACK               startup_stm32f10x_hd.o


==============================================================================

Image component sizes


      Code (inc. data)   RO Data    RW Data    ZI Data      Debug   Object Name

       248         18          0          4          0      27725   adc_mcbstm32e.o
        64          8          0          4          0     214706   blinky.o
       140         12          0          0          0       4288   buttons_mcbstm32e.o
       508         36          0          0          0       5603   gpio_stm32f10x.o
       216          6         64          0          0       5723   led_mcbstm32e.o
       168         36         84         16       3016       8749   rtx_conf_cm.o
        64         26        304          0       1536        820   startup_stm32f10x_hd.o
       340         32          0         20          0       1915   system_stm32f10x.o
        76         14         16          4          0       1387   thread_adc.o
        84         10         16          4          0       1399   thread_led.o

    ----------------------------------------------------------------------
      1908        198        528         52       4556     272315   Object Totals
         0          0         32          0          0          0   (incl. Generated)
         0          0         12          0          4          0   (incl. Padding)

    ----------------------------------------------------------------------

      Code (inc. data)   RO Data    RW Data    ZI Data      Debug   Library Member Name

       238         24          0          1          0       3244   hal_cm.o
       304         36          0          0          0        756   hal_cm3.o
      1356        160          0          8          0      36578   rt_cmsis.o
       272         18          0          0          0       2606   rt_event.o
       530         34          0          0         48       8157   rt_list.o
       554         10          0          0          0       3889   rt_mailbox.o
       140          0          0          0          0       1889   rt_membox.o
       128          0          0          0          0       2267   rt_memory.o
       352         14          0          0          0       2073   rt_mutex.o
        96         22          0          8          0       1134   rt_robin.o
        52          4          0          0          0        565   rt_semaphore.o
       298         52          0          8          0       6139   rt_system.o
      1216        174          0          8         52       9537   rt_task.o
         6          0          0          4          0        636   rt_time.o
         4          4          0          0          0        196   svc_table.o
         8          0          0          0          0         68   __main.o
         0          0          0          0          0          0   __rtentry.o
        20          0          0          0          0          0   __rtentry2.o
         6          0          0          0          0          0   __rtentry4.o
        52          8          0          0          0          0   __scatter.o
        26          0          0          0          0          0   __scatter_copy.o
        28          0          0          0          0          0   __scatter_zi.o
        18          0          0          0          0         80   exit.o
         6          0          0          0          0        152   heapauxi.o
         0          0          0          0          0          0   indicate_semi.o
         2          0          0          0          0          0   libinit.o
         2          0          0          0          0          0   libinit2.o
         2          0          0          0          0          0   libshutdown.o
         2          0          0          0          0          0   libshutdown2.o
         8          4          0          0         96         68   libspace.o
         2          0          0          0          0          0   rtexit.o
        10          0          0          0          0          0   rtexit2.o
        12          4          0          0          0         68   sys_exit.o
        74          0          0          0          0         80   sys_stackheap_outer.o
         2          0          0          0          0         68   use_no_semi.o

    ----------------------------------------------------------------------
      5852        568          0         40        200      80250   Library Totals
        26          0          0          3          4          0   (incl. Padding)

    ----------------------------------------------------------------------

      Code (inc. data)   RO Data    RW Data    ZI Data      Debug   Library Name

      5546        552          0         37        100      79666   RTX_CM3.lib
       280         16          0          0         96        584   c_w.l

    ----------------------------------------------------------------------
      5852        568          0         40        200      80250   Library Totals

    ----------------------------------------------------------------------

==============================================================================


      Code (inc. data)   RO Data    RW Data    ZI Data      Debug   

      7760        766        528         92       4756     347205   Grand Totals
      7760        766        528         92       4756     347205   ELF Image Totals
      7760        766        528         92          0          0   ROM Totals

==============================================================================

    Total RO  Size (Code + RO Data)                 8288 (   8.09kB)
    Total RW  Size (RW Data + ZI Data)              4848 (   4.73kB)
    Total ROM Size (Code + RO Data + RW Data)       8380 (   8.18kB)

==============================================================================

