Component: Arm Compiler for Embedded 6.21 Tool: armlink [5ec1fa00]

==============================================================================

Section Cross References

    startup_stm32f10x_hd.o(STACK) refers (Special) to heapauxi.o(.text) for __use_two_region_memory
    startup_stm32f10x_hd.o(HEAP) refers (Special) to heapauxi.o(.text) for __use_two_region_memory
    startup_stm32f10x_hd.o(RESET) refers (Special) to heapauxi.o(.text) for __use_two_region_memory
    startup_stm32f10x_hd.o(RESET) refers to startup_stm32f10x_hd.o(STACK) for __initial_sp
    startup_stm32f10x_hd.o(RESET) refers to startup_stm32f10x_hd.o(.text) for Reset_Handler
    startup_stm32f10x_hd.o(RESET) refers to hal_cm3.o(.emb_text) for SVC_Handler
    startup_stm32f10x_hd.o(RESET) refers to lto-llvm-52724d.o(.text.ADC1_2_IRQHandler) for ADC1_2_IRQHandler
    startup_stm32f10x_hd.o(.text) refers (Special) to heapauxi.o(.text) for __use_two_region_memory
    startup_stm32f10x_hd.o(.text) refers to lto-llvm-52724d.o(.text.SystemInit) for SystemInit
    startup_stm32f10x_hd.o(.text) refers to __main.o(!!!main) for __main
    startup_stm32f10x_hd.o(.text) refers to startup_stm32f10x_hd.o(HEAP) for Heap_Mem
    startup_stm32f10x_hd.o(.text) refers to startup_stm32f10x_hd.o(STACK) for Stack_Mem
    rt_cmsis.o(i.isrMessageGet) refers to rt_mailbox.o(i.isr_mbx_receive) for isr_mbx_receive
    rt_cmsis.o(i.isrMessagePut) refers to rt_mailbox.o(i.rt_mbx_check) for rt_mbx_check
    rt_cmsis.o(i.isrMessagePut) refers to rt_mailbox.o(i.isr_mbx_send) for isr_mbx_send
    rt_cmsis.o(i.isrSemaphoreRelease) refers to rt_cmsis.o(i.rt_id2obj) for rt_id2obj
    rt_cmsis.o(i.isrSemaphoreRelease) refers to rt_semaphore.o(i.isr_sem_send) for isr_sem_send
    rt_cmsis.o(i.isrSignalSet) refers to rt_cmsis.o(i.rt_tid2ptcb) for rt_tid2ptcb
    rt_cmsis.o(i.isrSignalSet) refers to rt_event.o(i.isr_evt_set) for isr_evt_set
    rt_cmsis.o(i.osDelay) refers to rt_cmsis.o(i.svcDelay) for svcDelay
    rt_cmsis.o(i.osKernelInitialize) refers to rt_cmsis.o(i.svcKernelInitialize) for svcKernelInitialize
    rt_cmsis.o(i.osKernelRunning) refers to rt_cmsis.o(i.svcKernelRunning) for svcKernelRunning
    rt_cmsis.o(i.osKernelRunning) refers to rt_cmsis.o(.data) for .data
    rt_cmsis.o(i.osKernelStart) refers to lto-llvm-52724d.o(.rodata.os_flags) for os_flags
    rt_cmsis.o(i.osKernelStart) refers to rt_cmsis.o(i.svcKernelStart) for svcKernelStart
    rt_cmsis.o(i.osKernelSysTick) refers to rt_cmsis.o(i.svcKernelSysTick) for svcKernelSysTick
    rt_cmsis.o(i.osMailAlloc) refers to rt_cmsis.o(i.sysMailAlloc) for sysMailAlloc
    rt_cmsis.o(i.osMailCAlloc) refers to rt_cmsis.o(i.sysMailAlloc) for sysMailAlloc
    rt_cmsis.o(i.osMailCAlloc) refers to rt_cmsis.o(i.rt_clr_box) for rt_clr_box
    rt_cmsis.o(i.osMailCreate) refers to rt_cmsis.o(i.svcMailCreate) for svcMailCreate
    rt_cmsis.o(i.osMailCreate) refers to rt_cmsis.o(.data) for .data
    rt_cmsis.o(i.osMailFree) refers to rt_cmsis.o(i.sysMailFree) for sysMailFree
    rt_cmsis.o(i.osMailGet) refers to rt_cmsis.o(i.osMessageGet) for osMessageGet
    rt_cmsis.o(i.osMailPut) refers to rt_cmsis.o(i.osMessagePut) for osMessagePut
    rt_cmsis.o(i.osMessageCreate) refers to rt_cmsis.o(i.svcMessageCreate) for svcMessageCreate
    rt_cmsis.o(i.osMessageCreate) refers to rt_cmsis.o(.data) for .data
    rt_cmsis.o(i.osMessageGet) refers to rt_cmsis.o(i.isrMessageGet) for isrMessageGet
    rt_cmsis.o(i.osMessageGet) refers to rt_cmsis.o(i.svcMessageGet) for svcMessageGet
    rt_cmsis.o(i.osMessagePut) refers to rt_cmsis.o(i.isrMessagePut) for isrMessagePut
    rt_cmsis.o(i.osMessagePut) refers to rt_cmsis.o(i.svcMessagePut) for svcMessagePut
    rt_cmsis.o(i.osMutexCreate) refers to rt_cmsis.o(i.svcMutexCreate) for svcMutexCreate
    rt_cmsis.o(i.osMutexCreate) refers to rt_cmsis.o(.data) for .data
    rt_cmsis.o(i.osMutexDelete) refers to rt_cmsis.o(i.svcMutexDelete) for svcMutexDelete
    rt_cmsis.o(i.osMutexRelease) refers to rt_cmsis.o(i.svcMutexRelease) for svcMutexRelease
    rt_cmsis.o(i.osMutexWait) refers to rt_cmsis.o(i.svcMutexWait) for svcMutexWait
    rt_cmsis.o(i.osPoolAlloc) refers to rt_cmsis.o(i.sysPoolAlloc) for sysPoolAlloc
    rt_cmsis.o(i.osPoolCAlloc) refers to rt_cmsis.o(i.rt_clr_box) for rt_clr_box
    rt_cmsis.o(i.osPoolCAlloc) refers to rt_cmsis.o(i.sysPoolAlloc) for sysPoolAlloc
    rt_cmsis.o(i.osPoolCreate) refers to rt_cmsis.o(i.svcPoolCreate) for svcPoolCreate
    rt_cmsis.o(i.osPoolCreate) refers to rt_cmsis.o(.data) for .data
    rt_cmsis.o(i.osPoolFree) refers to rt_cmsis.o(i.sysPoolFree) for sysPoolFree
    rt_cmsis.o(i.osSemaphoreCreate) refers to rt_cmsis.o(i.svcSemaphoreCreate) for svcSemaphoreCreate
    rt_cmsis.o(i.osSemaphoreCreate) refers to rt_cmsis.o(.data) for .data
    rt_cmsis.o(i.osSemaphoreDelete) refers to rt_cmsis.o(i.svcSemaphoreDelete) for svcSemaphoreDelete
    rt_cmsis.o(i.osSemaphoreRelease) refers to rt_cmsis.o(i.isrSemaphoreRelease) for isrSemaphoreRelease
[...]
    Removing rt_semaphore.o(i.rt_sem_send), (42 bytes).
    Removing rt_semaphore.o(i.rt_sem_wait), (64 bytes).
    Removing rt_time.o(i.rt_itv_set), (24 bytes).
    Removing rt_time.o(i.rt_itv_wait), (40 bytes).
    Removing rt_time.o(i.rt_time_get), (12 bytes).
    Removing rt_membox.o(i._calloc_box), (30 bytes).
    Removing lto-llvm-52724d.o(.text), (0 bytes).
    Removing lto-llvm-52724d.o(.ARM.exidx.text.main), (8 bytes).
    Removing lto-llvm-52724d.o(.ARM.exidx.text.Thread_ADC), (8 bytes).
    Removing lto-llvm-52724d.o(.ARM.exidx.text.Thread_LED), (8 bytes).
    Removing lto-llvm-52724d.o(.ARM.exidx.text.ADC1_2_IRQHandler), (8 bytes).
    Removing lto-llvm-52724d.o(.ARM.exidx.text._mutex_acquire), (8 bytes).
    Removing lto-llvm-52724d.o(.ARM.exidx.text._mutex_release), (8 bytes).
    Removing lto-llvm-52724d.o(.ARM.exidx.text.os_idle_demon), (8 bytes).
    Removing lto-llvm-52724d.o(.ARM.exidx.text.os_error), (8 bytes).
    Removing lto-llvm-52724d.o(.text.__user_perthread_libspace), (44 bytes).
    Removing lto-llvm-52724d.o(.ARM.exidx.text.__user_perthread_libspace), (8 bytes).
    Removing lto-llvm-52724d.o(.ARM.exidx.text.__osSignalWait), (8 bytes).
    Removing lto-llvm-52724d.o(.ARM.exidx.text._platform_post_lib_init), (8 bytes).
    Removing lto-llvm-52724d.o(.ARM.exidx.text.GPIO_PortClock), (8 bytes).
    Removing lto-llvm-52724d.o(.ARM.exidx.text.GPIO_PinConfigure), (8 bytes).
    Removing lto-llvm-52724d.o(.ARM.exidx.text.SystemInit), (8 bytes).
    Removing lto-llvm-52724d.o(.ARM.use_no_argv), (4 bytes).
    Removing lto-llvm-52724d.o(.bss.std_libspace), (672 bytes).

109 unused section(s) (total 4286 bytes) removed from the image.

==============================================================================

Image Symbol Table

    Local Symbols

    Symbol Name                              Value     Ov Type        Size  Object(Section)

    ../clib/angel/boardlib.s                 0x00000000   Number         0  boardinit1.o ABSOLUTE
    ../clib/angel/boardlib.s                 0x00000000   Number         0  boardinit2.o ABSOLUTE
    ../clib/angel/boardlib.s                 0x00000000   Number         0  boardshut.o ABSOLUTE
    ../clib/angel/handlers.s                 0x00000000   Number         0  __scatter_copy.o ABSOLUTE
    ../clib/angel/handlers.s                 0x00000000   Number         0  __scatter_zi.o ABSOLUTE
    ../clib/angel/kernel.s                   0x00000000   Number         0  __rtentry.o ABSOLUTE
    ../clib/angel/kernel.s                   0x00000000   Number         0  __rtentry2.o ABSOLUTE
    ../clib/angel/kernel.s                   0x00000000   Number         0  __rtentry4.o ABSOLUTE
    ../clib/angel/kernel.s                   0x00000000   Number         0  rtexit.o ABSOLUTE
    ../clib/angel/kernel.s                   0x00000000   Number         0  rtexit2.o ABSOLUTE
    ../clib/angel/rt.s                       0x00000000   Number         0  aeabi_ldiv0.o ABSOLUTE
    ../clib/angel/rt.s                       0x00000000   Number         0  aeabi_ldiv0_sigfpe.o ABSOLUTE
    ../clib/angel/rt.s                       0x00000000   Number         0  rt_div0.o ABSOLUTE
    ../clib/angel/rt.s                       0x00000000   Number         0  rt_raise.o ABSOLUTE
    ../clib/angel/scatter.s                  0x00000000   Number         0  __scatter.o ABSOLUTE
    ../clib/angel/startup.s                  0x00000000   Number         0  __main.o ABSOLUTE
    ../clib/angel/sys.s                      0x00000000   Number         0  libspace.o ABSOLUTE
    ../clib/angel/sys.s                      0x00000000   Number         0  sys_stackheap_outer.o ABSOLUTE
    ../clib/angel/sys.s                      0x00000000   Number         0  use_no_semi.o ABSOLUTE
    ../clib/angel/sys.s                      0x00000000   Number         0  indicate_semi.o ABSOLUTE
    ../clib/angel/sysapp.c                   0x00000000   Number         0  sys_exit.o ABSOLUTE
    ../clib/angel/sysapp.c                   0x00000000   Number         0  sys_exit_hlt.o ABSOLUTE
    ../clib/angel/sysapp.c                   0x00000000   Number         0  sys_wrch.o ABSOLUTE
    ../clib/angel/sysapp.c                   0x00000000   Number         0  sys_wrch_hlt.o ABSOLUTE
    ../clib/angel/sysapp.c                   0x00000000   Number         0  sys_command.o ABSOLUTE
    ../clib/angel/sysapp.c                   0x00000000   Number         0  sys_command_hlt.o ABSOLUTE
    ../clib/armsys.c                         0x00000000   Number         0  argv_veneer.o ABSOLUTE
    ../clib/armsys.c                         0x00000000   Number         0  argv_veneer.o ABSOLUTE
    ../clib/armsys.c                         0x00000000   Number         0  _get_argv_nomalloc.o ABSOLUTE
    ../clib/armsys.c                         0x00000000   Number         0  no_argv.o ABSOLUTE
    ../clib/heapalloc.c                      0x00000000   Number         0  hrguard.o ABSOLUTE
    ../clib/heapaux.c                        0x00000000   Number         0  heapauxi.o ABSOLUTE
    ../clib/libinit.s                        0x00000000   Number         0  libinit.o ABSOLUTE
    ../clib/libinit.s                        0x00000000   Number         0  libinit2.o ABSOLUTE
    ../clib/libinit.s                        0x00000000   Number         0  libshutdown.o ABSOLUTE
    ../clib/libinit.s                        0x00000000   Number         0  libshutdown2.o ABSOLUTE
    ../clib/longlong.s                       0x00000000   Number         0  lludivv7m.o ABSOLUTE
    ../clib/signal.c                         0x00000000   Number         0  defsig_fpe_outer.o ABSOLUTE
    ../clib/signal.c                         0x00000000   Number         0  defsig_fpe_formal.o ABSOLUTE
    ../clib/signal.c                         0x00000000   Number         0  defsig_exit.o ABSOLUTE
    ../clib/signal.c                         0x00000000   Number         0  defsig_fpe_inner.o ABSOLUTE
    ../clib/signal.c                         0x00000000   Number         0  __raise.o ABSOLUTE
    ../clib/signal.c                         0x00000000   Number         0  defsig_general.o ABSOLUTE
    ../clib/signal.c                         0x00000000   Number         0  defsig_abrt_inner.o ABSOLUTE
    ../clib/signal.c                         0x00000000   Number         0  defsig_rtred_inner.o ABSOLUTE
    ../clib/signal.c                         0x00000000   Number         0  defsig_rtmem_inner.o ABSOLUTE
    ../clib/signal.c                         0x00000000   Number         0  defsig_rtmem_outer.o ABSOLUTE
    ../clib/signal.c                         0x00000000   Number         0  defsig_rtmem_formal.o ABSOLUTE
    ../clib/signal.c                         0x00000000   Number         0  defsig_stak_inner.o ABSOLUTE
    ../clib/signal.c                         0x00000000   Number         0  defsig_pvfn_inner.o ABSOLUTE
    ../clib/signal.c                         0x00000000   Number         0  defsig_cppl_inner.o ABSOLUTE
    ../clib/signal.c                         0x00000000   Number         0  defsig_segv_inner.o ABSOLUTE
    ../clib/signal.c                         0x00000000   Number         0  defsig_other.o ABSOLUTE
    ../clib/signal.s                         0x00000000   Number         0  defsig.o ABSOLUTE
    ../clib/stdlib.c                         0x00000000   Number         0  exit.o ABSOLUTE
    ../fplib/fpinit.s                        0x00000000   Number         0  fpinit.o ABSOLUTE
    ../fplib/fpinit_empty.s                  0x00000000   Number         0  fpinit_empty.o ABSOLUTE
    ..\HAL_CM.c                              0x00000000   Number         0  hal_cm.o ABSOLUTE
    ..\\rt_CMSIS.c                           0x00000000   Number         0  rt_cmsis.o ABSOLUTE
    ..\\rt_System.c                          0x00000000   Number         0  rt_system.o ABSOLUTE
    ..\rt_CMSIS.c                            0x00000000   Number         0  rt_cmsis.o ABSOLUTE
    ..\rt_Event.c                            0x00000000   Number         0  rt_event.o ABSOLUTE
    ..\rt_List.c                             0x00000000   Number         0  rt_list.o ABSOLUTE
    ..\rt_Mailbox.c                          0x00000000   Number         0  rt_mailbox.o ABSOLUTE
    ..\rt_MemBox.c                           0x00000000   Number         0  rt_membox.o ABSOLUTE
    ..\rt_Memory.c                           0x00000000   Number         0  rt_memory.o ABSOLUTE
    ..\rt_Mutex.c                            0x00000000   Number         0  rt_mutex.o ABSOLUTE
    ..\rt_Robin.c                            0x00000000   Number         0  rt_robin.o ABSOLUTE
    ..\rt_Semaphore.c                        0x00000000   Number         0  rt_semaphore.o ABSOLUTE
    ..\rt_System.c                           0x00000000   Number         0  rt_system.o ABSOLUTE
    ..\rt_Task.c                             0x00000000   Number         0  rt_task.o ABSOLUTE
    ..\rt_Time.c                             0x00000000   Number         0  rt_time.o ABSOLUTE
    HAL_CM3.c                                0x00000000   Number         0  hal_cm3.o ABSOLUTE
    HAL_CM3.c                                0x00000000   Number         0  hal_cm3.o ABSOLUTE
    RTE/Device/STM32F103ZE/startup_stm32f10x_hd.s 0x00000000   Number         0  startup_stm32f10x_hd.o ABSOLUTE
    SVC_Table.s                              0x00000000   Number         0  svc_table.o ABSOLUTE
    dc.s                                     0x00000000   Number         0  dc.o ABSOLUTE
    ld-temp.o                                0x00000000   Number         0  lto-llvm-52724d.o ABSOLUTE
    RESET                                    0x08000000   Section      304  startup_stm32f10x_hd.o(RESET)
    !!!main                                  0x08000130   Section        8  __main.o(!!!main)
    !!!scatter                               0x08000138   Section       92  __scatter.o(!!!scatter)
    !!handler_copy                           0x08000194   Section       26  __scatter_copy.o(!!handler_copy)
    !!handler_null                           0x080001b0   Section        2  __scatter.o(!!handler_null)
    !!handler_zi                             0x080001b4   Section       28  __scatter_zi.o(!!handler_zi)
    .ARM.Collect$$libinit$$00000000          0x080001d0   Section        2  libinit.o(.ARM.Collect$$libinit$$00000000)
    .ARM.Collect$$libinit$$00000002          0x080001d2   Section        0  libinit2.o(.ARM.Collect$$libinit$$00000002)
    .ARM.Collect$$libinit$$00000004          0x080001d2   Section        0  libinit2.o(.ARM.Collect$$libinit$$00000004)
    .ARM.Collect$$libinit$$00000006          0x080001d2   Section        0  libinit2.o(.ARM.Collect$$libinit$$00000006)
    .ARM.Collect$$libinit$$0000000C          0x080001d2   Section        0  libinit2.o(.ARM.Collect$$libinit$$0000000C)
    .ARM.Collect$$libinit$$0000000E          0x080001d2   Section        0  libinit2.o(.ARM.Collect$$libinit$$0000000E)
    .ARM.Collect$$libinit$$00000010          0x080001d2   Section        0  libinit2.o(.ARM.Collect$$libinit$$00000010)
    .ARM.Collect$$libinit$$00000013          0x080001d2   Section        0  libinit2.o(.ARM.Collect$$libinit$$00000013)
    .ARM.Collect$$libinit$$00000015          0x080001d2   Section        0  libinit2.o(.ARM.Collect$$libinit$$00000015)
    .ARM.Collect$$libinit$$00000017          0x080001d2   Section        0  libinit2.o(.ARM.Collect$$libinit$$00000017)
    .ARM.Collect$$libinit$$00000019          0x080001d2   Section        0  libinit2.o(.ARM.Collect$$libinit$$00000019)
    .ARM.Collect$$libinit$$0000001B          0x080001d2   Section        0  libinit2.o(.ARM.Collect$$libinit$$0000001B)
    .ARM.Collect$$libinit$$0000001D          0x080001d2   Section        0  libinit2.o(.ARM.Collect$$libinit$$0000001D)
    .ARM.Collect$$libinit$$0000001F          0x080001d2   Section        0  libinit2.o(.ARM.Collect$$libinit$$0000001F)
    .ARM.Collect$$libinit$$00000021          0x080001d2   Section        0  libinit2.o(.ARM.Collect$$libinit$$00000021)
    .ARM.Collect$$libinit$$00000023          0x080001d2   Section        0  libinit2.o(.ARM.Collect$$libinit$$00000023)
    .ARM.Collect$$libinit$$00000025          0x080001d2   Section        0  libinit2.o(.ARM.Collect$$libinit$$00000025)
    .ARM.Collect$$libinit$$00000027          0x080001d2   Section        0  libinit2.o(.ARM.Collect$$libinit$$00000027)
    .ARM.Collect$$libinit$$0000002E          0x080001d2   Section        0  libinit2.o(.ARM.Collect$$libinit$$0000002E)
    .ARM.Collect$$libinit$$00000030          0x080001d2   Section        0  libinit2.o(.ARM.Collect$$libinit$$00000030)
    .ARM.Collect$$libinit$$00000032          0x080001d2   Section        0  libinit2.o(.ARM.Collect$$libinit$$00000032)
    .ARM.Collect$$libinit$$00000034          0x080001d2   Section        0  libinit2.o(.ARM.Collect$$libinit$$00000034)
    .ARM.Collect$$libinit$$00000035          0x080001d2   Section        2  libinit2.o(.ARM.Collect$$libinit$$00000035)
    .ARM.Collect$$libshutdown$$00000000      0x080001d4   Section        2  libshutdown.o(.ARM.Collect$$libshutdown$$00000000)
    .ARM.Collect$$libshutdown$$00000002      0x080001d6   Section        0  libshutdown2.o(.ARM.Collect$$libshutdown$$00000002)
    .ARM.Collect$$libshutdown$$00000004      0x080001d6   Section        0  libshutdown2.o(.ARM.Collect$$libshutdown$$00000004)
    .ARM.Collect$$libshutdown$$00000007      0x080001d6   Section        0  libshutdown2.o(.ARM.Collect$$libshutdown$$00000007)
    .ARM.Collect$$libshutdown$$0000000A      0x080001d6   Section        0  libshutdown2.o(.ARM.Collect$$libshutdown$$0000000A)
    .ARM.Collect$$libshutdown$$0000000C      0x080001d6   Section        0  libshutdown2.o(.ARM.Collect$$libshutdown$$0000000C)
    .ARM.Collect$$libshutdown$$0000000F      0x080001d6   Section        0  libshutdown2.o(.ARM.Collect$$libshutdown$$0000000F)
    .ARM.Collect$$libshutdown$$00000010      0x080001d6   Section        2  libshutdown2.o(.ARM.Collect$$libshutdown$$00000010)
    .ARM.Collect$$rtentry$$00000000          0x080001d8   Section        0  __rtentry.o(.ARM.Collect$$rtentry$$00000000)
    .ARM.Collect$$rtentry$$00000002          0x080001d8   Section        0  __rtentry2.o(.ARM.Collect$$rtentry$$00000002)
    .ARM.Collect$$rtentry$$00000004          0x080001d8   Section        6  __rtentry4.o(.ARM.Collect$$rtentry$$00000004)
    .ARM.Collect$$rtentry$$00000009          0x080001de   Section        0  __rtentry2.o(.ARM.Collect$$rtentry$$00000009)
    .ARM.Collect$$rtentry$$0000000A          0x080001de   Section        4  __rtentry2.o(.ARM.Collect$$rtentry$$0000000A)
    .ARM.Collect$$rtentry$$0000000B          0x080001e2   Section        8  __rtentry2.o(.ARM.Collect$$rtentry$$0000000B)
    .ARM.Collect$$rtentry$$0000000D          0x080001ea   Section        8  __rtentry2.o(.ARM.Collect$$rtentry$$0000000D)
    .ARM.Collect$$rtexit$$00000000           0x080001f2   Section        2  rtexit.o(.ARM.Collect$$rtexit$$00000000)
    .ARM.Collect$$rtexit$$00000002           0x080001f4   Section        0  rtexit2.o(.ARM.Collect$$rtexit$$00000002)
    .ARM.Collect$$rtexit$$00000003           0x080001f4   Section        4  rtexit2.o(.ARM.Collect$$rtexit$$00000003)
    .ARM.Collect$$rtexit$$00000004           0x080001f8   Section        6  rtexit2.o(.ARM.Collect$$rtexit$$00000004)
    .emb_text                                0x08000200   Section      304  hal_cm3.o(.emb_text)
    .text                                    0x08000330   Section       64  startup_stm32f10x_hd.o(.text)
    .text                                    0x08000370   Section        8  libspace.o(.text)
    .text                                    0x08000378   Section        0  heapauxi.o(.text)
    .text                                    0x0800037e   Section       74  sys_stackheap_outer.o(.text)
    .text                                    0x080003c8   Section        0  exit.o(.text)
    .text                                    0x080003dc   Section        0  sys_exit.o(.text)
    .text                                    0x080003e8   Section        2  use_no_semi.o(.text)
    .text                                    0x080003ea   Section        0  indicate_semi.o(.text)
    [Anonymous Symbol]                       0x080003ec   Section        0  lto-llvm-52724d.o(.text.ADC1_2_IRQHandler)
    __arm_cp.3_0                             0x08000408   Number         4  lto-llvm-52724d.o(.text.ADC1_2_IRQHandler)
    GPIO_PinConfigure                        0x0800040d   Thumb Code   128  lto-llvm-52724d.o(.text.GPIO_PinConfigure)
    [Anonymous Symbol]                       0x0800040c   Section        0  lto-llvm-52724d.o(.text.GPIO_PinConfigure)
    __arm_cp.12_0                            0x0800048c   Number         4  lto-llvm-52724d.o(.text.GPIO_PinConfigure)
    GPIO_PortClock                           0x080004ad   Thumb Code    32  lto-llvm-52724d.o(.text.GPIO_PortClock)
    [Anonymous Symbol]                       0x080004ac   Section        0  lto-llvm-52724d.o(.text.GPIO_PortClock)
    __arm_cp.11_0                            0x080004cc   Number         4  lto-llvm-52724d.o(.text.GPIO_PortClock)
    [Anonymous Symbol]                       0x080004ec   Section        0  lto-llvm-52724d.o(.text.SystemInit)
    __arm_cp.13_0                            0x080005c8   Number         4  lto-llvm-52724d.o(.text.SystemInit)
    __arm_cp.13_1                            0x080005cc   Number         4  lto-llvm-52724d.o(.text.SystemInit)
    __arm_cp.13_2                            0x080005d0   Number         4  lto-llvm-52724d.o(.text.SystemInit)
    __arm_cp.13_3                            0x080005d4   Number         4  lto-llvm-52724d.o(.text.SystemInit)
    __arm_cp.13_4                            0x080005d8   Number         4  lto-llvm-52724d.o(.text.SystemInit)
    Thread_ADC                               0x080005dd   Thumb Code    56  lto-llvm-52724d.o(.text.Thread_ADC)
    [Anonymous Symbol]                       0x080005dc   Section        0  lto-llvm-52724d.o(.text.Thread_ADC)
    __arm_cp.1_1                             0x08000614   Number         4  lto-llvm-52724d.o(.text.Thread_ADC)
    Thread_LED                               0x08000619   Thumb Code    64  lto-llvm-52724d.o(.text.Thread_LED)
    [Anonymous Symbol]                       0x08000618   Section        0  lto-llvm-52724d.o(.text.Thread_LED)
    __arm_cp.2_0                             0x08000658   Number         4  lto-llvm-52724d.o(.text.Thread_LED)
    __osSignalWait                           0x0800065d   Thumb Code    20  lto-llvm-52724d.o(.text.__osSignalWait)
    [Anonymous Symbol]                       0x0800065c   Section        0  lto-llvm-52724d.o(.text.__osSignalWait)
    __tagsym$$used.0                         0x08000670   Number         0  lto-llvm-52724d.o(.text._mutex_acquire)
    [Anonymous Symbol]                       0x08000670   Section        0  lto-llvm-52724d.o(.text._mutex_acquire)
    __arm_cp.4_1                             0x08000684   Number         4  lto-llvm-52724d.o(.text._mutex_acquire)
    __tagsym$$used.1                         0x08000688   Number         0  lto-llvm-52724d.o(.text._mutex_release)
    [Anonymous Symbol]                       0x08000688   Section        0  lto-llvm-52724d.o(.text._mutex_release)
    __arm_cp.5_0                             0x08000698   Number         4  lto-llvm-52724d.o(.text._mutex_release)
    __arm_cp.5_1                             0x0800069c   Number         4  lto-llvm-52724d.o(.text._mutex_release)
    [Anonymous Symbol]                       0x080006a0   Section        0  lto-llvm-52724d.o(.text._platform_post_lib_init)
    __arm_cp.10_0                            0x080006b4   Number         4  lto-llvm-52724d.o(.text._platform_post_lib_init)
    [Anonymous Symbol]                       0x080006b8   Section        0  lto-llvm-52724d.o(.text.main)
    __arm_cp.0_0                             0x080007ec   Number         4  lto-llvm-52724d.o(.text.main)
    __arm_cp.0_1                             0x080007f0   Number         4  lto-llvm-52724d.o(.text.main)
    __arm_cp.0_2                             0x080007f4   Number         4  lto-llvm-52724d.o(.text.main)
    __arm_cp.0_3                             0x080007f8   Number         4  lto-llvm-52724d.o(.text.main)
    __arm_cp.0_4                             0x080007fc   Number         4  lto-llvm-52724d.o(.text.main)
    __arm_cp.0_5                             0x08000800   Number         4  lto-llvm-52724d.o(.text.main)
    __arm_cp.0_6                             0x08000804   Number         4  lto-llvm-52724d.o(.text.main)
    __arm_cp.0_7                             0x08000808   Number         4  lto-llvm-52724d.o(.text.main)
    __arm_cp.0_8                             0x0800080c   Number         4  lto-llvm-52724d.o(.text.main)
    __arm_cp.0_9                             0x08000810   Number         4  lto-llvm-52724d.o(.text.main)
    __arm_cp.0_10                            0x08000814   Number         4  lto-llvm-52724d.o(.text.main)
    __arm_cp.0_11                            0x08000818   Number         4  lto-llvm-52724d.o(.text.main)
    [Anonymous Symbol]                       0x0800081c   Section        0  lto-llvm-52724d.o(.text.os_error)
    [Anonymous Symbol]                       0x0800081e   Section        0  lto-llvm-52724d.o(.text.os_idle_demon)
    SVC_TABLE                                0x08000820   Section        4  svc_table.o(SVC_TABLE)
    i._init_box                              0x08000824   Section        0  rt_membox.o(i._init_box)
    i.dbg_init                               0x0800086c   Section        0  hal_cm.o(i.dbg_init)
    i.dbg_task_notify                        0x0800089c   Section        0  hal_cm.o(i.dbg_task_notify)
    i.dbg_task_switch                        0x080008bc   Section        0  hal_cm.o(i.dbg_task_switch)
    i.isrMessageGet                          0x080008cc   Section        0  rt_cmsis.o(i.isrMessageGet)
    i.isrMessagePut                          0x080008f6   Section        0  rt_cmsis.o(i.isrMessagePut)
    i.isrSignalSet                           0x08000922   Section        0  rt_cmsis.o(i.isrSignalSet)
    i.isr_evt_set                            0x08000948   Section        0  rt_event.o(i.isr_evt_set)
    i.isr_mbx_receive                        0x08000970   Section        0  rt_mailbox.o(i.isr_mbx_receive)
    i.isr_mbx_send                           0x080009c6   Section        0  rt_mailbox.o(i.isr_mbx_send)
    i.osDelay                                0x080009d4   Section        0  rt_cmsis.o(i.osDelay)
    i.osKernelInitialize                     0x080009ec   Section        0  rt_cmsis.o(i.osKernelInitialize)
    i.osKernelStart                          0x08000a10   Section        0  rt_cmsis.o(i.osKernelStart)
    i.osMessageGet                           0x08000a7c   Section        0  rt_cmsis.o(i.osMessageGet)
    i.osSignalSet                            0x08000a94   Section        0  rt_cmsis.o(i.osSignalSet)
    i.osSignalWait                           0x08000aac   Section        0  rt_cmsis.o(i.osSignalWait)
    i.osThreadCreate                         0x08000ac4   Section        0  rt_cmsis.o(i.osThreadCreate)
    i.osThreadExit                           0x08000af0   Section        0  rt_cmsis.o(i.osThreadExit)
    i.osTimerCall                            0x08000b08   Section        0  rt_cmsis.o(i.osTimerCall)
    i.osTimerThread                          0x08000b14   Section        0  rt_cmsis.o(i.osTimerThread)
    i.os_tick_init                           0x08000b40   Section        0  rt_system.o(i.os_tick_init)
    i.os_tick_irqack                         0x08000b68   Section        0  rt_system.o(i.os_tick_irqack)
    i.rt_alloc_box                           0x08000b6a   Section        0  rt_membox.o(i.rt_alloc_box)
    i.rt_alloc_mem                           0x08000b84   Section        0  rt_memory.o(i.rt_alloc_mem)
    i.rt_block                               0x08000bc4   Section        0  rt_task.o(i.rt_block)
    i.rt_chk_robin                           0x08000bfc   Section        0  rt_robin.o(i.rt_chk_robin)
    i.rt_dec_dly                             0x08000c44   Section        0  rt_list.o(i.rt_dec_dly)
    i.rt_dispatch                            0x08000cb4   Section        0  rt_task.o(i.rt_dispatch)
    i.rt_dly_wait                            0x08000cf8   Section        0  rt_time.o(i.rt_dly_wait)
    i.rt_evt_psh                             0x08000d00   Section        0  rt_event.o(i.rt_evt_psh)
    i.rt_evt_set                             0x08000d50   Section        0  rt_event.o(i.rt_evt_set)
    i.rt_evt_wait                            0x08000dac   Section        0  rt_event.o(i.rt_evt_wait)
    i.rt_free_box                            0x08000de8   Section        0  rt_membox.o(i.rt_free_box)
    i.rt_free_mem                            0x08000e14   Section        0  rt_memory.o(i.rt_free_mem)
    i.rt_get_first                           0x08000e3c   Section        0  rt_list.o(i.rt_get_first)
    rt_id2obj                                0x08000e65   Thumb Code     8  rt_cmsis.o(i.rt_id2obj)
    i.rt_id2obj                              0x08000e64   Section        0  rt_cmsis.o(i.rt_id2obj)
    rt_init_context                          0x08000e6d   Thumb Code    66  rt_task.o(i.rt_init_context)
    i.rt_init_context                        0x08000e6c   Section        0  rt_task.o(i.rt_init_context)
    i.rt_init_mem                            0x08000eb4   Section        0  rt_memory.o(i.rt_init_mem)
    i.rt_init_robin                          0x08000ed0   Section        0  rt_robin.o(i.rt_init_robin)
    i.rt_init_stack                          0x08000ee8   Section        0  hal_cm.o(i.rt_init_stack)
    i.rt_mbx_check                           0x08000f68   Section        0  rt_mailbox.o(i.rt_mbx_check)
    i.rt_mbx_init                            0x08000f70   Section        0  rt_mailbox.o(i.rt_mbx_init)
    i.rt_mbx_psh                             0x08000f8c   Section        0  rt_mailbox.o(i.rt_mbx_psh)
    i.rt_mbx_wait                            0x0800107c   Section        0  rt_mailbox.o(i.rt_mbx_wait)
    rt_ms2tick                               0x08001131   Thumb Code    58  rt_cmsis.o(i.rt_ms2tick)
    i.rt_ms2tick                             0x08001130   Section        0  rt_cmsis.o(i.rt_ms2tick)
    i.rt_mut_release                         0x08001174   Section        0  rt_mutex.o(i.rt_mut_release)
    i.rt_mut_wait                            0x0800124c   Section        0  rt_mutex.o(i.rt_mut_wait)
    i.rt_pop_req                             0x080012c4   Section        0  rt_system.o(i.rt_pop_req)
    i.rt_psh_req                             0x08001340   Section        0  rt_system.o(i.rt_psh_req)
    i.rt_psq_enq                             0x08001360   Section        0  rt_list.o(i.rt_psq_enq)
    i.rt_put_dly                             0x080013bc   Section        0  rt_list.o(i.rt_put_dly)
    i.rt_put_prio                            0x08001404   Section        0  rt_list.o(i.rt_put_prio)
    i.rt_put_rdy_first                       0x0800143c   Section        0  rt_list.o(i.rt_put_rdy_first)
    i.rt_resort_prio                         0x08001450   Section        0  rt_list.o(i.rt_resort_prio)
    i.rt_ret_val                             0x08001484   Section        0  hal_cm.o(i.rt_ret_val)
    i.rt_ret_val2                            0x0800148a   Section        0  hal_cm.o(i.rt_ret_val2)
    i.rt_rmv_dly                             0x08001492   Section        0  rt_list.o(i.rt_rmv_dly)
    i.rt_rmv_list                            0x080014bc   Section        0  rt_list.o(i.rt_rmv_list)
    i.rt_sem_psh                             0x080014ec   Section        0  rt_semaphore.o(i.rt_sem_psh)
    i.rt_stk_check                           0x08001520   Section        0  rt_system.o(i.rt_stk_check)
    i.rt_switch_req                          0x08001544   Section        0  rt_task.o(i.rt_switch_req)
    i.rt_sys_init                            0x0800156c   Section        0  rt_task.o(i.rt_sys_init)
    i.rt_sys_start                           0x08001638   Section        0  rt_task.o(i.rt_sys_start)
    i.rt_systick                             0x080016b0   Section        0  rt_system.o(i.rt_systick)
    rt_tid2ptcb                              0x080016f1   Thumb Code    18  rt_cmsis.o(i.rt_tid2ptcb)
    i.rt_tid2ptcb                            0x080016f0   Section        0  rt_cmsis.o(i.rt_tid2ptcb)
    rt_timer_insert                          0x08001705   Thumb Code    48  rt_cmsis.o(i.rt_timer_insert)
    i.rt_timer_insert                        0x08001704   Section        0  rt_cmsis.o(i.rt_timer_insert)
    i.rt_tsk_create                          0x08001738   Section        0  rt_task.o(i.rt_tsk_create)
    i.rt_tsk_delete                          0x080017c0   Section        0  rt_task.o(i.rt_tsk_delete)
    i.rt_tsk_prio                            0x0800193c   Section        0  rt_task.o(i.rt_tsk_prio)
    i.rt_tsk_self                            0x080019b8   Section        0  rt_task.o(i.rt_tsk_self)
    i.svcDelay                               0x080019c8   Section        0  rt_cmsis.o(i.svcDelay)
    i.svcKernelInitialize                    0x080019dc   Section        0  rt_cmsis.o(i.svcKernelInitialize)
    i.svcKernelStart                         0x08001a4c   Section        0  rt_cmsis.o(i.svcKernelStart)
    i.svcMessageCreate                       0x08001a94   Section        0  rt_cmsis.o(i.svcMessageCreate)
    i.svcMessageGet                          0x08001ab8   Section        0  rt_cmsis.o(i.svcMessageGet)
    i.svcSignalSet                           0x08001af2   Section        0  rt_cmsis.o(i.svcSignalSet)
    i.svcSignalWait                          0x08001b18   Section        0  rt_cmsis.o(i.svcSignalWait)
    i.svcThreadCreate                        0x08001b6c   Section        0  rt_cmsis.o(i.svcThreadCreate)
    i.svcThreadGetId                         0x08001bd8   Section        0  rt_cmsis.o(i.svcThreadGetId)
    i.svcThreadTerminate                     0x08001bf4   Section        0  rt_cmsis.o(i.svcThreadTerminate)
    i.svcTimerCall                           0x08001c2c   Section        0  rt_cmsis.o(i.svcTimerCall)
    i.sysTimerTick                           0x08001c44   Section        0  rt_cmsis.o(i.sysTimerTick)
    __tagsym$$used.2                         0x08001ca0   Number         0  lto-llvm-52724d.o(.rodata.CMSIS_RTOS_API_Version)
    __tagsym$$used.3                         0x08001ca4   Number         0  lto-llvm-52724d.o(.rodata.CMSIS_RTOS_RTX_Version)
    Pin_LED                                  0x08001ca8   Data          64  lto-llvm-52724d.o(.rodata.Pin_LED)
    [Anonymous Symbol]                       0x08001ca8   Section        0  lto-llvm-52724d.o(.rodata.Pin_LED)
    __tagsym$$used.4                         0x08001cf0   Number         0  lto-llvm-52724d.o(.rodata.os_clockrate)
    os_thread_def_Thread_ADC                 0x08001d0c   Data          16  lto-llvm-52724d.o(.rodata.os_thread_def_Thread_ADC)
    [Anonymous Symbol]                       0x08001d0c   Section        0  lto-llvm-52724d.o(.rodata.os_thread_def_Thread_ADC)
    os_thread_def_Thread_LED                 0x08001d1c   Data          16  lto-llvm-52724d.o(.rodata.os_thread_def_Thread_LED)
    [Anonymous Symbol]                       0x08001d1c   Section        0  lto-llvm-52724d.o(.rodata.os_thread_def_Thread_LED)
    os_thread_def_main                       0x08001d2c   Data          16  lto-llvm-52724d.o(.rodata.os_thread_def_main)
    [Anonymous Symbol]                       0x08001d2c   Section        0  lto-llvm-52724d.o(.rodata.os_thread_def_main)
    __tagsym$$used.5                         0x08001d4c   Number         0  lto-llvm-52724d.o(.rodata.os_timernum)
    .data                                    0x20000000   Section        8  rt_cmsis.o(.data)
    .data                                    0x20000008   Section        8  rt_task.o(.data)
    os_lock                                  0x20000010   Data           1  rt_system.o(.data)
    .data                                    0x20000010   Section        8  rt_system.o(.data)
    os_psh_flag                              0x20000011   Data           1  rt_system.o(.data)
    pend_flags                               0x20000012   Data           1  rt_system.o(.data)
    .data                                    0x20000018   Section        4  rt_time.o(.data)
    .data                                    0x2000001c   Section        8  rt_robin.o(.data)
    .data                                    0x20000024   Section        1  hal_cm.o(.data)
    delay_val                                0x20000028   Data           4  lto-llvm-52724d.o(.data.delay_val)
    [Anonymous Symbol]                       0x20000028   Section        0  lto-llvm-52724d.o(.data.delay_val)
    .bss                                     0x20000030   Section       52  rt_task.o(.bss)
    .bss                                     0x20000064   Section       48  rt_list.o(.bss)
    .bss                                     0x20000094   Section       96  libspace.o(.bss)
    AD_done                                  0x200000f4   Data           1  lto-llvm-52724d.o(.bss..L_MergedGlobals)
    [Anonymous Symbol]                       0x200000f4   Section        0  lto-llvm-52724d.o(.bss..L_MergedGlobals)
    AD_last                                  0x200000f6   Data           2  lto-llvm-52724d.o(.bss..L_MergedGlobals)
    tid_Thread_ADC                           0x200000f8   Data           4  lto-llvm-52724d.o(.bss..L_MergedGlobals)
    tid_Thread_LED                           0x200000fc   Data           4  lto-llvm-52724d.o(.bss..L_MergedGlobals)
    os_messageQ_q_osTimerMessageQ            0x200007e8   Data          32  lto-llvm-52724d.o(.bss.os_messageQ_q_osTimerMessageQ)
    [Anonymous Symbol]                       0x200007e8   Section        0  lto-llvm-52724d.o(.bss.os_messageQ_q_osTimerMessageQ)
    Heap_Mem                                 0x200009b8   Data         512  startup_stm32f10x_hd.o(HEAP)
    HEAP                                     0x200009b8   Section      512  startup_stm32f10x_hd.o(HEAP)
    Stack_Mem                                0x20000bb8   Data        1024  startup_stm32f10x_hd.o(STACK)
    STACK                                    0x20000bb8   Section     1024  startup_stm32f10x_hd.o(STACK)
    __initial_sp                             0x20000fb8   Data           0  startup_stm32f10x_hd.o(STACK)

    Global Symbols

    Symbol Name                              Value     Ov Type        Size  Object(Section)

    BuildAttributes$$THM_ISAv4$P$D$K$B$S$PE$A:L22UL41UL21$X:L11$S22US41US21$IEEE1$IW$~IW$USESV6$~STKCKD$USESV7$~SHL$OSPACE$ROPI$IEEEF$EBA8$UX$STANDARDLIB$REQ8$PRES8$EABIv2 0x00000000   Number         0  anon$$obj.o ABSOLUTE
    __fp_init_empty                          0x00000000   Number         0  fpinit_empty.o ABSOLUTE
    __ARM_exceptions_init                     - Undefined Weak Reference
    __alloca_initialize                       - Undefined Weak Reference
    __arm_preinit_                            - Undefined Weak Reference
    __arm_relocate_pie_                       - Undefined Weak Reference
    __cpp_initialize__aeabi_                  - Undefined Weak Reference
    __cxa_finalize                            - Undefined Weak Reference
    __rt_locale                               - Undefined Weak Reference
    __sigvec_lookup                           - Undefined Weak Reference
    _atexit_init                              - Undefined Weak Reference
    _call_atexit_fns                          - Undefined Weak Reference
    _clock_init                               - Undefined Weak Reference
    _fp_trap_init                             - Undefined Weak Reference
    _fp_trap_shutdown                         - Undefined Weak Reference
    _get_lc_collate                           - Undefined Weak Reference
    _get_lc_ctype                             - Undefined Weak Reference
    _get_lc_monetary                          - Undefined Weak Reference
    _get_lc_numeric                           - Undefined Weak Reference
    _get_lc_time                              - Undefined Weak Reference
    _getenv_init                              - Undefined Weak Reference
    _handle_redirection                       - Undefined Weak Reference
    _init_alloc                               - Undefined Weak Reference
    _init_user_alloc                          - Undefined Weak Reference
    _initio                                   - Undefined Weak Reference
    _rand_init                                - Undefined Weak Reference
    _signal_finish                            - Undefined Weak Reference
    _signal_init                              - Undefined Weak Reference
    _terminate_alloc                          - Undefined Weak Reference
    _terminate_user_alloc                     - Undefined Weak Reference
    _terminateio                              - Undefined Weak Reference
    __Vectors_Size                           0x00000130   Number         0  startup_stm32f10x_hd.o ABSOLUTE
    __RL_RTX_VER                             0x00000482   Number         0  rt_system.o ABSOLUTE
    __Vectors                                0x08000000   Data           4  startup_stm32f10x_hd.o(RESET)
    __Vectors_End                            0x08000130   Data           0  startup_stm32f10x_hd.o(RESET)
    __main                                   0x08000131   Thumb Code     8  __main.o(!!!main)
    __scatterload                            0x08000139   Thumb Code     0  __scatter.o(!!!scatter)
    __scatterload_rt2                        0x08000139   Thumb Code    84  __scatter.o(!!!scatter)
    __scatterload_rt2_thumb_only             0x08000139   Thumb Code     0  __scatter.o(!!!scatter)
    __scatterload_loop                       0x08000143   Thumb Code     0  __scatter.o(!!!scatter)
    __scatterload_copy                       0x08000195   Thumb Code    26  __scatter_copy.o(!!handler_copy)
    __scatterload_null                       0x080001b1   Thumb Code     2  __scatter.o(!!handler_null)
    __scatterload_zeroinit                   0x080001b5   Thumb Code    28  __scatter_zi.o(!!handler_zi)
    __rt_lib_init                            0x080001d1   Thumb Code     0  libinit.o(.ARM.Collect$$libinit$$00000000)
    __rt_lib_init_alloca_1                   0x080001d3   Thumb Code     0  libinit2.o(.ARM.Collect$$libinit$$00000030)
    __rt_lib_init_argv_1                     0x080001d3   Thumb Code     0  libinit2.o(.ARM.Collect$$libinit$$0000002E)
    __rt_lib_init_atexit_1                   0x080001d3   Thumb Code     0  libinit2.o(.ARM.Collect$$libinit$$0000001D)
    __rt_lib_init_clock_1                    0x080001d3   Thumb Code     0  libinit2.o(.ARM.Collect$$libinit$$00000023)
    __rt_lib_init_cpp_1                      0x080001d3   Thumb Code     0  libinit2.o(.ARM.Collect$$libinit$$00000034)
    __rt_lib_init_exceptions_1               0x080001d3   Thumb Code     0  libinit2.o(.ARM.Collect$$libinit$$00000032)
    __rt_lib_init_fp_1                       0x080001d3   Thumb Code     0  libinit2.o(.ARM.Collect$$libinit$$00000002)
    __rt_lib_init_fp_trap_1                  0x080001d3   Thumb Code     0  libinit2.o(.ARM.Collect$$libinit$$00000021)
    __rt_lib_init_getenv_1                   0x080001d3   Thumb Code     0  libinit2.o(.ARM.Collect$$libinit$$00000025)
    __rt_lib_init_heap_1                     0x080001d3   Thumb Code     0  libinit2.o(.ARM.Collect$$libinit$$0000000C)
    __rt_lib_init_lc_collate_1               0x080001d3   Thumb Code     0  libinit2.o(.ARM.Collect$$libinit$$00000013)
    __rt_lib_init_lc_ctype_1                 0x080001d3   Thumb Code     0  libinit2.o(.ARM.Collect$$libinit$$00000015)
    __rt_lib_init_lc_monetary_1              0x080001d3   Thumb Code     0  libinit2.o(.ARM.Collect$$libinit$$00000017)
    __rt_lib_init_lc_numeric_1               0x080001d3   Thumb Code     0  libinit2.o(.ARM.Collect$$libinit$$00000019)
    __rt_lib_init_lc_time_1                  0x080001d3   Thumb Code     0  libinit2.o(.ARM.Collect$$libinit$$0000001B)
    __rt_lib_init_preinit_1                  0x080001d3   Thumb Code     0  libinit2.o(.ARM.Collect$$libinit$$00000006)
    __rt_lib_init_rand_1                     0x080001d3   Thumb Code     0  libinit2.o(.ARM.Collect$$libinit$$00000010)
    __rt_lib_init_relocate_pie_1             0x080001d3   Thumb Code     0  libinit2.o(.ARM.Collect$$libinit$$00000004)
    __rt_lib_init_return                     0x080001d3   Thumb Code     0  libinit2.o(.ARM.Collect$$libinit$$00000035)
    __rt_lib_init_signal_1                   0x080001d3   Thumb Code     0  libinit2.o(.ARM.Collect$$libinit$$0000001F)
    __rt_lib_init_stdio_1                    0x080001d3   Thumb Code     0  libinit2.o(.ARM.Collect$$libinit$$00000027)
    __rt_lib_init_user_alloc_1               0x080001d3   Thumb Code     0  libinit2.o(.ARM.Collect$$libinit$$0000000E)
    __rt_lib_shutdown                        0x080001d5   Thumb Code     0  libshutdown.o(.ARM.Collect$$libshutdown$$00000000)
    __rt_lib_shutdown_cpp_1                  0x080001d7   Thumb Code     0  libshutdown2.o(.ARM.Collect$$libshutdown$$00000002)
    __rt_lib_shutdown_fp_trap_1              0x080001d7   Thumb Code     0  libshutdown2.o(.ARM.Collect$$libshutdown$$00000007)
    __rt_lib_shutdown_heap_1                 0x080001d7   Thumb Code     0  libshutdown2.o(.ARM.Collect$$libshutdown$$0000000F)
    __rt_lib_shutdown_return                 0x080001d7   Thumb Code     0  libshutdown2.o(.ARM.Collect$$libshutdown$$00000010)
    __rt_lib_shutdown_signal_1               0x080001d7   Thumb Code     0  libshutdown2.o(.ARM.Collect$$libshutdown$$0000000A)
    __rt_lib_shutdown_stdio_1                0x080001d7   Thumb Code     0  libshutdown2.o(.ARM.Collect$$libshutdown$$00000004)
    __rt_lib_shutdown_user_alloc_1           0x080001d7   Thumb Code     0  libshutdown2.o(.ARM.Collect$$libshutdown$$0000000C)
    __rt_entry                               0x080001d9   Thumb Code     0  __rtentry.o(.ARM.Collect$$rtentry$$00000000)
    __rt_entry_presh_1                       0x080001d9   Thumb Code     0  __rtentry2.o(.ARM.Collect$$rtentry$$00000002)
    __rt_entry_sh                            0x080001d9   Thumb Code     0  __rtentry4.o(.ARM.Collect$$rtentry$$00000004)
    __rt_entry_li                            0x080001df   Thumb Code     0  __rtentry2.o(.ARM.Collect$$rtentry$$0000000A)
    __rt_entry_postsh_1                      0x080001df   Thumb Code     0  __rtentry2.o(.ARM.Collect$$rtentry$$00000009)
    __rt_entry_postli_1                      0x080001e3   Thumb Code     0  __rtentry2.o(.ARM.Collect$$rtentry$$0000000B)
    __rt_entry_main                          0x080001eb   Thumb Code     0  __rtentry2.o(.ARM.Collect$$rtentry$$0000000D)
    __rt_exit                                0x080001f3   Thumb Code     0  rtexit.o(.ARM.Collect$$rtexit$$00000000)
    __rt_exit_ls                             0x080001f5   Thumb Code     0  rtexit2.o(.ARM.Collect$$rtexit$$00000003)
    __rt_exit_prels_1                        0x080001f5   Thumb Code     0  rtexit2.o(.ARM.Collect$$rtexit$$00000002)
    __rt_exit_exit                           0x080001f9   Thumb Code     0  rtexit2.o(.ARM.Collect$$rtexit$$00000004)
    rt_set_PSP                               0x08000201   Thumb Code     6  hal_cm3.o(.emb_text)
    rt_get_PSP                               0x08000207   Thumb Code     6  hal_cm3.o(.emb_text)
    os_set_env                               0x0800020d   Thumb Code    24  hal_cm3.o(.emb_text)
    _alloc_box                               0x08000229   Thumb Code    28  hal_cm3.o(.emb_text)
    _free_box                                0x08000249   Thumb Code    28  hal_cm3.o(.emb_text)
    SVC_Handler                              0x08000269   Thumb Code   108  hal_cm3.o(.emb_text)
    PendSV_Handler                           0x080002e1   Thumb Code    56  hal_cm3.o(.emb_text)
    SysTick_Handler                          0x0800031d   Thumb Code     8  hal_cm3.o(.emb_text)
    OS_Tick_Handler                          0x08000325   Thumb Code    12  hal_cm3.o(.emb_text)
    Reset_Handler                            0x08000331   Thumb Code     8  startup_stm32f10x_hd.o(.text)
    NMI_Handler                              0x08000339   Thumb Code     2  startup_stm32f10x_hd.o(.text)
    HardFault_Handler                        0x0800033b   Thumb Code     2  startup_stm32f10x_hd.o(.text)
    MemManage_Handler                        0x0800033d   Thumb Code     2  startup_stm32f10x_hd.o(.text)
    BusFault_Handler                         0x0800033f   Thumb Code     2  startup_stm32f10x_hd.o(.text)
    UsageFault_Handler                       0x08000341   Thumb Code     2  startup_stm32f10x_hd.o(.text)
    DebugMon_Handler                         0x08000345   Thumb Code     2  startup_stm32f10x_hd.o(.text)
    ADC3_IRQHandler                          0x0800034b   Thumb Code     0  startup_stm32f10x_hd.o(.text)
    CAN1_RX1_IRQHandler                      0x0800034b   Thumb Code     0  startup_stm32f10x_hd.o(.text)
    CAN1_SCE_IRQHandler                      0x0800034b   Thumb Code     0  startup_stm32f10x_hd.o(.text)
    DMA1_Channel1_IRQHandler                 0x0800034b   Thumb Code     0  startup_stm32f10x_hd.o(.text)
    DMA1_Channel2_IRQHandler                 0x0800034b   Thumb Code     0  startup_stm32f10x_hd.o(.text)
    DMA1_Channel3_IRQHandler                 0x0800034b   Thumb Code     0  startup_stm32f10x_hd.o(.text)
    DMA1_Channel4_IRQHandler                 0x0800034b   Thumb Code     0  startup_stm32f10x_hd.o(.text)
    DMA1_Channel5_IRQHandler                 0x0800034b   Thumb Code     0  startup_stm32f10x_hd.o(.text)
    DMA1_Channel6_IRQHandler                 0x0800034b   Thumb Code     0  startup_stm32f10x_hd.o(.text)
    DMA1_Channel7_IRQHandler                 0x0800034b   Thumb Code     0  startup_stm32f10x_hd.o(.text)
    DMA2_Channel1_IRQHandler                 0x0800034b   Thumb Code     0  startup_stm32f10x_hd.o(.text)
    DMA2_Channel2_IRQHandler                 0x0800034b   Thumb Code     0  startup_stm32f10x_hd.o(.text)
    DMA2_Channel3_IRQHandler                 0x0800034b   Thumb Code     0  startup_stm32f10x_hd.o(.text)
    DMA2_Channel4_5_IRQHandler               0x0800034b   Thumb Code     0  startup_stm32f10x_hd.o(.text)
    EXTI0_IRQHandler                         0x0800034b   Thumb Code     0  startup_stm32f10x_hd.o(.text)
    EXTI15_10_IRQHandler                     0x0800034b   Thumb Code     0  startup_stm32f10x_hd.o(.text)
    EXTI1_IRQHandler                         0x0800034b   Thumb Code     0  startup_stm32f10x_hd.o(.text)
    EXTI2_IRQHandler                         0x0800034b   Thumb Code     0  startup_stm32f10x_hd.o(.text)
    EXTI3_IRQHandler                         0x0800034b   Thumb Code     0  startup_stm32f10x_hd.o(.text)
    EXTI4_IRQHandler                         0x0800034b   Thumb Code     0  startup_stm32f10x_hd.o(.text)
    EXTI9_5_IRQHandler                       0x0800034b   Thumb Code     0  startup_stm32f10x_hd.o(.text)
    FLASH_IRQHandler                         0x0800034b   Thumb Code     0  startup_stm32f10x_hd.o(.text)
    FSMC_IRQHandler                          0x0800034b   Thumb Code     0  startup_stm32f10x_hd.o(.text)
    I2C1_ER_IRQHandler                       0x0800034b   Thumb Code     0  startup_stm32f10x_hd.o(.text)
    I2C1_EV_IRQHandler                       0x0800034b   Thumb Code     0  startup_stm32f10x_hd.o(.text)
    I2C2_ER_IRQHandler                       0x0800034b   Thumb Code     0  startup_stm32f10x_hd.o(.text)
    I2C2_EV_IRQHandler                       0x0800034b   Thumb Code     0  startup_stm32f10x_hd.o(.text)
    PVD_IRQHandler                           0x0800034b   Thumb Code     0  startup_stm32f10x_hd.o(.text)
    RCC_IRQHandler                           0x0800034b   Thumb Code     0  startup_stm32f10x_hd.o(.text)
    RTCAlarm_IRQHandler                      0x0800034b   Thumb Code     0  startup_stm32f10x_hd.o(.text)
    RTC_IRQHandler                           0x0800034b   Thumb Code     0  startup_stm32f10x_hd.o(.text)
    SDIO_IRQHandler                          0x0800034b   Thumb Code     0  startup_stm32f10x_hd.o(.text)
    SPI1_IRQHandler                          0x0800034b   Thumb Code     0  startup_stm32f10x_hd.o(.text)
    SPI2_IRQHandler                          0x0800034b   Thumb Code     0  startup_stm32f10x_hd.o(.text)
    SPI3_IRQHandler                          0x0800034b   Thumb Code     0  startup_stm32f10x_hd.o(.text)
    TAMPER_IRQHandler                        0x0800034b   Thumb Code     0  startup_stm32f10x_hd.o(.text)
    TIM1_BRK_IRQHandler                      0x0800034b   Thumb Code     0  startup_stm32f10x_hd.o(.text)
    TIM1_CC_IRQHandler                       0x0800034b   Thumb Code     0  startup_stm32f10x_hd.o(.text)
    TIM1_TRG_COM_IRQHandler                  0x0800034b   Thumb Code     0  startup_stm32f10x_hd.o(.text)
    TIM1_UP_IRQHandler                       0x0800034b   Thumb Code     0  startup_stm32f10x_hd.o(.text)
    TIM2_IRQHandler                          0x0800034b   Thumb Code     0  startup_stm32f10x_hd.o(.text)
    TIM3_IRQHandler                          0x0800034b   Thumb Code     0  startup_stm32f10x_hd.o(.text)
    TIM4_IRQHandler                          0x0800034b   Thumb Code     0  startup_stm32f10x_hd.o(.text)
    TIM5_IRQHandler                          0x0800034b   Thumb Code     0  startup_stm32f10x_hd.o(.text)
    TIM6_IRQHandler                          0x0800034b   Thumb Code     0  startup_stm32f10x_hd.o(.text)
    TIM7_IRQHandler                          0x0800034b   Thumb Code     0  startup_stm32f10x_hd.o(.text)
    TIM8_BRK_IRQHandler                      0x0800034b   Thumb Code     0  startup_stm32f10x_hd.o(.text)
    TIM8_CC_IRQHandler                       0x0800034b   Thumb Code     0  startup_stm32f10x_hd.o(.text)
    TIM8_TRG_COM_IRQHandler                  0x0800034b   Thumb Code     0  startup_stm32f10x_hd.o(.text)
    TIM8_UP_IRQHandler                       0x0800034b   Thumb Code     0  startup_stm32f10x_hd.o(.text)
    UART4_IRQHandler                         0x0800034b   Thumb Code     0  startup_stm32f10x_hd.o(.text)
    UART5_IRQHandler                         0x0800034b   Thumb Code     0  startup_stm32f10x_hd.o(.text)
    USART1_IRQHandler                        0x0800034b   Thumb Code     0  startup_stm32f10x_hd.o(.text)
    USART2_IRQHandler                        0x0800034b   Thumb Code     0  startup_stm32f10x_hd.o(.text)
    USART3_IRQHandler                        0x0800034b   Thumb Code     0  startup_stm32f10x_hd.o(.text)
    USBWakeUp_IRQHandler                     0x0800034b   Thumb Code     0  startup_stm32f10x_hd.o(.text)
    USB_HP_CAN1_TX_IRQHandler                0x0800034b   Thumb Code     0  startup_stm32f10x_hd.o(.text)
    USB_LP_CAN1_RX0_IRQHandler               0x0800034b   Thumb Code     0  startup_stm32f10x_hd.o(.text)
    WWDG_IRQHandler                          0x0800034b   Thumb Code     0  startup_stm32f10x_hd.o(.text)
    __user_initial_stackheap                 0x0800034d   Thumb Code     0  startup_stm32f10x_hd.o(.text)
    __user_libspace                          0x08000371   Thumb Code     8  libspace.o(.text)
    __user_perproc_libspace                  0x08000371   Thumb Code     0  libspace.o(.text)
    __use_two_region_memory                  0x08000379   Thumb Code     2  heapauxi.o(.text)
    __rt_heap_escrow$2region                 0x0800037b   Thumb Code     2  heapauxi.o(.text)
    __rt_heap_expand$2region                 0x0800037d   Thumb Code     2  heapauxi.o(.text)
    __user_setup_stackheap                   0x0800037f   Thumb Code    74  sys_stackheap_outer.o(.text)
    exit                                     0x080003c9   Thumb Code    18  exit.o(.text)
    _sys_exit                                0x080003dd   Thumb Code     8  sys_exit.o(.text)
    __I$use$semihosting                      0x080003e9   Thumb Code     0  use_no_semi.o(.text)
    __use_no_semihosting_swi                 0x080003e9   Thumb Code     2  use_no_semi.o(.text)
    __semihosting_library_function           0x080003eb   Thumb Code     0  indicate_semi.o(.text)
    ADC1_2_IRQHandler                        0x080003ed   Thumb Code    28  lto-llvm-52724d.o(.text.ADC1_2_IRQHandler)
    SystemInit                               0x080004ed   Thumb Code   220  lto-llvm-52724d.o(.text.SystemInit)
    _mutex_acquire                           0x08000671   Thumb Code    20  lto-llvm-52724d.o(.text._mutex_acquire)
    _mutex_release                           0x08000689   Thumb Code    16  lto-llvm-52724d.o(.text._mutex_release)
    _platform_post_lib_init                  0x080006a1   Thumb Code    20  lto-llvm-52724d.o(.text._platform_post_lib_init)
    main                                     0x080006b9   Thumb Code   308  lto-llvm-52724d.o(.text.main)
    os_error                                 0x0800081d   Thumb Code     2  lto-llvm-52724d.o(.text.os_error)
    os_idle_demon                            0x0800081f   Thumb Code     2  lto-llvm-52724d.o(.text.os_idle_demon)
    SVC_Count                                0x08000820   Data           4  svc_table.o(SVC_TABLE)
    SVC_Table                                0x08000824   Data           0  svc_table.o(SVC_TABLE)
    _init_box                                0x08000825   Thumb Code    70  rt_membox.o(i._init_box)
    dbg_init                                 0x0800086d   Thumb Code    34  hal_cm.o(i.dbg_init)
    dbg_task_notify                          0x0800089d   Thumb Code    32  hal_cm.o(i.dbg_task_notify)
    dbg_task_switch                          0x080008bd   Thumb Code    16  hal_cm.o(i.dbg_task_switch)
    isrMessageGet                            0x080008cd   Thumb Code    42  rt_cmsis.o(i.isrMessageGet)
    isrMessagePut                            0x080008f7   Thumb Code    44  rt_cmsis.o(i.isrMessagePut)
    isrSignalSet                             0x08000923   Thumb Code    36  rt_cmsis.o(i.isrSignalSet)
    isr_evt_set                              0x08000949   Thumb Code    34  rt_event.o(i.isr_evt_set)
    isr_mbx_receive                          0x08000971   Thumb Code    86  rt_mailbox.o(i.isr_mbx_receive)
    isr_mbx_send                             0x080009c7   Thumb Code    14  rt_mailbox.o(i.isr_mbx_send)
    osDelay                                  0x080009d5   Thumb Code    18  rt_cmsis.o(i.osDelay)
    osKernelInitialize                       0x080009ed   Thumb Code    30  rt_cmsis.o(i.osKernelInitialize)
    osKernelStart                            0x08000a11   Thumb Code    98  rt_cmsis.o(i.osKernelStart)
    osMessageGet                             0x08000a7d   Thumb Code    18  rt_cmsis.o(i.osMessageGet)
    osSignalSet                              0x08000a95   Thumb Code    18  rt_cmsis.o(i.osSignalSet)
    osSignalWait                             0x08000aad   Thumb Code    18  rt_cmsis.o(i.osSignalWait)
    osThreadCreate                           0x08000ac5   Thumb Code    36  rt_cmsis.o(i.osThreadCreate)
    osThreadExit                             0x08000af1   Thumb Code    14  rt_cmsis.o(i.osThreadExit)
    osTimerCall                              0x08000b09   Thumb Code     8  rt_cmsis.o(i.osTimerCall)
    osTimerThread                            0x08000b15   Thumb Code    38  rt_cmsis.o(i.osTimerThread)
    os_tick_init                             0x08000b41   Thumb Code    32  rt_system.o(i.os_tick_init)
    os_tick_irqack                           0x08000b69   Thumb Code     2  rt_system.o(i.os_tick_irqack)
    rt_alloc_box                             0x08000b6b   Thumb Code    26  rt_membox.o(i.rt_alloc_box)
    rt_alloc_mem                             0x08000b85   Thumb Code    62  rt_memory.o(i.rt_alloc_mem)
    rt_block                                 0x08000bc5   Thumb Code    48  rt_task.o(i.rt_block)
    rt_chk_robin                             0x08000bfd   Thumb Code    60  rt_robin.o(i.rt_chk_robin)
    rt_dec_dly                               0x08000c45   Thumb Code   102  rt_list.o(i.rt_dec_dly)
    rt_dispatch                              0x08000cb5   Thumb Code    60  rt_task.o(i.rt_dispatch)
    rt_dly_wait                              0x08000cf9   Thumb Code     6  rt_time.o(i.rt_dly_wait)
    rt_evt_psh                               0x08000d01   Thumb Code    76  rt_event.o(i.rt_evt_psh)
    rt_evt_set                               0x08000d51   Thumb Code    88  rt_event.o(i.rt_evt_set)
    rt_evt_wait                              0x08000dad   Thumb Code    56  rt_event.o(i.rt_evt_wait)
    rt_free_box                              0x08000de9   Thumb Code    44  rt_membox.o(i.rt_free_box)
    rt_free_mem                              0x08000e15   Thumb Code    40  rt_memory.o(i.rt_free_mem)
    rt_get_first                             0x08000e3d   Thumb Code    40  rt_list.o(i.rt_get_first)
    rt_init_mem                              0x08000eb5   Thumb Code    26  rt_memory.o(i.rt_init_mem)
    rt_init_robin                            0x08000ed1   Thumb Code    14  rt_robin.o(i.rt_init_robin)
    rt_init_stack                            0x08000ee9   Thumb Code   118  hal_cm.o(i.rt_init_stack)
    rt_mbx_check                             0x08000f69   Thumb Code     8  rt_mailbox.o(i.rt_mbx_check)
    rt_mbx_init                              0x08000f71   Thumb Code    26  rt_mailbox.o(i.rt_mbx_init)
    rt_mbx_psh                               0x08000f8d   Thumb Code   236  rt_mailbox.o(i.rt_mbx_psh)
    rt_mbx_wait                              0x0800107d   Thumb Code   174  rt_mailbox.o(i.rt_mbx_wait)
    rt_mut_release                           0x08001175   Thumb Code   208  rt_mutex.o(i.rt_mut_release)
    rt_mut_wait                              0x0800124d   Thumb Code   114  rt_mutex.o(i.rt_mut_wait)
    rt_pop_req                               0x080012c5   Thumb Code   112  rt_system.o(i.rt_pop_req)
    rt_psh_req                               0x08001341   Thumb Code    22  rt_system.o(i.rt_psh_req)
    rt_psq_enq                               0x08001361   Thumb Code    88  rt_list.o(i.rt_psq_enq)
    rt_put_dly                               0x080013bd   Thumb Code    68  rt_list.o(i.rt_put_dly)
    rt_put_prio                              0x08001405   Thumb Code    54  rt_list.o(i.rt_put_prio)
    rt_put_rdy_first                         0x0800143d   Thumb Code    14  rt_list.o(i.rt_put_rdy_first)
    rt_resort_prio                           0x08001451   Thumb Code    46  rt_list.o(i.rt_resort_prio)
    rt_ret_val                               0x08001485   Thumb Code     6  hal_cm.o(i.rt_ret_val)
    rt_ret_val2                              0x0800148b   Thumb Code     8  hal_cm.o(i.rt_ret_val2)
    rt_rmv_dly                               0x08001493   Thumb Code    40  rt_list.o(i.rt_rmv_dly)
    rt_rmv_list                              0x080014bd   Thumb Code    44  rt_list.o(i.rt_rmv_list)
    rt_sem_psh                               0x080014ed   Thumb Code    48  rt_semaphore.o(i.rt_sem_psh)
    rt_stk_check                             0x08001521   Thumb Code    28  rt_system.o(i.rt_stk_check)
    rt_switch_req                            0x08001545   Thumb Code    30  rt_task.o(i.rt_switch_req)
    rt_sys_init                              0x0800156d   Thumb Code   138  rt_task.o(i.rt_sys_init)
    rt_sys_start                             0x08001639   Thumb Code   110  rt_task.o(i.rt_sys_start)
    rt_systick                               0x080016b1   Thumb Code    50  rt_system.o(i.rt_systick)
    rt_tsk_create                            0x08001739   Thumb Code   118  rt_task.o(i.rt_tsk_create)
    rt_tsk_delete                            0x080017c1   Thumb Code   352  rt_task.o(i.rt_tsk_delete)
    rt_tsk_prio                              0x0800193d   Thumb Code   108  rt_task.o(i.rt_tsk_prio)
    rt_tsk_self                              0x080019b9   Thumb Code    12  rt_task.o(i.rt_tsk_self)
    svcDelay                                 0x080019c9   Thumb Code    18  rt_cmsis.o(i.svcDelay)
    svcKernelInitialize                      0x080019dd   Thumb Code    80  rt_cmsis.o(i.svcKernelInitialize)
    svcKernelStart                           0x08001a4d   Thumb Code    62  rt_cmsis.o(i.svcKernelStart)
    svcMessageCreate                         0x08001a95   Thumb Code    36  rt_cmsis.o(i.svcMessageCreate)
    svcMessageGet                            0x08001ab9   Thumb Code    58  rt_cmsis.o(i.svcMessageGet)
    svcSignalSet                             0x08001af3   Thumb Code    36  rt_cmsis.o(i.svcSignalSet)
    svcSignalWait                            0x08001b19   Thumb Code    80  rt_cmsis.o(i.svcSignalWait)
    svcThreadCreate                          0x08001b6d   Thumb Code    96  rt_cmsis.o(i.svcThreadCreate)
    svcThreadGetId                           0x08001bd9   Thumb Code    22  rt_cmsis.o(i.svcThreadGetId)
    svcThreadTerminate                       0x08001bf5   Thumb Code    50  rt_cmsis.o(i.svcThreadTerminate)
    svcTimerCall                             0x08001c2d   Thumb Code    24  rt_cmsis.o(i.svcTimerCall)
    sysTimerTick                             0x08001c45   Thumb Code    84  rt_cmsis.o(i.sysTimerTick)
    CMSIS_RTOS_API_Version                   0x08001ca0   Data           4  lto-llvm-52724d.o(.rodata.CMSIS_RTOS_API_Version)
    CMSIS_RTOS_RTX_Version                   0x08001ca4   Data           4  lto-llvm-52724d.o(.rodata.CMSIS_RTOS_RTX_Version)
    mp_stk_size                              0x08001ce8   Data           4  lto-llvm-52724d.o(.rodata.mp_stk_size)
    mp_tcb_size                              0x08001cec   Data           2  lto-llvm-52724d.o(.rodata.mp_tcb_size)
    mp_tmr_size                              0x08001cee   Data           2  lto-llvm-52724d.o(.rodata.mp_tmr_size)
    os_clockrate                             0x08001cf0   Data           4  lto-llvm-52724d.o(.rodata.os_clockrate)
    os_fifo_size                             0x08001cf4   Data           1  lto-llvm-52724d.o(.rodata.os_fifo_size)
    os_flags                                 0x08001cf5   Data           1  lto-llvm-52724d.o(.rodata.os_flags)
    os_maxtaskrun                            0x08001cf6   Data           2  lto-llvm-52724d.o(.rodata.os_maxtaskrun)
    os_messageQ_def_osTimerMessageQ          0x08001cf8   Data           8  lto-llvm-52724d.o(.rodata.os_messageQ_def_osTimerMessageQ)
    os_rrobin                                0x08001d00   Data           4  lto-llvm-52724d.o(.rodata.os_rrobin)
    os_stack_sz                              0x08001d04   Data           4  lto-llvm-52724d.o(.rodata.os_stack_sz)
    os_stackinfo                             0x08001d08   Data           4  lto-llvm-52724d.o(.rodata.os_stackinfo)
    os_thread_def_osTimerThread              0x08001d3c   Data          16  lto-llvm-52724d.o(.rodata.os_thread_def_osTimerThread)
    os_timernum                              0x08001d4c   Data           4  lto-llvm-52724d.o(.rodata.os_timernum)
    os_trv                                   0x08001d50   Data           4  lto-llvm-52724d.o(.rodata.os_trv)
    Region$$Table$$Base                      0x08001d54   Number         0  anon$$obj.o(Region$$Table)
    Region$$Table$$Limit                     0x08001d74   Number         0  anon$$obj.o(Region$$Table)
    os_initialized                           0x20000000   Data           1  rt_cmsis.o(.data)
    os_running                               0x20000001   Data           1  rt_cmsis.o(.data)
    os_timer_head                            0x20000004   Data           4  rt_cmsis.o(.data)
    os_tsk                                   0x20000008   Data           8  rt_task.o(.data)
    os_tick_irqn                             0x20000014   Data           4  rt_system.o(.data)
    os_time                                  0x20000018   Data           4  rt_time.o(.data)
    os_robin                                 0x2000001c   Data           8  rt_robin.o(.data)
    dbg_msg                                  0x20000024   Data           1  hal_cm.o(.data)
    os_idle_TCB                              0x20000030   Data          52  rt_task.o(.bss)
    os_rdy                                   0x20000064   Data          24  rt_list.o(.bss)
    os_dly                                   0x2000007c   Data          24  rt_list.o(.bss)
    __libspace_start                         0x20000094   Data          96  libspace.o(.bss)
    __temporary_stack_top$libspace           0x200000f4   Data           0  libspace.o(.bss)
    m_tmr                                    0x20000100   Data           4  lto-llvm-52724d.o(.bss.m_tmr)
    mp_stk                                   0x20000108   Data        1216  lto-llvm-52724d.o(.bss.mp_stk)
    mp_tcb                                   0x200005c8   Data         376  lto-llvm-52724d.o(.bss.mp_tcb)
    osMessageQId_osTimerMessageQ             0x20000740   Data           4  lto-llvm-52724d.o(.bss.osMessageQId_osTimerMessageQ)
    osThreadId_osTimerThread                 0x20000744   Data           4  lto-llvm-52724d.o(.bss.osThreadId_osTimerThread)
    os_active_TCB                            0x20000748   Data          28  lto-llvm-52724d.o(.bss.os_active_TCB)
    os_fifo                                  0x20000764   Data         132  lto-llvm-52724d.o(.bss.os_fifo)
    os_stack_mem                             0x20000808   Data         432  lto-llvm-52724d.o(.bss.os_stack_mem)



==============================================================================

Memory Map of the image

  Image Entry point : 0x08000131

  Load Region LR_IROM1 (Base: 0x08000000, Size: 0x00001da8, Max: 0x00080000, ABSOLUTE)

    Execution Region ER_IROM1 (Exec base: 0x08000000, Load base: 0x08000000, Size: 0x00001d74, Max: 0x00080000, ABSOLUTE)

    Exec Addr    Load Addr    Size         Type   Attr      Idx    E Section Name        Object

    0x08000000   0x08000000   0x00000130   Data   RO           11    RESET               startup_stm32f10x_hd.o
    0x08000130   0x08000130   0x00000008   Code   RO         1240  * !!!main             c_w.l(__main.o)
    0x08000138   0x08000138   0x0000005c   Code   RO         1480    !!!scatter          c_w.l(__scatter.o)
    0x08000194   0x08000194   0x0000001a   Code   RO         1484    !!handler_copy      c_w.l(__scatter_copy.o)
    0x080001ae   0x080001ae   0x00000002   PAD
    0x080001b0   0x080001b0   0x00000002   Code   RO         1481    !!handler_null      c_w.l(__scatter.o)
    0x080001b2   0x080001b2   0x00000002   PAD
    0x080001b4   0x080001b4   0x0000001c   Code   RO         1486    !!handler_zi        c_w.l(__scatter_zi.o)
    0x080001d0   0x080001d0   0x00000002   Code   RO         1276    .ARM.Collect$$libinit$$00000000  c_w.l(libinit.o)
    0x080001d2   0x080001d2   0x00000000   Code   RO         1286    .ARM.Collect$$libinit$$00000002  c_w.l(libinit2.o)
    0x080001d2   0x080001d2   0x00000000   Code   RO         1288    .ARM.Collect$$libinit$$00000004  c_w.l(libinit2.o)
    0x080001d2   0x080001d2   0x00000000   Code   RO         1290    .ARM.Collect$$libinit$$00000006  c_w.l(libinit2.o)
    0x080001d2   0x080001d2   0x00000000   Code   RO         1293    .ARM.Collect$$libinit$$0000000C  c_w.l(libinit2.o)
    0x080001d2   0x080001d2   0x00000000   Code   RO         1295    .ARM.Collect$$libinit$$0000000E  c_w.l(libinit2.o)
    0x080001d2   0x080001d2   0x00000000   Code   RO         1297    .ARM.Collect$$libinit$$00000010  c_w.l(libinit2.o)
    0x080001d2   0x080001d2   0x00000000   Code   RO         1300    .ARM.Collect$$libinit$$00000013  c_w.l(libinit2.o)
    0x080001d2   0x080001d2   0x00000000   Code   RO         1302    .ARM.Collect$$libinit$$00000015  c_w.l(libinit2.o)
    0x080001d2   0x080001d2   0x00000000   Code   RO         1304    .ARM.Collect$$libinit$$00000017  c_w.l(libinit2.o)
    0x080001d2   0x080001d2   0x00000000   Code   RO         1306    .ARM.Collect$$libinit$$00000019  c_w.l(libinit2.o)
    0x080001d2   0x080001d2   0x00000000   Code   RO         1308    .ARM.Collect$$libinit$$0000001B  c_w.l(libinit2.o)
    0x080001d2   0x080001d2   0x00000000   Code   RO         1310    .ARM.Collect$$libinit$$0000001D  c_w.l(libinit2.o)
    0x080001d2   0x080001d2   0x00000000   Code   RO         1312    .ARM.Collect$$libinit$$0000001F  c_w.l(libinit2.o)
    0x080001d2   0x080001d2   0x00000000   Code   RO         1314    .ARM.Collect$$libinit$$00000021  c_w.l(libinit2.o)
    0x080001d2   0x080001d2   0x00000000   Code   RO         1316    .ARM.Collect$$libinit$$00000023  c_w.l(libinit2.o)
    0x080001d2   0x080001d2   0x00000000   Code   RO         1318    .ARM.Collect$$libinit$$00000025  c_w.l(libinit2.o)
    0x080001d2   0x080001d2   0x00000000   Code   RO         1320    .ARM.Collect$$libinit$$00000027  c_w.l(libinit2.o)
    0x080001d2   0x080001d2   0x00000000   Code   RO         1324    .ARM.Collect$$libinit$$0000002E  c_w.l(libinit2.o)
    0x080001d2   0x080001d2   0x00000000   Code   RO         1326    .ARM.Collect$$libinit$$00000030  c_w.l(libinit2.o)
    0x080001d2   0x080001d2   0x00000000   Code   RO         1328    .ARM.Collect$$libinit$$00000032  c_w.l(libinit2.o)
    0x080001d2   0x080001d2   0x00000000   Code   RO         1330    .ARM.Collect$$libinit$$00000034  c_w.l(libinit2.o)
    0x080001d2   0x080001d2   0x00000002   Code   RO         1331    .ARM.Collect$$libinit$$00000035  c_w.l(libinit2.o)
    0x080001d4   0x080001d4   0x00000002   Code   RO         1366    .ARM.Collect$$libshutdown$$00000000  c_w.l(libshutdown.o)
    0x080001d6   0x080001d6   0x00000000   Code   RO         1394    .ARM.Collect$$libshutdown$$00000002  c_w.l(libshutdown2.o)
    0x080001d6   0x080001d6   0x00000000   Code   RO         1396    .ARM.Collect$$libshutdown$$00000004  c_w.l(libshutdown2.o)
    0x080001d6   0x080001d6   0x00000000   Code   RO         1399    .ARM.Collect$$libshutdown$$00000007  c_w.l(libshutdown2.o)
    0x080001d6   0x080001d6   0x00000000   Code   RO         1402    .ARM.Collect$$libshutdown$$0000000A  c_w.l(libshutdown2.o)
    0x080001d6   0x080001d6   0x00000000   Code   RO         1404    .ARM.Collect$$libshutdown$$0000000C  c_w.l(libshutdown2.o)
    0x080001d6   0x080001d6   0x00000000   Code   RO         1407    .ARM.Collect$$libshutdown$$0000000F  c_w.l(libshutdown2.o)
    0x080001d6   0x080001d6   0x00000002   Code   RO         1408    .ARM.Collect$$libshutdown$$00000010  c_w.l(libshutdown2.o)
    0x080001d8   0x080001d8   0x00000000   Code   RO         1242    .ARM.Collect$$rtentry$$00000000  c_w.l(__rtentry.o)
    0x080001d8   0x080001d8   0x00000000   Code   RO         1248    .ARM.Collect$$rtentry$$00000002  c_w.l(__rtentry2.o)
    0x080001d8   0x080001d8   0x00000006   Code   RO         1260    .ARM.Collect$$rtentry$$00000004  c_w.l(__rtentry4.o)
    0x080001de   0x080001de   0x00000000   Code   RO         1250    .ARM.Collect$$rtentry$$00000009  c_w.l(__rtentry2.o)
    0x080001de   0x080001de   0x00000004   Code   RO         1251    .ARM.Collect$$rtentry$$0000000A  c_w.l(__rtentry2.o)
    0x080001e2   0x080001e2   0x00000008   Code   RO         1252    .ARM.Collect$$rtentry$$0000000B  c_w.l(__rtentry2.o)
    0x080001ea   0x080001ea   0x00000008   Code   RO         1254    .ARM.Collect$$rtentry$$0000000D  c_w.l(__rtentry2.o)
    0x080001f2   0x080001f2   0x00000002   Code   RO         1277    .ARM.Collect$$rtexit$$00000000  c_w.l(rtexit.o)
    0x080001f4   0x080001f4   0x00000000   Code   RO         1337    .ARM.Collect$$rtexit$$00000002  c_w.l(rtexit2.o)
    0x080001f4   0x080001f4   0x00000004   Code   RO         1338    .ARM.Collect$$rtexit$$00000003  c_w.l(rtexit2.o)
    0x080001f8   0x080001f8   0x00000006   Code   RO         1339    .ARM.Collect$$rtexit$$00000004  c_w.l(rtexit2.o)
    0x080001fe   0x080001fe   0x00000002   PAD
    0x08000200   0x08000200   0x00000130   Code   RO         1218    .emb_text           RTX_CM3.lib(hal_cm3.o)
    0x08000330   0x08000330   0x00000040   Code   RO           12    .text               startup_stm32f10x_hd.o
    0x08000370   0x08000370   0x00000008   Code   RO         1233    .text               c_w.l(libspace.o)
    0x08000378   0x08000378   0x00000006   Code   RO         1238    .text               c_w.l(heapauxi.o)
    0x0800037e   0x0800037e   0x0000004a   Code   RO         1264    .text               c_w.l(sys_stackheap_outer.o)
    0x080003c8   0x080003c8   0x00000012   Code   RO         1266    .text               c_w.l(exit.o)
    0x080003da   0x080003da   0x00000002   PAD
    0x080003dc   0x080003dc   0x0000000c   Code   RO         1332    .text               c_w.l(sys_exit.o)
    0x080003e8   0x080003e8   0x00000002   Code   RO         1355    .text               c_w.l(use_no_semi.o)
    0x080003ea   0x080003ea   0x00000000   Code   RO         1357    .text               c_w.l(indicate_semi.o)
    0x080003ea   0x080003ea   0x00000002   PAD
    0x080003ec   0x080003ec   0x00000020   Code   RO         1416    .text.ADC1_2_IRQHandler  lto-llvm-52724d.o
    0x0800040c   0x0800040c   0x000000a0   Code   RO         1434    .text.GPIO_PinConfigure  lto-llvm-52724d.o
    0x080004ac   0x080004ac   0x00000040   Code   RO         1432    .text.GPIO_PortClock  lto-llvm-52724d.o
    0x080004ec   0x080004ec   0x000000f0   Code   RO         1436    .text.SystemInit    lto-llvm-52724d.o
    0x080005dc   0x080005dc   0x0000003c   Code   RO         1412    .text.Thread_ADC    lto-llvm-52724d.o
    0x08000618   0x08000618   0x00000044   Code   RO         1414    .text.Thread_LED    lto-llvm-52724d.o
    0x0800065c   0x0800065c   0x00000014   Code   RO         1428    .text.__osSignalWait  lto-llvm-52724d.o
    0x08000670   0x08000670   0x00000018   Code   RO         1418    .text._mutex_acquire  lto-llvm-52724d.o
    0x08000688   0x08000688   0x00000018   Code   RO         1420    .text._mutex_release  lto-llvm-52724d.o
    0x080006a0   0x080006a0   0x00000018   Code   RO         1430    .text._platform_post_lib_init  lto-llvm-52724d.o
    0x080006b8   0x080006b8   0x00000164   Code   RO         1410    .text.main          lto-llvm-52724d.o
    0x0800081c   0x0800081c   0x00000002   Code   RO         1424    .text.os_error      lto-llvm-52724d.o
    0x0800081e   0x0800081e   0x00000002   Code   RO         1422    .text.os_idle_demon  lto-llvm-52724d.o
    0x08000820   0x08000820   0x00000004   Code   RO         1228    SVC_TABLE           RTX_CM3.lib(svc_table.o)
    0x08000824   0x08000824   0x00000046   Code   RO         1117    i._init_box         RTX_CM3.lib(rt_membox.o)
    0x0800086a   0x0800086a   0x00000002   PAD
    0x0800086c   0x0800086c   0x00000030   Code   RO         1170    i.dbg_init          RTX_CM3.lib(hal_cm.o)
    0x0800089c   0x0800089c   0x00000020   Code   RO         1171    i.dbg_task_notify   RTX_CM3.lib(hal_cm.o)
    0x080008bc   0x080008bc   0x00000010   Code   RO         1172    i.dbg_task_switch   RTX_CM3.lib(hal_cm.o)
    0x080008cc   0x080008cc   0x0000002a   Code   RO           22    i.isrMessageGet     RTX_CM3.lib(rt_cmsis.o)
    0x080008f6   0x080008f6   0x0000002c   Code   RO           23    i.isrMessagePut     RTX_CM3.lib(rt_cmsis.o)
    0x08000922   0x08000922   0x00000024   Code   RO           25    i.isrSignalSet      RTX_CM3.lib(rt_cmsis.o)
    0x08000946   0x08000946   0x00000002   PAD
    0x08000948   0x08000948   0x00000028   Code   RO          854    i.isr_evt_set       RTX_CM3.lib(rt_event.o)
    0x08000970   0x08000970   0x00000056   Code   RO          972    i.isr_mbx_receive   RTX_CM3.lib(rt_mailbox.o)
    0x080009c6   0x080009c6   0x0000000e   Code   RO          973    i.isr_mbx_send      RTX_CM3.lib(rt_mailbox.o)
    0x080009d4   0x080009d4   0x00000018   Code   RO           26    i.osDelay           RTX_CM3.lib(rt_cmsis.o)
    0x080009ec   0x080009ec   0x00000024   Code   RO           27    i.osKernelInitialize  RTX_CM3.lib(rt_cmsis.o)
    0x08000a10   0x08000a10   0x0000006c   Code   RO           29    i.osKernelStart     RTX_CM3.lib(rt_cmsis.o)
    0x08000a7c   0x08000a7c   0x00000018   Code   RO           38    i.osMessageGet      RTX_CM3.lib(rt_cmsis.o)
    0x08000a94   0x08000a94   0x00000018   Code   RO           53    i.osSignalSet       RTX_CM3.lib(rt_cmsis.o)
    0x08000aac   0x08000aac   0x00000018   Code   RO           54    i.osSignalWait      RTX_CM3.lib(rt_cmsis.o)
    0x08000ac4   0x08000ac4   0x0000002c   Code   RO           55    i.osThreadCreate    RTX_CM3.lib(rt_cmsis.o)
    0x08000af0   0x08000af0   0x00000018   Code   RO           56    i.osThreadExit      RTX_CM3.lib(rt_cmsis.o)
    0x08000b08   0x08000b08   0x0000000c   Code   RO           62    i.osTimerCall       RTX_CM3.lib(rt_cmsis.o)
    0x08000b14   0x08000b14   0x0000002c   Code   RO           67    i.osTimerThread     RTX_CM3.lib(rt_cmsis.o)
    0x08000b40   0x08000b40   0x00000028   Code   RO          764    i.os_tick_init      RTX_CM3.lib(rt_system.o)
    0x08000b68   0x08000b68   0x00000002   Code   RO          765    i.os_tick_irqack    RTX_CM3.lib(rt_system.o)
    0x08000b6a   0x08000b6a   0x0000001a   Code   RO         1118    i.rt_alloc_box      RTX_CM3.lib(rt_membox.o)
    0x08000b84   0x08000b84   0x0000003e   Code   RO         1146    i.rt_alloc_mem      RTX_CM3.lib(rt_memory.o)
    0x08000bc2   0x08000bc2   0x00000002   PAD
    0x08000bc4   0x08000bc4   0x00000038   Code   RO          645    i.rt_block          RTX_CM3.lib(rt_task.o)
    0x08000bfc   0x08000bfc   0x00000048   Code   RO         1095    i.rt_chk_robin      RTX_CM3.lib(rt_robin.o)
    0x08000c44   0x08000c44   0x00000070   Code   RO          896    i.rt_dec_dly        RTX_CM3.lib(rt_list.o)
    0x08000cb4   0x08000cb4   0x00000044   Code   RO          646    i.rt_dispatch       RTX_CM3.lib(rt_task.o)
    0x08000cf8   0x08000cf8   0x00000006   Code   RO         1062    i.rt_dly_wait       RTX_CM3.lib(rt_time.o)
    0x08000cfe   0x08000cfe   0x00000002   PAD
    0x08000d00   0x08000d00   0x00000050   Code   RO          857    i.rt_evt_psh        RTX_CM3.lib(rt_event.o)
    0x08000d50   0x08000d50   0x0000005c   Code   RO          858    i.rt_evt_set        RTX_CM3.lib(rt_event.o)
    0x08000dac   0x08000dac   0x0000003c   Code   RO          859    i.rt_evt_wait       RTX_CM3.lib(rt_event.o)
    0x08000de8   0x08000de8   0x0000002c   Code   RO         1119    i.rt_free_box       RTX_CM3.lib(rt_membox.o)
    0x08000e14   0x08000e14   0x00000028   Code   RO         1147    i.rt_free_mem       RTX_CM3.lib(rt_memory.o)
    0x08000e3c   0x08000e3c   0x00000028   Code   RO          897    i.rt_get_first      RTX_CM3.lib(rt_list.o)
    0x08000e64   0x08000e64   0x00000008   Code   RO           72    i.rt_id2obj         RTX_CM3.lib(rt_cmsis.o)
    0x08000e6c   0x08000e6c   0x00000048   Code   RO          647    i.rt_init_context   RTX_CM3.lib(rt_task.o)
    0x08000eb4   0x08000eb4   0x0000001a   Code   RO         1148    i.rt_init_mem       RTX_CM3.lib(rt_memory.o)
    0x08000ece   0x08000ece   0x00000002   PAD
    0x08000ed0   0x08000ed0   0x00000018   Code   RO         1096    i.rt_init_robin     RTX_CM3.lib(rt_robin.o)
    0x08000ee8   0x08000ee8   0x00000080   Code   RO         1173    i.rt_init_stack     RTX_CM3.lib(hal_cm.o)
    0x08000f68   0x08000f68   0x00000008   Code   RO          974    i.rt_mbx_check      RTX_CM3.lib(rt_mailbox.o)
    0x08000f70   0x08000f70   0x0000001a   Code   RO          975    i.rt_mbx_init       RTX_CM3.lib(rt_mailbox.o)
    0x08000f8a   0x08000f8a   0x00000002   PAD
    0x08000f8c   0x08000f8c   0x000000f0   Code   RO          976    i.rt_mbx_psh        RTX_CM3.lib(rt_mailbox.o)
    0x0800107c   0x0800107c   0x000000b4   Code   RO          978    i.rt_mbx_wait       RTX_CM3.lib(rt_mailbox.o)
    0x08001130   0x08001130   0x00000044   Code   RO           73    i.rt_ms2tick        RTX_CM3.lib(rt_cmsis.o)
    0x08001174   0x08001174   0x000000d8   Code   RO          731    i.rt_mut_release    RTX_CM3.lib(rt_mutex.o)
    0x0800124c   0x0800124c   0x00000078   Code   RO          732    i.rt_mut_wait       RTX_CM3.lib(rt_mutex.o)
    0x080012c4   0x080012c4   0x0000007c   Code   RO          768    i.rt_pop_req        RTX_CM3.lib(rt_system.o)
    0x08001340   0x08001340   0x00000020   Code   RO          769    i.rt_psh_req        RTX_CM3.lib(rt_system.o)
    0x08001360   0x08001360   0x0000005c   Code   RO          899    i.rt_psq_enq        RTX_CM3.lib(rt_list.o)
    0x080013bc   0x080013bc   0x00000048   Code   RO          900    i.rt_put_dly        RTX_CM3.lib(rt_list.o)
    0x08001404   0x08001404   0x00000036   Code   RO          901    i.rt_put_prio       RTX_CM3.lib(rt_list.o)
    0x0800143a   0x0800143a   0x00000002   PAD
    0x0800143c   0x0800143c   0x00000014   Code   RO          902    i.rt_put_rdy_first  RTX_CM3.lib(rt_list.o)
    0x08001450   0x08001450   0x00000034   Code   RO          903    i.rt_resort_prio    RTX_CM3.lib(rt_list.o)
    0x08001484   0x08001484   0x00000006   Code   RO         1174    i.rt_ret_val        RTX_CM3.lib(hal_cm.o)
    0x0800148a   0x0800148a   0x00000008   Code   RO         1175    i.rt_ret_val2       RTX_CM3.lib(hal_cm.o)
    0x08001492   0x08001492   0x00000028   Code   RO          904    i.rt_rmv_dly        RTX_CM3.lib(rt_list.o)
    0x080014ba   0x080014ba   0x00000002   PAD
    0x080014bc   0x080014bc   0x00000030   Code   RO          905    i.rt_rmv_list       RTX_CM3.lib(rt_list.o)
    0x080014ec   0x080014ec   0x00000034   Code   RO         1023    i.rt_sem_psh        RTX_CM3.lib(rt_semaphore.o)
    0x08001520   0x08001520   0x00000024   Code   RO          771    i.rt_stk_check      RTX_CM3.lib(rt_system.o)
    0x08001544   0x08001544   0x00000028   Code   RO          648    i.rt_switch_req     RTX_CM3.lib(rt_task.o)
    0x0800156c   0x0800156c   0x000000cc   Code   RO          649    i.rt_sys_init       RTX_CM3.lib(rt_task.o)
    0x08001638   0x08001638   0x00000078   Code   RO          650    i.rt_sys_start      RTX_CM3.lib(rt_task.o)
    0x080016b0   0x080016b0   0x00000040   Code   RO          773    i.rt_systick        RTX_CM3.lib(rt_system.o)
    0x080016f0   0x080016f0   0x00000012   Code   RO           74    i.rt_tid2ptcb       RTX_CM3.lib(rt_cmsis.o)
    0x08001702   0x08001702   0x00000002   PAD
    0x08001704   0x08001704   0x00000034   Code   RO           75    i.rt_timer_insert   RTX_CM3.lib(rt_cmsis.o)
    0x08001738   0x08001738   0x00000088   Code   RO          651    i.rt_tsk_create     RTX_CM3.lib(rt_task.o)
    0x080017c0   0x080017c0   0x0000017c   Code   RO          652    i.rt_tsk_delete     RTX_CM3.lib(rt_task.o)
    0x0800193c   0x0800193c   0x0000007c   Code   RO          654    i.rt_tsk_prio       RTX_CM3.lib(rt_task.o)
    0x080019b8   0x080019b8   0x00000010   Code   RO          655    i.rt_tsk_self       RTX_CM3.lib(rt_task.o)
    0x080019c8   0x080019c8   0x00000012   Code   RO           77    i.svcDelay          RTX_CM3.lib(rt_cmsis.o)
    0x080019da   0x080019da   0x00000002   PAD
    0x080019dc   0x080019dc   0x00000070   Code   RO           78    i.svcKernelInitialize  RTX_CM3.lib(rt_cmsis.o)
    0x08001a4c   0x08001a4c   0x00000048   Code   RO           80    i.svcKernelStart    RTX_CM3.lib(rt_cmsis.o)
    0x08001a94   0x08001a94   0x00000024   Code   RO           83    i.svcMessageCreate  RTX_CM3.lib(rt_cmsis.o)
    0x08001ab8   0x08001ab8   0x0000003a   Code   RO           84    i.svcMessageGet     RTX_CM3.lib(rt_cmsis.o)
    0x08001af2   0x08001af2   0x00000024   Code   RO           96    i.svcSignalSet      RTX_CM3.lib(rt_cmsis.o)
    0x08001b16   0x08001b16   0x00000002   PAD
    0x08001b18   0x08001b18   0x00000054   Code   RO           97    i.svcSignalWait     RTX_CM3.lib(rt_cmsis.o)
    0x08001b6c   0x08001b6c   0x0000006c   Code   RO           98    i.svcThreadCreate   RTX_CM3.lib(rt_cmsis.o)
    0x08001bd8   0x08001bd8   0x0000001c   Code   RO           99    i.svcThreadGetId    RTX_CM3.lib(rt_cmsis.o)
    0x08001bf4   0x08001bf4   0x00000038   Code   RO          102    i.svcThreadTerminate  RTX_CM3.lib(rt_cmsis.o)
    0x08001c2c   0x08001c2c   0x00000018   Code   RO          104    i.svcTimerCall      RTX_CM3.lib(rt_cmsis.o)
    0x08001c44   0x08001c44   0x0000005c   Code   RO          113    i.sysTimerTick      RTX_CM3.lib(rt_cmsis.o)
    0x08001ca0   0x08001ca0   0x00000004   Data   RO         1448    .rodata.CMSIS_RTOS_API_Version  lto-llvm-52724d.o
    0x08001ca4   0x08001ca4   0x00000004   Data   RO         1449    .rodata.CMSIS_RTOS_RTX_Version  lto-llvm-52724d.o
    0x08001ca8   0x08001ca8   0x00000040   Data   RO         1442    .rodata.Pin_LED     lto-llvm-52724d.o
    0x08001ce8   0x08001ce8   0x00000004   Data   RO         1453    .rodata.mp_stk_size  lto-llvm-52724d.o
    0x08001cec   0x08001cec   0x00000002   Data   RO         1452    .rodata.mp_tcb_size  lto-llvm-52724d.o
    0x08001cee   0x08001cee   0x00000002   Data   RO         1460    .rodata.mp_tmr_size  lto-llvm-52724d.o
    0x08001cf0   0x08001cf0   0x00000004   Data   RO         1450    .rodata.os_clockrate  lto-llvm-52724d.o
    0x08001cf4   0x08001cf4   0x00000001   Data   RO         1455    .rodata.os_fifo_size  lto-llvm-52724d.o
    0x08001cf5   0x08001cf5   0x00000001   Data   RO         1447    .rodata.os_flags    lto-llvm-52724d.o
    0x08001cf6   0x08001cf6   0x00000002   Data   RO         1443    .rodata.os_maxtaskrun  lto-llvm-52724d.o
    0x08001cf8   0x08001cf8   0x00000008   Data   RO         1458    .rodata.os_messageQ_def_osTimerMessageQ  lto-llvm-52724d.o
    0x08001d00   0x08001d00   0x00000004   Data   RO         1445    .rodata.os_rrobin   lto-llvm-52724d.o
    0x08001d04   0x08001d04   0x00000004   Data   RO         1454    .rodata.os_stack_sz  lto-llvm-52724d.o
    0x08001d08   0x08001d08   0x00000004   Data   RO         1444    .rodata.os_stackinfo  lto-llvm-52724d.o
    0x08001d0c   0x08001d0c   0x00000010   Data   RO         1439    .rodata.os_thread_def_Thread_ADC  lto-llvm-52724d.o
    0x08001d1c   0x08001d1c   0x00000010   Data   RO         1441    .rodata.os_thread_def_Thread_LED  lto-llvm-52724d.o
    0x08001d2c   0x08001d2c   0x00000010   Data   RO         1462    .rodata.os_thread_def_main  lto-llvm-52724d.o
    0x08001d3c   0x08001d3c   0x00000010   Data   RO         1456    .rodata.os_thread_def_osTimerThread  lto-llvm-52724d.o
    0x08001d4c   0x08001d4c   0x00000004   Data   RO         1451    .rodata.os_timernum  lto-llvm-52724d.o
    0x08001d50   0x08001d50   0x00000004   Data   RO         1446    .rodata.os_trv      lto-llvm-52724d.o
    0x08001d54   0x08001d54   0x00000020   Data   RO         1479    Region$$Table       anon$$obj.o


    Execution Region RW_IRAM1 (Exec base: 0x20000000, Load base: 0x08001d78, Size: 0x00000fb8, Max: 0x00010000, ABSOLUTE)

    Exec Addr    Load Addr    Size         Type   Attr      Idx    E Section Name        Object

    0x20000000   0x08001d78   0x00000008   Data   RW          116    .data               RTX_CM3.lib(rt_cmsis.o)
    0x20000008   0x08001d80   0x00000008   Data   RW          657    .data               RTX_CM3.lib(rt_task.o)
    0x20000010   0x08001d88   0x00000008   Data   RW          776    .data               RTX_CM3.lib(rt_system.o)
    0x20000018   0x08001d90   0x00000004   Data   RW         1066    .data               RTX_CM3.lib(rt_time.o)
    0x2000001c   0x08001d94   0x00000008   Data   RW         1097    .data               RTX_CM3.lib(rt_robin.o)
    0x20000024   0x08001d9c   0x00000001   Data   RW         1176    .data               RTX_CM3.lib(hal_cm.o)
    0x20000025   0x08001d9d   0x00000003   PAD
    0x20000028   0x08001da0   0x00000004   Data   RW         1440    .data.delay_val     lto-llvm-52724d.o
    0x2000002c   0x08001da4   0x00000004   PAD
    0x20000030        -       0x00000034   Zero   RW          656    .bss                RTX_CM3.lib(rt_task.o)
    0x20000064        -       0x00000030   Zero   RW          906    .bss                RTX_CM3.lib(rt_list.o)
    0x20000094        -       0x00000060   Zero   RW         1234    .bss                c_w.l(libspace.o)
    0x200000f4        -       0x0000000c   Zero   RW         1470    .bss..L_MergedGlobals  lto-llvm-52724d.o
    0x20000100        -       0x00000004   Zero   RW         1459    .bss.m_tmr          lto-llvm-52724d.o
    0x20000104   0x08001da4   0x00000004   PAD
    0x20000108        -       0x000004c0   Zero   RW         1464    .bss.mp_stk         lto-llvm-52724d.o
    0x200005c8        -       0x00000178   Zero   RW         1463    .bss.mp_tcb         lto-llvm-52724d.o
    0x20000740        -       0x00000004   Zero   RW         1469    .bss.osMessageQId_osTimerMessageQ  lto-llvm-52724d.o
    0x20000744        -       0x00000004   Zero   RW         1468    .bss.osThreadId_osTimerThread  lto-llvm-52724d.o
    0x20000748        -       0x0000001c   Zero   RW         1467    .bss.os_active_TCB  lto-llvm-52724d.o
    0x20000764        -       0x00000084   Zero   RW         1466    .bss.os_fifo        lto-llvm-52724d.o
    0x200007e8        -       0x00000020   Zero   RW         1457    .bss.os_messageQ_q_osTimerMessageQ  lto-llvm-52724d.o
    0x20000808        -       0x000001b0   Zero   RW         1465    .bss.os_stack_mem   lto-llvm-52724d.o
    0x200009b8        -       0x00000200   Zero   RW           10    HEAP                startup_stm32f10x_hd.o
    0x20000bb8        -       0x00000400   Zero   RW            9    STACK               startup_stm32f10x_hd.o


==============================================================================

Image component sizes


      Code (inc. data)   RO Data    RW Data    ZI Data      Debug   Object Name

      1076        160        180          4       2240      19377   lto-llvm-52724d.o
        64         26        304          0       1536        848   startup_stm32f10x_hd.o

    ----------------------------------------------------------------------
      1140        186        516          4       3784      20225   Object Totals
         0          0         32          0          0          0   (incl. Generated)
         0          0          0          0          8          0   (incl. Padding)

    ----------------------------------------------------------------------

      Code (inc. data)   RO Data    RW Data    ZI Data      Debug   Library Member Name

       238         24          0          1          0       3244   hal_cm.o
       304         36          0          0          0        756   hal_cm3.o
      1356        160          0          8          0      38022   rt_cmsis.o
       272         18          0          0          0       2606   rt_event.o
       530         34          0          0         48       8157   rt_list.o
       554         10          0          0          0       3889   rt_mailbox.o
       140          0          0          0          0       1889   rt_membox.o
       128          0          0          0          0       2267   rt_memory.o
       336         14          0          0          0       1623   rt_mutex.o
        96         22          0          8          0       1134   rt_robin.o
        52          4          0          0          0        565   rt_semaphore.o
       298         52          0          8          0       6139   rt_system.o
      1216        174          0          8         52       9537   rt_task.o
         6          0          0          4          0        636   rt_time.o
         4          4          0          0          0        196   svc_table.o
         8          0          0          0          0         68   __main.o
         0          0          0          0          0          0   __rtentry.o
        20          0          0          0          0          0   __rtentry2.o
         6          0          0          0          0          0   __rtentry4.o
        94          8          0          0          0          0   __scatter.o
        26          0          0          0          0          0   __scatter_copy.o
        28          0          0          0          0          0   __scatter_zi.o
        18          0          0          0          0         80   exit.o
         6          0          0          0          0        152   heapauxi.o
         0          0          0          0          0          0   indicate_semi.o
         2          0          0          0          0          0   libinit.o
         2          0          0          0          0          0   libinit2.o
         2          0          0          0          0          0   libshutdown.o
         2          0          0          0          0          0   libshutdown2.o
         8          4          0          0         96         68   libspace.o
         2          0          0          0          0          0   rtexit.o
        10          0          0          0          0          0   rtexit2.o
        12          4          0          0          0         68   sys_exit.o
        74          0          0          0          0         80   sys_stackheap_outer.o
         2          0          0          0          0         68   use_no_semi.o

    ----------------------------------------------------------------------
      5884        568          0         40        196      81244   Library Totals
        32          0          0          3          0          0   (incl. Padding)

    ----------------------------------------------------------------------

      Code (inc. data)   RO Data    RW Data    ZI Data      Debug   Library Name

      5530        552          0         37        100      80660   RTX_CM3.lib
       322         16          0          0         96        584   c_w.l

    ----------------------------------------------------------------------
      5884        568          0         40        196      81244   Library Totals

    ----------------------------------------------------------------------

==============================================================================


      Code (inc. data)   RO Data    RW Data    ZI Data      Debug   

      7024        754        516         44       3980      97321   Grand Totals
      7024        754        516         44       3980      97321   ELF Image Totals
      7024        754        516         44          0          0   ROM Totals

==============================================================================

    Total RO  Size (Code + RO Data)                 7540 (   7.36kB)
    Total RW  Size (RW Data + ZI Data)              4024 (   3.93kB)
    Total ROM Size (Code + RO Data + RW Data)       7584 (   7.41kB)

==============================================================================

