<html>
<body>
<pre>
<h1>µVision Build Log</h1>
<h2>Tool Versions:</h2>
IDE-Version: ¦ÌVision V5.39.0.0
Copyright (C) 2023 ARM Ltd and ARM Germany GmbH. All rights reserved.
License Information: chen mo, Emdoor, LIC=EPPLD-8980P-5BBEB-2AS3B-1DVA6-1DKQC
 
Tool Versions:
Toolchain:       MDK-ARM Professional  Version: 5.39.0.0
Toolchain Path:  D:\Keil_MDK539\ARM\ARMCLANG\Bin
C Compiler:      ArmClang.exe V6.21
Assembler:       Armasm.exe V6.21
Linker/Locator:  ArmLink.exe V6.21
Library Manager: ArmAr.exe V6.21
Hex Converter:   FromElf.exe V6.21
CPU DLL:         SARMCM3.DLL V5.39.0.0
Dialog DLL:      DARMSTM.DLL V1.69.1.0
Target DLL:      UL2CM3.DLL V1.164.9.0
Dialog DLL:      TARMSTM.DLL V1.67.1.0
 
<h2>Project:</h2>
D:\MDK_Project\Example_Code\cmsis-rtos-blinky-AC6-103\Blinky.uvprojx
Project File Date:  06/07/2024

<h2>Output:</h2>
*** Using Compiler 'V6.21', folder: 'D:\Keil_MDK539\ARM\ARMCLANG\Bin'
Rebuild target 'STM32F103 Flash'
compiling system_stm32f10x.c...
compiling LED_MCBSTM32E.c...
assembling startup_stm32f10x_hd.s...
compiling Thread_LED.c...
compiling Thread_ADC.c...
compiling RTX_Conf_CM.c...
compiling Buttons_MCBSTM32E.c...
Blinky.c(16): warning: In file included from...
D:/Keil_MDK539/Arm/Packs/ARM/CMSIS/5.9.0/CMSIS/RTOS/RTX/INC\cmsis_os.h(73): warning: '__NO_RETURN' macro redefined [-Wmacro-redefined]
   73 | #define __NO_RETURN __attribute__((noreturn))
      |         ^
D:/Keil_MDK539/Arm/Packs/ARM/CMSIS/5.9.0/CMSIS/Core/Include/cmsis_armclang.h(46): note: previous definition is here
   46 |   #define __NO_RETURN                            __attribute__((__noreturn__))
      |           ^
1 warning generated.
compiling Blinky.c...
compiling ADC_MCBSTM32E.c...
compiling GPIO_STM32F10x.c...
linking...
Program Size: Code=7024 RO-data=516 RW-data=44 ZI-data=3980  
".\Flash\Blinky.axf" - 0 Error(s), 1 Warning(s).

<h2>Software Packages used:</h2>

Package Vendor: ARM
                http://www.keil.com/pack/ARM.CMSIS.5.9.0.pack
                ARM::CMSIS@5.9.0
                CMSIS (Common Microcontroller Software Interface Standard)
   * Component: RTOS Version: 1.0.0
   * Component: CORE Version: 5.6.0
   * Component: Keil RTX Version: 4.82.0

Package Vendor: Keil
                https://www.keil.com/pack/Keil.MDK-Middleware.7.16.0.pack
                Keil::MDK-Middleware@7.16.0
                Middleware for Keil MDK-Professional and MDK-Plus
   * Component: A/D Converter Version: 1.0.0
   * Component: Buttons Version: 1.0.0
   * Component: LED Version: 1.0.0

Package Vendor: Keil
                https://www.keil.com/pack/Keil.STM32F1xx_DFP.2.4.1.pack
                Keil::STM32F1xx_DFP@2.4.1
                STMicroelectronics STM32F1 Series Device Support, Drivers and Examples
   * Component: A/D Converter Version: 2.0.0
   * Component: Buttons Version: 2.0.0
   * Component: LED Version: 2.0.0
   * Component: GPIO Version: 1.3
   * Component: Startup Version: 1.0.0

<h2>Collection of Component include folders:</h2>
  ./RTE/Device/STM32F103ZE
  ./RTE/_STM32F103_Flash
  D:/Keil_MDK539/Arm/Packs/ARM/CMSIS/5.9.0/CMSIS/Core/Include
  D:/Keil_MDK539/Arm/Packs/ARM/CMSIS/5.9.0/CMSIS/RTOS/RTX/INC
  D:/Keil_MDK539/Arm/Packs/Keil/MDK-Middleware/7.16.0/Board
  D:/Keil_MDK539/Arm/Packs/Keil/STM32F1xx_DFP/2.4.1/Device/Include
  D:/Keil_MDK539/Arm/Packs/Keil/STM32F1xx_DFP/2.4.1/RTE_Driver

<h2>Collection of Component Files used:</h2>

   * Component: ::Board Support:A/D Converter(API)@1.0.0
      Include file:  Board/Board_ADC.h

   * Component: ::Board Support:Buttons(API)@1.0.0
      Include file:  Board/Board_Buttons.h

   * Component: ::Board Support:LED(API)@1.0.0
      Include file:  Board/Board_LED.h

   * Component: ::CMSIS:RTOS(API)@1.0.0

   * Component: ARM::CMSIS:CORE@5.6.0

   * Component: ARM::CMSIS:RTOS:Keil RTX@4.82.0
      Source file:   CMSIS/RTOS/RTX/Templates/RTX_Conf_CM.c
      Source file:   CMSIS/RTOS/RTX/UserCodeTemplates/Timer.c
      Source file:   CMSIS/RTOS/RTX/UserCodeTemplates/MsgQueue.c
      Source file:   CMSIS/RTOS/RTX/UserCodeTemplates/main.c
      Include file:  CMSIS/RTOS/RTX/INC/cmsis_os.h
      Source file:   CMSIS/RTOS/RTX/UserCodeTemplates/MailQueue.c
      Source file:   CMSIS/RTOS/RTX/UserCodeTemplates/Semaphore.c
      Source file:   CMSIS/RTOS/RTX/UserCodeTemplates/Mutex.c
      Source file:   CMSIS/RTOS/RTX/SRC/ARM/SVC_Table.s
      Source file:   CMSIS/RTOS/RTX/UserCodeTemplates/Thread.c
      Source file:   CMSIS/RTOS/RTX/UserCodeTemplates/MemPool.c
      Include file:  CMSIS/RTOS/RTX/UserCodeTemplates/osObjects.h
      Library file:  CMSIS/RTOS/RTX/LIB/ARM/RTX_CM3.lib

   * Component: Keil::Board Support&MCBSTM32E:A/D Converter@2.0.0
      Source file:   Boards/Keil/MCBSTM32E/Common/ADC_MCBSTM32E.c

   * Component: Keil::Board Support&MCBSTM32E:Buttons@2.0.0
      Source file:   Boards/Keil/MCBSTM32E/Common/Buttons_MCBSTM32E.c

   * Component: Keil::Board Support&MCBSTM32E:LED@2.0.0
      Source file:   Boards/Keil/MCBSTM32E/Common/LED_MCBSTM32E.c

   * Component: Keil::Device:GPIO@1.3
      Source file:   RTE_Driver/GPIO_STM32F10x.c
      Include file:  RTE_Driver/GPIO_STM32F10x.h

   * Component: Keil::Device:Startup@1.0.0
      Source file:   Device/Source/ARM/startup_stm32f10x_hd.s
      Include file:  RTE_Driver/Config/RTE_Device.h
      Source file:   Device/Source/system_stm32f10x.c
      Source file:   Device/Source/ARM/STM32F1xx_OPT.s
Build Time Elapsed:  00:00:01
</pre>
</body>
</html>
